2021-07-16 23:32:56 <Response [200]>
2021-07-16 23:32:57 <Response [200]>
2021-07-16 23:32:57 <Response [200]>
2021-07-16 23:32:57 <Response [200]>
2021-07-16 23:32:57 <Response [200]>
2021-07-16 23:32:57 <Response [200]>
2021-07-16 23:32:57 <Response [200]>
2021-07-16 23:32:57 <Response [200]>
2021-07-16 23:32:57 <Response [200]>
2021-07-16 23:32:57 <Response [200]>
2021-07-16 23:32:57 <Response [200]>
2021-07-16 23:32:57 <Response [200]>
2021-07-16 23:32:57 <Response [200]>
2021-07-16 23:32:57 <Response [200]>
2021-07-16 23:32:57 <Response [200]>
2021-07-16 23:32:57 <Response [200]>
2021-07-16 23:32:57 <Response [200]>
2021-07-16 23:32:57 <Response [200]>
2021-07-16 23:32:57 <Response [200]>
2021-07-16 23:32:57 <Response [200]>
2021-07-16 23:32:57 <Response [200]>
2021-07-16 23:32:57 <Response [200]>
2021-07-16 23:32:57 <Response [200]>
2021-07-16 23:32:57 <Response [200]>
2021-07-16 23:32:57 <Response [200]>
2021-07-16 23:32:57 <Response [200]>
2021-07-16 23:32:57 <Response [200]>
2021-07-16 23:32:57 <Response [200]>
2021-07-16 23:32:57 <Response [200]>
2021-07-16 23:32:57 <Response [200]>
2021-07-16 23:32:57 <Response [200]>
2021-07-16 23:32:57 <Response [200]>
2021-07-16 23:32:57 <Response [200]>
2021-07-16 23:32:57 <Response [200]>
2021-07-16 23:32:57 <Response [200]>
2021-07-16 23:32:57 <Response [200]>
2021-07-16 23:32:57 <Response [200]>
2021-07-16 23:32:57 <Response [200]>
2021-07-16 23:32:57 <Response [200]>
2021-07-16 23:32:57 <Response [200]>
2021-07-16 23:32:57 <Response [200]>
2021-07-16 23:32:57 <Response [200]>
2021-07-16 23:32:57 <Response [200]>
2021-07-16 23:32:57 <Response [200]>
2021-07-16 23:32:57 <Response [200]>
2021-07-16 23:32:57 <Response [200]>
2021-07-16 23:32:57 <Response [200]>
2021-07-16 23:32:57 <Response [200]>
2021-07-16 23:32:57 <Response [200]>
2021-07-16 23:32:57 <Response [200]>
2021-07-16 23:32:57 <Response [200]>
2021-07-16 23:32:57 <Response [200]>
2021-07-16 23:32:57 <Response [200]>
2021-07-16 23:32:57 <Response [200]>
2021-07-16 23:32:57 <Response [200]>
2021-07-16 23:32:57 <Response [200]>
2021-07-16 23:32:57 <Response [200]>
2021-07-16 23:32:57 <Response [200]>
2021-07-16 23:32:57 <Response [200]>
2021-07-16 23:32:57 <Response [200]>
2021-07-16 23:32:57 <Response [200]>
2021-07-16 23:32:57 <Response [200]>
2021-07-16 23:32:57 <Response [200]>
2021-07-16 23:32:57 <Response [200]>
2021-07-16 23:32:57 <Response [200]>
2021-07-16 23:32:57 <Response [200]>
2021-07-16 23:32:57 <Response [200]>
2021-07-16 23:32:57 <Response [200]>
2021-07-16 23:32:57 <Response [200]>
2021-07-16 23:32:57 <Response [200]>
2021-07-16 23:32:57 <Response [200]>
2021-07-16 23:32:57 <Response [200]>
2021-07-16 23:32:57 <Response [200]>
2021-07-16 23:32:57 <Response [200]>
2021-07-16 23:32:57 <Response [200]>
2021-07-16 23:32:57 <Response [200]>
2021-07-16 23:32:57 <Response [200]>
2021-07-16 23:32:57 <Response [200]>
2021-07-16 23:32:57 <Response [200]>
2021-07-16 23:32:57 <Response [200]>
2021-07-16 23:32:57 <Response [200]>
2021-07-16 23:32:57 <Response [200]>
2021-07-16 23:32:57 <Response [200]>
2021-07-16 23:32:57 <Response [200]>
2021-07-16 23:32:57 <Response [200]>
2021-07-16 23:32:57 <Response [200]>
2021-07-16 23:32:57 <Response [200]>
2021-07-16 23:32:57 <Response [200]>
2021-07-16 23:32:57 <Response [200]>
2021-07-16 23:32:57 <Response [200]>
2021-07-16 23:32:57 <Response [200]>
2021-07-16 23:32:57 <Response [200]>
2021-07-16 23:32:57 <Response [200]>
2021-07-16 23:32:57 <Response [200]>
2021-07-16 23:32:57 <Response [200]>
2021-07-16 23:32:57 <Response [200]>
2021-07-16 23:32:57 <Response [200]>
2021-07-16 23:32:57 <Response [200]>
2021-07-16 23:32:57 <Response [200]>
2021-07-16 23:32:58 <Response [200]>
2021-07-16 23:32:58 <Response [200]>
2021-07-16 23:32:58 <Response [200]>
2021-07-16 23:32:58 <Response [200]>
2021-07-16 23:32:58 <Response [200]>
2021-07-16 23:32:58 <Response [200]>
2021-07-16 23:32:58 <Response [200]>
2021-07-16 23:32:58 <Response [200]>
2021-07-16 23:32:58 <Response [200]>
2021-07-16 23:32:58 <Response [200]>
2021-07-16 23:32:58 <Response [200]>
2021-07-16 23:32:58 <Response [200]>
2021-07-16 23:32:58 <Response [200]>
2021-07-16 23:32:58 <Response [200]>
2021-07-16 23:32:58 <Response [200]>
2021-07-16 23:32:58 <Response [200]>
2021-07-16 23:32:58 <Response [200]>
2021-07-16 23:32:58 <Response [200]>
2021-07-16 23:32:58 <Response [200]>
2021-07-16 23:32:58 <Response [200]>
2021-07-16 23:32:58 <Response [200]>
2021-07-16 23:32:58 <Response [200]>
2021-07-16 23:32:58 <Response [200]>
2021-07-16 23:32:58 <Response [200]>
2021-07-16 23:32:58 <Response [200]>
2021-07-16 23:32:58 <Response [200]>
2021-07-16 23:32:58 <Response [200]>
2021-07-16 23:32:58 <Response [200]>
2021-07-16 23:32:58 <Response [200]>
2021-07-16 23:32:58 <Response [200]>
2021-07-16 23:32:58 <Response [200]>
2021-07-16 23:32:58 <Response [200]>
2021-07-16 23:32:58 <Response [200]>
2021-07-16 23:32:58 <Response [200]>
2021-07-16 23:32:58 <Response [200]>
2021-07-16 23:32:58 <Response [200]>
2021-07-16 23:32:58 <Response [200]>
2021-07-16 23:32:58 <Response [200]>
2021-07-16 23:32:58 <Response [200]>
2021-07-16 23:32:58 <Response [200]>
2021-07-16 23:32:58 <Response [200]>
2021-07-16 23:32:58 <Response [200]>
2021-07-16 23:32:58 <Response [200]>
2021-07-16 23:32:58 <Response [200]>
2021-07-16 23:32:58 <Response [200]>
2021-07-16 23:32:58 <Response [200]>
2021-07-16 23:32:58 <Response [200]>
2021-07-16 23:32:58 <Response [200]>
2021-07-16 23:32:58 <Response [200]>
2021-07-16 23:32:58 <Response [200]>
2021-07-16 23:32:58 <Response [200]>
2021-07-16 23:32:58 <Response [200]>
2021-07-16 23:32:58 <Response [200]>
2021-07-16 23:32:58 <Response [200]>
2021-07-16 23:32:58 <Response [200]>
2021-07-16 23:32:58 <Response [200]>
2021-07-16 23:32:58 <Response [200]>
2021-07-16 23:32:58 <Response [200]>
2021-07-16 23:32:58 <Response [200]>
2021-07-16 23:32:58 <Response [200]>
2021-07-16 23:32:58 <Response [200]>
2021-07-16 23:32:58 <Response [200]>
2021-07-16 23:32:58 <Response [200]>
2021-07-16 23:32:58 <Response [200]>
2021-07-16 23:32:59 <Response [200]>
2021-07-16 23:32:59 <Response [200]>
2021-07-16 23:32:59 <Response [200]>
2021-07-16 23:32:59 <Response [200]>
2021-07-16 23:32:59 <Response [200]>
2021-07-16 23:32:59 <Response [200]>
2021-07-16 23:32:59 <Response [200]>
2021-07-16 23:32:59 <Response [200]>
2021-07-16 23:32:59 <Response [200]>
2021-07-16 23:32:59 <Response [200]>
2021-07-16 23:32:59 <Response [200]>
2021-07-16 23:32:59 <Response [200]>
2021-07-16 23:32:59 <Response [200]>
2021-07-16 23:32:59 <Response [200]>
2021-07-16 23:32:59 <Response [200]>
2021-07-16 23:32:59 <Response [200]>
2021-07-16 23:32:59 <Response [200]>
2021-07-16 23:32:59 <Response [200]>
2021-07-16 23:32:59 <Response [200]>
2021-07-16 23:32:59 <Response [200]>
2021-07-16 23:32:59 <Response [200]>
2021-07-16 23:32:59 <Response [200]>
2021-07-16 23:32:59 <Response [200]>
2021-07-16 23:32:59 <Response [200]>
2021-07-16 23:32:59 <Response [200]>
2021-07-16 23:32:59 <Response [200]>
2021-07-16 23:32:59 <Response [200]>
2021-07-16 23:32:59 <Response [200]>
2021-07-16 23:32:59 <Response [200]>
2021-07-16 23:32:59 <Response [200]>
2021-07-16 23:32:59 <Response [200]>
2021-07-16 23:32:59 <Response [200]>
2021-07-16 23:32:59 <Response [200]>
2021-07-16 23:32:59 <Response [200]>
2021-07-16 23:32:59 <Response [200]>
2021-07-16 23:32:59 <Response [200]>
2021-07-16 23:32:59 <Response [200]>
2021-07-16 23:32:59 <Response [200]>
2021-07-16 23:32:59 <Response [200]>
2021-07-16 23:32:59 <Response [200]>
2021-07-16 23:32:59 <Response [200]>
2021-07-16 23:32:59 <Response [200]>
2021-07-16 23:32:59 <Response [200]>
2021-07-16 23:32:59 <Response [200]>
2021-07-16 23:32:59 <Response [200]>
2021-07-16 23:32:59 <Response [200]>
2021-07-16 23:32:59 <Response [200]>
2021-07-16 23:32:59 <Response [200]>
2021-07-16 23:32:59 <Response [200]>
2021-07-16 23:32:59 <Response [200]>
2021-07-16 23:32:59 <Response [200]>
2021-07-16 23:32:59 <Response [200]>
2021-07-16 23:32:59 <Response [200]>
2021-07-16 23:32:59 <Response [200]>
2021-07-16 23:32:59 <Response [200]>
2021-07-16 23:32:59 <Response [200]>
2021-07-16 23:32:59 <Response [200]>
2021-07-16 23:32:59 <Response [200]>
2021-07-16 23:32:59 <Response [200]>
2021-07-16 23:32:59 <Response [200]>
2021-07-16 23:32:59 <Response [200]>
2021-07-16 23:33:00 <Response [200]>
2021-07-16 23:33:00 <Response [200]>
2021-07-16 23:33:00 <Response [200]>
2021-07-16 23:33:00 <Response [200]>
2021-07-16 23:33:00 <Response [200]>
2021-07-16 23:33:00 <Response [200]>
2021-07-16 23:33:00 <Response [200]>
2021-07-16 23:33:00 <Response [200]>
2021-07-16 23:33:00 <Response [200]>
2021-07-16 23:33:00 <Response [200]>
2021-07-16 23:33:00 <Response [200]>
2021-07-16 23:33:00 <Response [200]>
2021-07-16 23:33:00 <Response [200]>
2021-07-16 23:33:00 <Response [200]>
2021-07-16 23:33:00 <Response [200]>
2021-07-16 23:33:00 <Response [200]>
2021-07-16 23:33:00 <Response [200]>
2021-07-16 23:33:00 <Response [200]>
2021-07-16 23:33:00 <Response [200]>
2021-07-16 23:33:00 <Response [200]>
2021-07-16 23:33:00 <Response [200]>
2021-07-16 23:33:00 <Response [200]>
2021-07-16 23:33:00 <Response [200]>
2021-07-16 23:33:00 <Response [200]>
2021-07-16 23:33:00 <Response [200]>
2021-07-16 23:33:00 <Response [200]>
2021-07-16 23:33:00 <Response [200]>
2021-07-16 23:33:00 <Response [200]>
2021-07-16 23:33:00 <Response [200]>
2021-07-16 23:33:00 <Response [200]>
2021-07-16 23:33:00 <Response [200]>
2021-07-16 23:33:00 <Response [200]>
2021-07-16 23:33:00 <Response [200]>
2021-07-16 23:33:00 <Response [200]>
2021-07-16 23:33:00 <Response [200]>
2021-07-16 23:33:00 <Response [200]>
2021-07-16 23:33:00 <Response [200]>
2021-07-16 23:33:00 <Response [200]>
2021-07-16 23:33:00 <Response [200]>
2021-07-16 23:33:00 <Response [200]>
2021-07-16 23:33:00 <Response [200]>
2021-07-16 23:33:00 <Response [200]>
2021-07-16 23:33:00 <Response [200]>
2021-07-16 23:33:00 <Response [200]>
2021-07-16 23:33:00 <Response [200]>
2021-07-16 23:33:00 <Response [200]>
2021-07-16 23:33:00 <Response [200]>
2021-07-16 23:33:00 <Response [200]>
2021-07-16 23:33:00 <Response [200]>
2021-07-16 23:33:00 <Response [200]>
2021-07-16 23:33:00 <Response [200]>
2021-07-16 23:33:00 <Response [200]>
2021-07-16 23:33:00 <Response [200]>
2021-07-16 23:33:00 <Response [200]>
2021-07-16 23:33:00 <Response [200]>
2021-07-16 23:33:00 <Response [200]>
2021-07-16 23:33:00 <Response [200]>
2021-07-16 23:33:00 <Response [200]>
2021-07-16 23:33:00 <Response [200]>
2021-07-16 23:33:01 <Response [200]>
2021-07-16 23:33:01 <Response [200]>
2021-07-16 23:33:01 <Response [200]>
2021-07-16 23:33:01 <Response [200]>
2021-07-16 23:33:01 <Response [200]>
2021-07-16 23:33:01 <Response [200]>
2021-07-16 23:33:01 <Response [200]>
2021-07-16 23:33:01 <Response [200]>
2021-07-16 23:33:01 <Response [200]>
2021-07-16 23:33:01 <Response [200]>
2021-07-16 23:33:01 <Response [200]>
2021-07-16 23:33:01 <Response [200]>
2021-07-16 23:33:01 <Response [200]>
2021-07-16 23:33:01 <Response [200]>
2021-07-16 23:33:01 <Response [200]>
2021-07-16 23:33:01 <Response [200]>
2021-07-16 23:33:01 <Response [200]>
2021-07-16 23:33:01 <Response [200]>
2021-07-16 23:33:01 <Response [200]>
2021-07-16 23:33:01 <Response [200]>
2021-07-16 23:33:01 <Response [200]>
2021-07-16 23:33:01 <Response [200]>
2021-07-16 23:33:01 <Response [200]>
2021-07-16 23:33:01 <Response [200]>
2021-07-16 23:33:01 <Response [200]>
2021-07-16 23:33:01 <Response [200]>
2021-07-16 23:33:01 <Response [200]>
2021-07-16 23:33:01 <Response [200]>
2021-07-16 23:33:01 <Response [200]>
2021-07-16 23:33:01 <Response [200]>
2021-07-16 23:33:01 <Response [200]>
2021-07-16 23:33:01 <Response [200]>
2021-07-16 23:33:01 <Response [200]>
2021-07-16 23:33:01 <Response [200]>
2021-07-16 23:33:01 <Response [200]>
2021-07-16 23:33:01 <Response [200]>
2021-07-16 23:33:01 <Response [200]>
2021-07-16 23:33:01 <Response [200]>
2021-07-16 23:33:01 <Response [200]>
2021-07-16 23:33:01 <Response [200]>
2021-07-16 23:33:01 <Response [200]>
2021-07-16 23:33:01 <Response [200]>
2021-07-16 23:33:01 <Response [200]>
2021-07-16 23:33:01 <Response [200]>
2021-07-16 23:33:01 <Response [200]>
2021-07-16 23:33:01 <Response [200]>
2021-07-16 23:33:01 <Response [200]>
2021-07-16 23:33:01 <Response [200]>
2021-07-16 23:33:01 <Response [200]>
2021-07-16 23:33:01 <Response [200]>
2021-07-16 23:33:01 <Response [200]>
2021-07-16 23:33:01 <Response [200]>
2021-07-16 23:33:01 <Response [200]>
2021-07-16 23:33:01 <Response [200]>
2021-07-16 23:33:01 <Response [200]>
2021-07-16 23:33:01 <Response [200]>
2021-07-16 23:33:01 <Response [200]>
2021-07-16 23:33:01 <Response [200]>
2021-07-16 23:33:01 <Response [200]>
2021-07-16 23:33:01 <Response [200]>
2021-07-16 23:33:01 <Response [200]>
2021-07-16 23:33:02 <Response [200]>
2021-07-16 23:33:02 <Response [200]>
2021-07-16 23:33:02 <Response [200]>
2021-07-16 23:33:02 <Response [200]>
2021-07-16 23:33:02 <Response [200]>
2021-07-16 23:33:02 <Response [200]>
2021-07-16 23:33:02 <Response [200]>
2021-07-16 23:33:02 <Response [200]>
2021-07-16 23:33:02 <Response [200]>
2021-07-16 23:33:02 <Response [200]>
2021-07-16 23:33:02 <Response [200]>
2021-07-16 23:33:02 <Response [200]>
2021-07-16 23:33:02 <Response [200]>
2021-07-16 23:33:02 <Response [200]>
2021-07-16 23:33:02 <Response [200]>
2021-07-16 23:33:02 <Response [200]>
2021-07-16 23:33:02 <Response [200]>
2021-07-16 23:33:02 <Response [200]>
2021-07-16 23:33:02 <Response [200]>
2021-07-16 23:33:02 <Response [200]>
2021-07-16 23:33:02 <Response [200]>
2021-07-16 23:33:02 <Response [200]>
2021-07-16 23:33:02 <Response [200]>
2021-07-16 23:33:02 <Response [200]>
2021-07-16 23:33:02 <Response [200]>
2021-07-16 23:33:02 <Response [200]>
2021-07-16 23:33:02 <Response [200]>
2021-07-16 23:33:02 <Response [200]>
2021-07-16 23:33:02 <Response [200]>
2021-07-16 23:33:02 <Response [200]>
2021-07-16 23:33:02 <Response [200]>
2021-07-16 23:33:02 <Response [200]>
2021-07-16 23:33:02 <Response [200]>
2021-07-16 23:33:02 <Response [200]>
2021-07-16 23:33:02 <Response [200]>
2021-07-16 23:33:02 <Response [200]>
2021-07-16 23:33:02 <Response [200]>
2021-07-16 23:33:02 <Response [200]>
2021-07-16 23:33:02 <Response [200]>
2021-07-16 23:33:02 <Response [200]>
2021-07-16 23:33:02 <Response [200]>
2021-07-16 23:33:02 <Response [200]>
2021-07-16 23:33:02 <Response [200]>
2021-07-16 23:33:02 <Response [200]>
2021-07-16 23:33:02 <Response [200]>
2021-07-16 23:33:02 <Response [200]>
2021-07-16 23:33:02 <Response [200]>
2021-07-16 23:33:02 <Response [200]>
2021-07-16 23:33:02 <Response [200]>
2021-07-16 23:33:02 <Response [200]>
2021-07-16 23:33:02 <Response [200]>
2021-07-16 23:33:02 <Response [200]>
2021-07-16 23:33:02 <Response [200]>
2021-07-16 23:33:02 <Response [200]>
2021-07-16 23:33:02 <Response [200]>
2021-07-16 23:33:02 <Response [200]>
2021-07-16 23:33:02 <Response [200]>
2021-07-16 23:33:02 <Response [200]>
2021-07-16 23:33:02 <Response [200]>
2021-07-16 23:33:02 <Response [200]>
2021-07-16 23:33:02 <Response [200]>
2021-07-16 23:33:02 <Response [200]>
2021-07-16 23:33:02 <Response [200]>
2021-07-16 23:33:02 <Response [200]>
2021-07-16 23:33:02 <Response [200]>
2021-07-16 23:33:02 <Response [200]>
2021-07-16 23:33:03 <Response [200]>
2021-07-16 23:33:03 <Response [200]>
2021-07-16 23:33:03 <Response [200]>
2021-07-16 23:33:03 <Response [200]>
2021-07-16 23:33:03 <Response [200]>
2021-07-16 23:33:03 <Response [200]>
2021-07-16 23:33:03 <Response [200]>
2021-07-16 23:33:03 <Response [200]>
2021-07-16 23:33:03 <Response [200]>
2021-07-16 23:33:03 <Response [200]>
2021-07-16 23:33:03 <Response [200]>
2021-07-16 23:33:03 <Response [200]>
2021-07-16 23:33:03 <Response [200]>
2021-07-16 23:33:03 <Response [200]>
2021-07-16 23:33:03 <Response [200]>
2021-07-16 23:33:03 <Response [200]>
2021-07-16 23:33:03 <Response [200]>
2021-07-16 23:33:03 <Response [200]>
2021-07-16 23:33:03 <Response [200]>
2021-07-16 23:33:03 <Response [200]>
2021-07-16 23:33:03 <Response [200]>
2021-07-16 23:33:03 <Response [200]>
2021-07-16 23:33:03 <Response [200]>
2021-07-16 23:33:03 <Response [200]>
2021-07-16 23:33:03 <Response [200]>
2021-07-16 23:33:03 <Response [200]>
2021-07-16 23:33:03 <Response [200]>
2021-07-16 23:33:03 <Response [200]>
2021-07-16 23:33:03 <Response [200]>
2021-07-16 23:33:03 <Response [200]>
2021-07-16 23:33:03 <Response [200]>
2021-07-16 23:33:03 <Response [200]>
2021-07-16 23:33:03 <Response [200]>
2021-07-16 23:33:03 <Response [200]>
2021-07-16 23:33:03 <Response [200]>
2021-07-16 23:33:03 <Response [200]>
2021-07-16 23:33:03 <Response [200]>
2021-07-16 23:33:03 <Response [200]>
2021-07-16 23:33:03 <Response [200]>
2021-07-16 23:33:03 <Response [200]>
2021-07-16 23:33:03 <Response [200]>
2021-07-16 23:33:03 <Response [200]>
2021-07-16 23:33:03 <Response [200]>
2021-07-16 23:33:03 <Response [200]>
2021-07-16 23:33:03 <Response [200]>
2021-07-16 23:33:03 <Response [200]>
2021-07-16 23:33:03 <Response [200]>
2021-07-16 23:33:03 <Response [200]>
2021-07-16 23:33:03 <Response [200]>
2021-07-16 23:33:03 <Response [200]>
2021-07-16 23:33:03 <Response [200]>
2021-07-16 23:33:03 <Response [200]>
2021-07-16 23:33:03 <Response [200]>
2021-07-16 23:33:03 <Response [200]>
2021-07-16 23:33:03 <Response [200]>
2021-07-16 23:33:03 <Response [200]>
2021-07-16 23:33:03 <Response [200]>
2021-07-16 23:33:03 <Response [200]>
2021-07-16 23:33:03 <Response [200]>
2021-07-16 23:33:03 <Response [200]>
2021-07-16 23:33:03 <Response [200]>
2021-07-16 23:33:03 <Response [200]>
2021-07-16 23:33:04 <Response [200]>
2021-07-16 23:33:04 <Response [200]>
2021-07-16 23:33:04 <Response [200]>
2021-07-16 23:33:04 <Response [200]>
2021-07-16 23:33:04 <Response [200]>
2021-07-16 23:33:04 <Response [200]>
2021-07-16 23:33:04 <Response [200]>
2021-07-16 23:33:04 <Response [200]>
2021-07-16 23:33:04 <Response [200]>
2021-07-16 23:33:04 <Response [200]>
2021-07-16 23:33:04 <Response [200]>
2021-07-16 23:33:04 <Response [200]>
2021-07-16 23:33:04 <Response [200]>
2021-07-16 23:33:04 <Response [200]>
2021-07-16 23:33:04 <Response [200]>
2021-07-16 23:33:04 <Response [200]>
2021-07-16 23:33:04 <Response [200]>
2021-07-16 23:33:04 <Response [200]>
2021-07-16 23:33:04 <Response [200]>
2021-07-16 23:33:04 <Response [200]>
2021-07-16 23:33:04 <Response [200]>
2021-07-16 23:33:04 <Response [200]>
2021-07-16 23:33:04 <Response [200]>
2021-07-16 23:33:04 <Response [200]>
2021-07-16 23:33:04 <Response [200]>
2021-07-16 23:33:04 <Response [200]>
2021-07-16 23:33:04 <Response [200]>
2021-07-16 23:33:04 <Response [200]>
2021-07-16 23:33:04 <Response [200]>
2021-07-16 23:33:04 <Response [200]>
2021-07-16 23:33:04 <Response [200]>
2021-07-16 23:33:04 <Response [200]>
2021-07-16 23:33:04 <Response [200]>
2021-07-16 23:33:04 <Response [200]>
2021-07-16 23:33:04 <Response [200]>
2021-07-16 23:33:04 <Response [200]>
2021-07-16 23:33:04 <Response [200]>
2021-07-16 23:33:04 <Response [200]>
2021-07-16 23:33:04 <Response [200]>
2021-07-16 23:33:04 <Response [200]>
2021-07-16 23:33:04 <Response [200]>
2021-07-16 23:33:04 <Response [200]>
2021-07-16 23:33:04 <Response [200]>
2021-07-16 23:33:04 <Response [200]>
2021-07-16 23:33:04 <Response [200]>
2021-07-16 23:33:04 <Response [200]>
2021-07-16 23:33:04 <Response [200]>
2021-07-16 23:33:04 <Response [200]>
2021-07-16 23:33:04 <Response [200]>
2021-07-16 23:33:04 <Response [200]>
2021-07-16 23:33:04 <Response [200]>
2021-07-16 23:33:04 <Response [200]>
2021-07-16 23:33:04 <Response [200]>
2021-07-16 23:33:04 <Response [200]>
2021-07-16 23:33:04 <Response [200]>
2021-07-16 23:33:04 <Response [200]>
2021-07-16 23:33:04 <Response [200]>
2021-07-16 23:33:04 <Response [200]>
2021-07-16 23:33:04 <Response [200]>
2021-07-16 23:33:05 <Response [200]>
2021-07-16 23:33:05 <Response [200]>
2021-07-16 23:33:05 <Response [200]>
2021-07-16 23:33:05 <Response [200]>
2021-07-16 23:33:05 <Response [200]>
2021-07-16 23:33:05 <Response [200]>
2021-07-16 23:33:05 <Response [200]>
2021-07-16 23:33:05 <Response [200]>
2021-07-16 23:33:05 <Response [200]>
2021-07-16 23:33:05 <Response [200]>
2021-07-16 23:33:05 <Response [200]>
2021-07-16 23:33:05 <Response [200]>
2021-07-16 23:33:05 <Response [200]>
2021-07-16 23:33:05 <Response [200]>
2021-07-16 23:33:05 <Response [200]>
2021-07-16 23:33:05 <Response [200]>
2021-07-16 23:33:05 <Response [200]>
2021-07-16 23:33:05 <Response [200]>
2021-07-16 23:33:05 <Response [200]>
2021-07-16 23:33:05 <Response [200]>
2021-07-16 23:33:05 <Response [200]>
2021-07-16 23:33:05 <Response [200]>
2021-07-16 23:33:05 <Response [200]>
2021-07-16 23:33:05 <Response [200]>
2021-07-16 23:33:05 <Response [200]>
2021-07-16 23:33:05 <Response [200]>
2021-07-16 23:33:05 <Response [200]>
2021-07-16 23:33:05 <Response [200]>
2021-07-16 23:33:05 <Response [200]>
2021-07-16 23:33:05 <Response [200]>
2021-07-16 23:33:05 <Response [200]>
2021-07-16 23:33:05 <Response [200]>
2021-07-16 23:33:05 <Response [200]>
2021-07-16 23:33:05 <Response [200]>
2021-07-16 23:33:05 <Response [200]>
2021-07-16 23:33:05 <Response [200]>
2021-07-16 23:33:05 <Response [200]>
2021-07-16 23:33:05 <Response [200]>
2021-07-16 23:33:05 <Response [200]>
2021-07-16 23:33:05 <Response [200]>
2021-07-16 23:33:05 <Response [200]>
2021-07-16 23:33:05 <Response [200]>
2021-07-16 23:33:05 <Response [200]>
2021-07-16 23:33:05 <Response [200]>
2021-07-16 23:33:05 <Response [200]>
2021-07-16 23:33:05 <Response [200]>
2021-07-16 23:33:05 <Response [200]>
2021-07-16 23:33:05 <Response [200]>
2021-07-16 23:33:05 <Response [200]>
2021-07-16 23:33:05 <Response [200]>
2021-07-16 23:33:05 <Response [200]>
2021-07-16 23:33:05 <Response [200]>
2021-07-16 23:33:05 <Response [200]>
2021-07-16 23:33:05 <Response [200]>
2021-07-16 23:33:05 <Response [200]>
2021-07-16 23:33:05 <Response [200]>
2021-07-16 23:33:05 <Response [200]>
2021-07-16 23:33:05 <Response [200]>
2021-07-16 23:33:05 <Response [200]>
2021-07-16 23:33:05 <Response [200]>
2021-07-16 23:33:05 <Response [200]>
2021-07-16 23:33:05 <Response [200]>
2021-07-16 23:33:06 <Response [200]>
2021-07-16 23:33:06 <Response [200]>
2021-07-16 23:33:06 <Response [200]>
2021-07-16 23:33:06 <Response [200]>
2021-07-16 23:33:06 <Response [200]>
2021-07-16 23:33:06 <Response [200]>
2021-07-16 23:33:06 <Response [200]>
2021-07-16 23:33:06 <Response [200]>
2021-07-16 23:33:06 <Response [200]>
2021-07-16 23:33:06 <Response [200]>
2021-07-16 23:33:06 <Response [200]>
2021-07-16 23:33:06 <Response [200]>
2021-07-16 23:33:06 <Response [200]>
2021-07-16 23:33:06 <Response [200]>
2021-07-16 23:33:06 <Response [200]>
2021-07-16 23:33:06 <Response [200]>
2021-07-16 23:33:06 <Response [200]>
2021-07-16 23:33:06 <Response [200]>
2021-07-16 23:33:06 <Response [200]>
2021-07-16 23:33:06 <Response [200]>
2021-07-16 23:33:06 <Response [200]>
2021-07-16 23:33:06 <Response [200]>
2021-07-16 23:33:06 <Response [200]>
2021-07-16 23:33:06 <Response [200]>
2021-07-16 23:33:06 <Response [200]>
2021-07-16 23:33:06 <Response [200]>
2021-07-16 23:33:06 <Response [200]>
2021-07-16 23:33:06 <Response [200]>
2021-07-16 23:33:06 <Response [200]>
2021-07-16 23:33:06 <Response [200]>
2021-07-16 23:33:06 <Response [200]>
2021-07-16 23:33:06 <Response [200]>
2021-07-16 23:33:06 <Response [200]>
2021-07-16 23:33:06 <Response [200]>
2021-07-16 23:33:06 <Response [200]>
2021-07-16 23:33:06 <Response [200]>
2021-07-16 23:33:06 <Response [200]>
2021-07-16 23:33:06 <Response [200]>
2021-07-16 23:33:06 <Response [200]>
2021-07-16 23:33:06 <Response [200]>
2021-07-16 23:33:06 <Response [200]>
2021-07-16 23:33:06 <Response [200]>
2021-07-16 23:33:06 <Response [200]>
2021-07-16 23:33:06 <Response [200]>
2021-07-16 23:33:06 <Response [200]>
2021-07-16 23:33:06 <Response [200]>
2021-07-16 23:33:06 <Response [200]>
2021-07-16 23:33:06 <Response [200]>
2021-07-16 23:33:06 <Response [200]>
2021-07-16 23:33:06 <Response [200]>
2021-07-16 23:33:06 <Response [200]>
2021-07-16 23:33:06 <Response [200]>
2021-07-16 23:33:06 <Response [200]>
2021-07-16 23:33:06 <Response [200]>
2021-07-16 23:33:06 <Response [200]>
2021-07-16 23:33:06 <Response [200]>
2021-07-16 23:33:06 <Response [200]>
2021-07-16 23:33:06 <Response [200]>
2021-07-16 23:33:06 <Response [200]>
2021-07-16 23:33:06 <Response [200]>
2021-07-16 23:33:06 <Response [200]>
2021-07-16 23:33:06 <Response [200]>
2021-07-16 23:33:06 <Response [200]>
2021-07-16 23:33:06 <Response [200]>
2021-07-16 23:33:06 <Response [200]>
2021-07-16 23:33:06 <Response [200]>
2021-07-16 23:33:06 <Response [200]>
2021-07-16 23:33:06 <Response [200]>
2021-07-16 23:33:06 <Response [200]>
2021-07-16 23:33:06 <Response [200]>
2021-07-16 23:33:07 <Response [200]>
2021-07-16 23:33:07 <Response [200]>
2021-07-16 23:33:07 <Response [200]>
2021-07-16 23:33:07 <Response [200]>
2021-07-16 23:33:07 <Response [200]>
2021-07-16 23:33:07 <Response [200]>
2021-07-16 23:33:07 <Response [200]>
2021-07-16 23:33:07 <Response [200]>
2021-07-16 23:33:07 <Response [200]>
2021-07-16 23:33:07 <Response [200]>
2021-07-16 23:33:07 <Response [200]>
2021-07-16 23:33:07 <Response [200]>
2021-07-16 23:33:07 <Response [200]>
2021-07-16 23:33:07 <Response [200]>
2021-07-16 23:33:07 <Response [200]>
2021-07-16 23:33:07 <Response [200]>
2021-07-16 23:33:07 <Response [200]>
2021-07-16 23:33:07 <Response [200]>
2021-07-16 23:33:07 <Response [200]>
2021-07-16 23:33:07 <Response [200]>
2021-07-16 23:33:07 <Response [200]>
2021-07-16 23:33:07 <Response [200]>
2021-07-16 23:33:07 <Response [200]>
2021-07-16 23:33:07 <Response [200]>
2021-07-16 23:33:07 <Response [200]>
2021-07-16 23:33:07 <Response [200]>
2021-07-16 23:33:07 <Response [200]>
2021-07-16 23:33:07 <Response [200]>
2021-07-16 23:33:07 <Response [200]>
2021-07-16 23:33:07 <Response [200]>
2021-07-16 23:33:07 <Response [200]>
2021-07-16 23:33:07 <Response [200]>
2021-07-16 23:33:07 <Response [200]>
2021-07-16 23:33:07 <Response [200]>
2021-07-16 23:33:07 <Response [200]>
2021-07-16 23:33:07 <Response [200]>
2021-07-16 23:33:07 <Response [200]>
2021-07-16 23:33:07 <Response [200]>
2021-07-16 23:33:07 <Response [200]>
2021-07-16 23:33:07 <Response [200]>
2021-07-16 23:33:07 <Response [200]>
2021-07-16 23:33:07 <Response [200]>
2021-07-16 23:33:07 <Response [200]>
2021-07-16 23:33:07 <Response [200]>
2021-07-16 23:33:07 <Response [200]>
2021-07-16 23:33:07 <Response [200]>
2021-07-16 23:33:07 <Response [200]>
2021-07-16 23:33:07 <Response [200]>
2021-07-16 23:33:07 <Response [200]>
2021-07-16 23:33:07 <Response [200]>
2021-07-16 23:33:07 <Response [200]>
2021-07-16 23:33:07 <Response [200]>
2021-07-16 23:33:07 <Response [200]>
2021-07-16 23:33:07 <Response [200]>
2021-07-16 23:33:07 <Response [200]>
2021-07-16 23:33:07 <Response [200]>
2021-07-16 23:33:07 <Response [200]>
2021-07-16 23:33:07 <Response [200]>
2021-07-16 23:33:07 <Response [200]>
2021-07-16 23:33:07 <Response [200]>
2021-07-16 23:33:08 <Response [200]>
2021-07-16 23:33:08 <Response [200]>
2021-07-16 23:33:08 <Response [200]>
2021-07-16 23:33:08 <Response [200]>
2021-07-16 23:33:08 <Response [200]>
2021-07-16 23:33:08 <Response [200]>
2021-07-16 23:33:08 <Response [200]>
2021-07-16 23:33:08 <Response [200]>
2021-07-16 23:33:08 <Response [200]>
2021-07-16 23:33:08 <Response [200]>
2021-07-16 23:33:08 <Response [200]>
2021-07-16 23:33:08 <Response [200]>
2021-07-16 23:33:08 <Response [200]>
2021-07-16 23:33:08 <Response [200]>
2021-07-16 23:33:08 <Response [200]>
2021-07-16 23:33:08 <Response [200]>
2021-07-16 23:33:08 <Response [200]>
2021-07-16 23:33:08 <Response [200]>
2021-07-16 23:33:08 <Response [200]>
2021-07-16 23:33:08 <Response [200]>
2021-07-16 23:33:08 <Response [200]>
2021-07-16 23:33:08 <Response [200]>
2021-07-16 23:33:08 <Response [200]>
2021-07-16 23:33:08 <Response [200]>
2021-07-16 23:33:08 <Response [200]>
2021-07-16 23:33:08 <Response [200]>
2021-07-16 23:33:08 <Response [200]>
2021-07-16 23:33:08 <Response [200]>
2021-07-16 23:33:08 <Response [200]>
2021-07-16 23:33:08 <Response [200]>
2021-07-16 23:33:08 <Response [200]>
2021-07-16 23:33:08 <Response [200]>
2021-07-16 23:33:08 <Response [200]>
2021-07-16 23:33:08 <Response [200]>
2021-07-16 23:33:08 <Response [200]>
2021-07-16 23:33:08 <Response [200]>
2021-07-16 23:33:08 <Response [200]>
2021-07-16 23:33:08 <Response [200]>
2021-07-16 23:33:08 <Response [200]>
2021-07-16 23:33:08 <Response [200]>
2021-07-16 23:33:08 <Response [200]>
2021-07-16 23:33:08 <Response [200]>
2021-07-16 23:33:08 <Response [200]>
2021-07-16 23:33:08 <Response [200]>
2021-07-16 23:33:08 <Response [200]>
2021-07-16 23:33:08 <Response [200]>
2021-07-16 23:33:08 <Response [200]>
2021-07-16 23:33:08 <Response [200]>
2021-07-16 23:33:08 <Response [200]>
2021-07-16 23:33:08 <Response [200]>
2021-07-16 23:33:08 <Response [200]>
2021-07-16 23:33:08 <Response [200]>
2021-07-16 23:33:08 <Response [200]>
2021-07-16 23:33:08 <Response [200]>
2021-07-16 23:33:08 <Response [200]>
2021-07-16 23:33:08 <Response [200]>
2021-07-16 23:33:08 <Response [200]>
2021-07-16 23:33:08 <Response [200]>
2021-07-16 23:33:08 <Response [200]>
2021-07-16 23:33:08 <Response [200]>
2021-07-16 23:33:08 <Response [200]>
2021-07-16 23:33:08 <Response [200]>
2021-07-16 23:33:08 <Response [200]>
2021-07-16 23:33:08 <Response [200]>
2021-07-16 23:33:08 <Response [200]>
2021-07-16 23:33:08 <Response [200]>
2021-07-16 23:33:08 <Response [200]>
2021-07-16 23:33:08 <Response [200]>
2021-07-16 23:33:08 <Response [200]>
2021-07-16 23:33:08 <Response [200]>
2021-07-16 23:33:08 <Response [200]>
2021-07-16 23:33:08 <Response [200]>
2021-07-16 23:33:08 <Response [200]>
2021-07-16 23:33:08 <Response [200]>
2021-07-16 23:33:09 <Response [200]>
2021-07-16 23:33:09 <Response [200]>
2021-07-16 23:33:09 <Response [200]>
2021-07-16 23:33:09 <Response [200]>
2021-07-16 23:33:09 <Response [200]>
2021-07-16 23:33:09 <Response [200]>
2021-07-16 23:33:09 <Response [200]>
2021-07-16 23:33:09 <Response [200]>
2021-07-16 23:33:09 <Response [200]>
2021-07-16 23:33:09 <Response [200]>
2021-07-16 23:33:09 <Response [200]>
2021-07-16 23:33:09 <Response [200]>
2021-07-16 23:33:09 <Response [200]>
2021-07-16 23:33:09 <Response [200]>
2021-07-16 23:33:09 <Response [200]>
2021-07-16 23:33:09 <Response [200]>
2021-07-16 23:33:09 <Response [200]>
2021-07-16 23:33:09 <Response [200]>
2021-07-16 23:33:09 <Response [200]>
2021-07-16 23:33:09 <Response [200]>
2021-07-16 23:33:09 <Response [200]>
2021-07-16 23:33:09 <Response [200]>
2021-07-16 23:33:09 <Response [200]>
2021-07-16 23:33:09 <Response [200]>
2021-07-16 23:33:09 <Response [200]>
2021-07-16 23:33:09 <Response [200]>
2021-07-16 23:33:09 <Response [200]>
2021-07-16 23:33:09 <Response [200]>
2021-07-16 23:33:09 <Response [200]>
2021-07-16 23:33:09 <Response [200]>
2021-07-16 23:33:09 <Response [200]>
2021-07-16 23:33:09 <Response [200]>
2021-07-16 23:33:09 <Response [200]>
2021-07-16 23:33:09 <Response [200]>
2021-07-16 23:33:09 <Response [200]>
2021-07-16 23:33:09 <Response [200]>
2021-07-16 23:33:09 <Response [200]>
2021-07-16 23:33:09 <Response [200]>
2021-07-16 23:33:09 <Response [200]>
2021-07-16 23:33:09 <Response [200]>
2021-07-16 23:33:09 <Response [200]>
2021-07-16 23:33:09 <Response [200]>
2021-07-16 23:33:09 <Response [200]>
2021-07-16 23:33:09 <Response [200]>
2021-07-16 23:33:09 <Response [200]>
2021-07-16 23:33:09 <Response [200]>
2021-07-16 23:33:09 <Response [200]>
2021-07-16 23:33:09 <Response [200]>
2021-07-16 23:33:09 <Response [200]>
2021-07-16 23:33:09 <Response [200]>
2021-07-16 23:33:09 <Response [200]>
2021-07-16 23:33:09 <Response [200]>
2021-07-16 23:33:09 <Response [200]>
2021-07-16 23:33:09 <Response [200]>
2021-07-16 23:33:09 <Response [200]>
2021-07-16 23:33:09 <Response [200]>
2021-07-16 23:33:09 <Response [200]>
2021-07-16 23:33:09 <Response [200]>
2021-07-16 23:33:09 <Response [200]>
2021-07-16 23:33:09 <Response [200]>
2021-07-16 23:33:10 <Response [200]>
2021-07-16 23:33:10 <Response [200]>
2021-07-16 23:33:10 <Response [200]>
2021-07-16 23:33:10 <Response [200]>
2021-07-16 23:33:10 <Response [200]>
2021-07-16 23:33:10 <Response [200]>
2021-07-16 23:33:10 <Response [200]>
2021-07-16 23:33:10 <Response [200]>
2021-07-16 23:33:10 <Response [200]>
2021-07-16 23:33:10 <Response [200]>
2021-07-16 23:33:10 <Response [200]>
2021-07-16 23:33:10 <Response [200]>
2021-07-16 23:33:10 <Response [200]>
2021-07-16 23:33:10 <Response [200]>
2021-07-16 23:33:10 <Response [200]>
2021-07-16 23:33:10 <Response [200]>
2021-07-16 23:33:10 <Response [200]>
2021-07-16 23:33:10 <Response [200]>
2021-07-16 23:33:10 <Response [200]>
2021-07-16 23:33:10 <Response [200]>
2021-07-16 23:33:10 <Response [200]>
2021-07-16 23:33:10 <Response [200]>
2021-07-16 23:33:10 <Response [200]>
2021-07-16 23:33:10 <Response [200]>
2021-07-16 23:33:10 <Response [200]>
2021-07-16 23:33:10 <Response [200]>
2021-07-16 23:33:10 <Response [200]>
2021-07-16 23:33:10 <Response [200]>
2021-07-16 23:33:10 <Response [200]>
2021-07-16 23:33:10 <Response [200]>
2021-07-16 23:33:10 <Response [200]>
2021-07-16 23:33:10 <Response [200]>
2021-07-16 23:33:10 <Response [200]>
2021-07-16 23:33:10 <Response [200]>
2021-07-16 23:33:10 <Response [200]>
2021-07-16 23:33:10 <Response [200]>
2021-07-16 23:33:10 <Response [200]>
2021-07-16 23:33:10 <Response [200]>
2021-07-16 23:33:10 <Response [200]>
2021-07-16 23:33:10 <Response [200]>
2021-07-16 23:33:10 <Response [200]>
2021-07-16 23:33:10 <Response [200]>
2021-07-16 23:33:10 <Response [200]>
2021-07-16 23:33:10 <Response [200]>
2021-07-16 23:33:10 <Response [200]>
2021-07-16 23:33:10 <Response [200]>
2021-07-16 23:33:10 <Response [200]>
2021-07-16 23:33:10 <Response [200]>
2021-07-16 23:33:10 <Response [200]>
2021-07-16 23:33:10 <Response [200]>
2021-07-16 23:33:10 <Response [200]>
2021-07-16 23:33:10 <Response [200]>
2021-07-16 23:33:10 <Response [200]>
2021-07-16 23:33:10 <Response [200]>
2021-07-16 23:33:10 <Response [200]>
2021-07-16 23:33:10 <Response [200]>
2021-07-16 23:33:10 <Response [200]>
2021-07-16 23:33:10 <Response [200]>
2021-07-16 23:33:10 <Response [200]>
2021-07-16 23:33:10 <Response [200]>
2021-07-16 23:33:10 <Response [200]>
2021-07-16 23:33:10 <Response [200]>
2021-07-16 23:33:10 <Response [200]>
2021-07-16 23:33:10 <Response [200]>
2021-07-16 23:33:10 <Response [200]>
2021-07-16 23:33:10 <Response [200]>
2021-07-16 23:33:10 <Response [200]>
2021-07-16 23:33:10 <Response [200]>
2021-07-16 23:33:11 <Response [200]>
2021-07-16 23:33:11 <Response [200]>
2021-07-16 23:33:11 <Response [200]>
2021-07-16 23:33:11 <Response [200]>
2021-07-16 23:33:11 <Response [200]>
2021-07-16 23:33:11 <Response [200]>
2021-07-16 23:33:11 <Response [200]>
2021-07-16 23:33:11 <Response [200]>
2021-07-16 23:33:11 <Response [200]>
2021-07-16 23:33:11 <Response [200]>
2021-07-16 23:33:11 <Response [200]>
2021-07-16 23:33:11 <Response [200]>
2021-07-16 23:33:11 <Response [200]>
2021-07-16 23:33:11 <Response [200]>
2021-07-16 23:33:11 <Response [200]>
2021-07-16 23:33:11 <Response [200]>
2021-07-16 23:33:11 <Response [200]>
2021-07-16 23:33:11 <Response [200]>
2021-07-16 23:33:11 <Response [200]>
2021-07-16 23:33:11 <Response [200]>
2021-07-16 23:33:11 <Response [200]>
2021-07-16 23:33:11 <Response [200]>
2021-07-16 23:33:11 <Response [200]>
2021-07-16 23:33:11 <Response [200]>
2021-07-16 23:33:11 <Response [200]>
2021-07-16 23:33:11 <Response [200]>
2021-07-16 23:33:11 <Response [200]>
2021-07-16 23:33:11 <Response [200]>
2021-07-16 23:33:11 <Response [200]>
2021-07-16 23:33:11 <Response [200]>
2021-07-16 23:33:11 <Response [200]>
2021-07-16 23:33:11 <Response [200]>
2021-07-16 23:33:11 <Response [200]>
2021-07-16 23:33:11 <Response [200]>
2021-07-16 23:33:11 <Response [200]>
2021-07-16 23:33:11 <Response [200]>
2021-07-16 23:33:11 <Response [200]>
2021-07-16 23:33:11 <Response [200]>
2021-07-16 23:33:11 <Response [200]>
2021-07-16 23:33:11 <Response [200]>
2021-07-16 23:33:11 <Response [200]>
2021-07-16 23:33:11 <Response [200]>
2021-07-16 23:33:11 <Response [200]>
2021-07-16 23:33:11 <Response [200]>
2021-07-16 23:33:11 <Response [200]>
2021-07-16 23:33:11 <Response [200]>
2021-07-16 23:33:11 <Response [200]>
2021-07-16 23:33:11 <Response [200]>
2021-07-16 23:33:11 <Response [200]>
2021-07-16 23:33:11 <Response [200]>
2021-07-16 23:33:11 <Response [200]>
2021-07-16 23:33:11 <Response [200]>
2021-07-16 23:33:11 <Response [200]>
2021-07-16 23:33:11 <Response [200]>
2021-07-16 23:33:11 <Response [200]>
2021-07-16 23:33:11 <Response [200]>
2021-07-16 23:33:11 <Response [200]>
2021-07-16 23:33:11 <Response [200]>
2021-07-16 23:33:11 <Response [200]>
2021-07-16 23:33:11 <Response [200]>
2021-07-16 23:33:11 <Response [200]>
2021-07-16 23:33:11 <Response [200]>
2021-07-16 23:33:11 <Response [200]>
2021-07-16 23:33:11 <Response [200]>
2021-07-16 23:33:11 <Response [200]>
2021-07-16 23:33:11 <Response [200]>
2021-07-16 23:33:12 <Response [200]>
2021-07-16 23:33:12 <Response [200]>
2021-07-16 23:33:12 <Response [200]>
2021-07-16 23:33:12 <Response [200]>
2021-07-16 23:33:12 <Response [200]>
2021-07-16 23:33:12 <Response [200]>
2021-07-16 23:33:12 <Response [200]>
2021-07-16 23:33:12 <Response [200]>
2021-07-16 23:33:12 <Response [200]>
2021-07-16 23:43:54 <Response [200]>
2021-07-16 23:43:54 <Response [200]>
2021-07-16 23:43:54 <Response [200]>
2021-07-16 23:43:54 <Response [200]>
2021-07-16 23:43:54 <Response [200]>
2021-07-16 23:43:54 <Response [200]>
2021-07-16 23:43:54 <Response [200]>
2021-07-16 23:43:54 <Response [200]>
2021-07-16 23:43:54 <Response [200]>
2021-07-16 23:43:54 <Response [200]>
2021-07-16 23:43:54 <Response [200]>
2021-07-16 23:43:54 <Response [200]>
2021-07-16 23:43:54 <Response [200]>
2021-07-16 23:43:54 <Response [200]>
2021-07-16 23:43:54 <Response [200]>
2021-07-16 23:43:54 <Response [200]>
2021-07-16 23:43:54 <Response [200]>
2021-07-16 23:43:54 <Response [200]>
2021-07-16 23:43:54 <Response [200]>
2021-07-16 23:43:54 <Response [200]>
2021-07-16 23:43:54 <Response [200]>
2021-07-16 23:43:54 <Response [200]>
2021-07-16 23:43:54 <Response [200]>
2021-07-16 23:43:54 <Response [200]>
2021-07-16 23:43:54 <Response [200]>
2021-07-16 23:43:54 <Response [200]>
2021-07-16 23:43:54 <Response [200]>
2021-07-16 23:43:54 <Response [200]>
2021-07-16 23:43:54 <Response [200]>
2021-07-16 23:43:54 <Response [200]>
2021-07-16 23:43:54 <Response [200]>
2021-07-16 23:43:54 <Response [200]>
2021-07-16 23:43:54 <Response [200]>
2021-07-16 23:43:54 <Response [200]>
2021-07-16 23:43:54 <Response [200]>
2021-07-16 23:43:54 <Response [200]>
2021-07-16 23:43:54 <Response [200]>
2021-07-16 23:43:54 <Response [200]>
2021-07-16 23:43:54 <Response [200]>
2021-07-16 23:43:54 <Response [200]>
2021-07-16 23:43:54 <Response [200]>
2021-07-16 23:43:54 <Response [200]>
2021-07-16 23:43:54 <Response [200]>
2021-07-16 23:43:54 <Response [200]>
2021-07-16 23:43:54 <Response [200]>
2021-07-16 23:43:54 <Response [200]>
2021-07-16 23:43:54 <Response [200]>
2021-07-16 23:43:54 <Response [200]>
2021-07-16 23:43:54 <Response [200]>
2021-07-16 23:43:54 <Response [200]>
2021-07-16 23:43:54 <Response [200]>
2021-07-16 23:43:54 <Response [200]>
2021-07-16 23:43:54 <Response [200]>
2021-07-16 23:43:54 <Response [200]>
2021-07-16 23:43:54 <Response [200]>
2021-07-16 23:43:54 <Response [200]>
2021-07-16 23:43:54 <Response [200]>
2021-07-16 23:43:54 <Response [200]>
2021-07-16 23:43:54 <Response [200]>
2021-07-16 23:43:54 <Response [200]>
2021-07-16 23:43:54 <Response [200]>
2021-07-16 23:43:54 <Response [200]>
2021-07-16 23:43:54 <Response [200]>
2021-07-16 23:43:54 <Response [200]>
2021-07-16 23:43:54 <Response [200]>
2021-07-16 23:43:54 <Response [200]>
2021-07-16 23:43:54 <Response [200]>
2021-07-16 23:43:54 <Response [200]>
2021-07-16 23:43:54 <Response [200]>
2021-07-16 23:43:54 <Response [200]>
2021-07-16 23:43:54 <Response [200]>
2021-07-16 23:43:54 <Response [200]>
2021-07-16 23:43:54 <Response [200]>
2021-07-16 23:43:54 <Response [200]>
2021-07-16 23:43:54 <Response [200]>
2021-07-16 23:43:54 <Response [200]>
2021-07-16 23:43:54 <Response [200]>
2021-07-16 23:43:54 <Response [200]>
2021-07-16 23:43:54 <Response [200]>
2021-07-16 23:43:55 <Response [200]>
2021-07-16 23:43:55 <Response [200]>
2021-07-16 23:43:55 <Response [200]>
2021-07-16 23:43:55 <Response [200]>
2021-07-16 23:43:55 <Response [200]>
2021-07-16 23:43:55 <Response [200]>
2021-07-16 23:43:55 <Response [200]>
2021-07-16 23:43:55 <Response [200]>
2021-07-16 23:43:55 <Response [200]>
2021-07-16 23:43:55 <Response [200]>
2021-07-16 23:43:55 <Response [200]>
2021-07-16 23:43:55 <Response [200]>
2021-07-16 23:43:55 <Response [200]>
2021-07-16 23:43:55 <Response [200]>
2021-07-16 23:43:55 <Response [200]>
2021-07-16 23:43:55 <Response [200]>
2021-07-16 23:43:55 <Response [200]>
2021-07-16 23:43:55 <Response [200]>
2021-07-16 23:43:55 <Response [200]>
2021-07-16 23:43:55 <Response [200]>
2021-07-16 23:43:55 <Response [200]>
2021-07-16 23:43:55 <Response [200]>
2021-07-16 23:43:55 <Response [200]>
2021-07-16 23:43:55 <Response [200]>
2021-07-16 23:43:55 <Response [200]>
2021-07-16 23:43:55 <Response [200]>
2021-07-16 23:43:55 <Response [200]>
2021-07-16 23:43:55 <Response [200]>
2021-07-16 23:43:55 <Response [200]>
2021-07-16 23:43:55 <Response [200]>
2021-07-16 23:43:55 <Response [200]>
2021-07-16 23:43:55 <Response [200]>
2021-07-16 23:43:55 <Response [200]>
2021-07-16 23:43:55 <Response [200]>
2021-07-16 23:43:55 <Response [200]>
2021-07-16 23:43:55 <Response [200]>
2021-07-16 23:43:55 <Response [200]>
2021-07-16 23:43:55 <Response [200]>
2021-07-16 23:43:55 <Response [200]>
2021-07-16 23:43:55 <Response [200]>
2021-07-16 23:43:55 <Response [200]>
2021-07-16 23:43:55 <Response [200]>
2021-07-16 23:43:55 <Response [200]>
2021-07-16 23:43:55 <Response [200]>
2021-07-16 23:43:55 <Response [200]>
2021-07-16 23:43:55 <Response [200]>
2021-07-16 23:43:55 <Response [200]>
2021-07-16 23:43:55 <Response [200]>
2021-07-16 23:43:55 <Response [200]>
2021-07-16 23:43:55 <Response [200]>
2021-07-16 23:43:55 <Response [200]>
2021-07-16 23:43:55 <Response [200]>
2021-07-16 23:43:55 <Response [200]>
2021-07-16 23:43:55 <Response [200]>
2021-07-16 23:43:55 <Response [200]>
2021-07-16 23:43:55 <Response [200]>
2021-07-16 23:43:55 <Response [200]>
2021-07-16 23:43:55 <Response [200]>
2021-07-16 23:43:55 <Response [200]>
2021-07-16 23:43:55 <Response [200]>
2021-07-16 23:43:55 <Response [200]>
2021-07-16 23:43:55 <Response [200]>
2021-07-16 23:43:55 <Response [200]>
2021-07-16 23:43:55 <Response [200]>
2021-07-16 23:43:56 <Response [200]>
2021-07-16 23:43:56 <Response [200]>
2021-07-16 23:43:56 <Response [200]>
2021-07-16 23:43:56 <Response [200]>
2021-07-16 23:43:56 <Response [200]>
2021-07-16 23:43:56 <Response [200]>
2021-07-16 23:43:56 <Response [200]>
2021-07-16 23:43:56 <Response [200]>
2021-07-16 23:43:56 <Response [200]>
2021-07-16 23:43:56 <Response [200]>
2021-07-16 23:43:56 <Response [200]>
2021-07-16 23:43:56 <Response [200]>
2021-07-16 23:43:56 <Response [200]>
2021-07-16 23:43:56 <Response [200]>
2021-07-16 23:43:56 <Response [200]>
2021-07-16 23:43:56 <Response [200]>
2021-07-16 23:43:56 <Response [200]>
2021-07-16 23:43:56 <Response [200]>
2021-07-16 23:43:56 <Response [200]>
2021-07-16 23:43:56 <Response [200]>
2021-07-16 23:43:56 <Response [200]>
2021-07-16 23:43:56 <Response [200]>
2021-07-16 23:43:56 <Response [200]>
2021-07-16 23:43:56 <Response [200]>
2021-07-16 23:43:56 <Response [200]>
2021-07-16 23:43:56 <Response [200]>
2021-07-16 23:43:56 <Response [200]>
2021-07-16 23:43:56 <Response [200]>
2021-07-16 23:43:56 <Response [200]>
2021-07-16 23:43:56 <Response [200]>
2021-07-16 23:43:56 <Response [200]>
2021-07-16 23:43:56 <Response [200]>
2021-07-16 23:43:56 <Response [200]>
2021-07-16 23:43:56 <Response [200]>
2021-07-16 23:43:56 <Response [200]>
2021-07-16 23:43:56 <Response [200]>
2021-07-16 23:43:56 <Response [200]>
2021-07-16 23:43:56 <Response [200]>
2021-07-16 23:43:56 <Response [200]>
2021-07-16 23:43:56 <Response [200]>
2021-07-16 23:43:56 <Response [200]>
2021-07-16 23:43:56 <Response [200]>
2021-07-16 23:43:56 <Response [200]>
2021-07-16 23:43:56 <Response [200]>
2021-07-16 23:43:56 <Response [200]>
2021-07-16 23:43:56 <Response [200]>
2021-07-16 23:43:56 <Response [200]>
2021-07-16 23:43:56 <Response [200]>
2021-07-16 23:43:56 <Response [200]>
2021-07-16 23:43:56 <Response [200]>
2021-07-16 23:43:56 <Response [200]>
2021-07-16 23:43:56 <Response [200]>
2021-07-16 23:43:57 <Response [200]>
2021-07-16 23:43:57 <Response [200]>
2021-07-16 23:43:57 <Response [200]>
2021-07-16 23:43:57 <Response [200]>
2021-07-16 23:43:57 <Response [200]>
2021-07-16 23:43:57 <Response [200]>
2021-07-16 23:43:57 <Response [200]>
2021-07-16 23:43:57 <Response [200]>
2021-07-16 23:43:57 <Response [200]>
2021-07-16 23:43:57 <Response [200]>
2021-07-16 23:43:57 <Response [200]>
2021-07-16 23:43:57 <Response [200]>
2021-07-16 23:43:57 <Response [200]>
2021-07-16 23:43:57 <Response [200]>
2021-07-16 23:43:57 <Response [200]>
2021-07-16 23:43:57 <Response [200]>
2021-07-16 23:43:57 <Response [200]>
2021-07-16 23:43:57 <Response [200]>
2021-07-16 23:43:57 <Response [200]>
2021-07-16 23:43:57 <Response [200]>
2021-07-16 23:43:57 <Response [200]>
2021-07-16 23:43:57 <Response [200]>
2021-07-16 23:43:57 <Response [200]>
2021-07-16 23:43:57 <Response [200]>
2021-07-16 23:43:57 <Response [200]>
2021-07-16 23:43:57 <Response [200]>
2021-07-16 23:43:57 <Response [200]>
2021-07-16 23:43:57 <Response [200]>
2021-07-16 23:43:57 <Response [200]>
2021-07-16 23:43:57 <Response [200]>
2021-07-16 23:43:57 <Response [200]>
2021-07-16 23:43:57 <Response [200]>
2021-07-16 23:43:57 <Response [200]>
2021-07-16 23:43:57 <Response [200]>
2021-07-16 23:43:57 <Response [200]>
2021-07-16 23:43:57 <Response [200]>
2021-07-16 23:43:57 <Response [200]>
2021-07-16 23:43:57 <Response [200]>
2021-07-16 23:43:57 <Response [200]>
2021-07-16 23:43:57 <Response [200]>
2021-07-16 23:43:57 <Response [200]>
2021-07-16 23:43:57 <Response [200]>
2021-07-16 23:43:57 <Response [200]>
2021-07-16 23:43:57 <Response [200]>
2021-07-16 23:43:57 <Response [200]>
2021-07-16 23:43:57 <Response [200]>
2021-07-16 23:43:57 <Response [200]>
2021-07-16 23:43:57 <Response [200]>
2021-07-16 23:43:57 <Response [200]>
2021-07-16 23:43:57 <Response [200]>
2021-07-16 23:43:57 <Response [200]>
2021-07-16 23:43:57 <Response [200]>
2021-07-16 23:43:57 <Response [200]>
2021-07-16 23:43:57 <Response [200]>
2021-07-16 23:43:57 <Response [200]>
2021-07-16 23:43:57 <Response [200]>
2021-07-16 23:43:57 <Response [200]>
2021-07-16 23:43:57 <Response [200]>
2021-07-16 23:43:57 <Response [200]>
2021-07-16 23:43:57 <Response [200]>
2021-07-16 23:43:57 <Response [200]>
2021-07-16 23:43:57 <Response [200]>
2021-07-16 23:43:57 <Response [200]>
2021-07-16 23:43:57 <Response [200]>
2021-07-16 23:43:57 <Response [200]>
2021-07-16 23:43:57 <Response [200]>
2021-07-16 23:43:57 <Response [200]>
2021-07-16 23:43:57 <Response [200]>
2021-07-16 23:43:57 <Response [200]>
2021-07-16 23:43:57 <Response [200]>
2021-07-16 23:43:57 <Response [200]>
2021-07-16 23:43:58 <Response [200]>
2021-07-16 23:43:58 <Response [200]>
2021-07-16 23:43:58 <Response [200]>
2021-07-16 23:43:58 <Response [200]>
2021-07-16 23:43:58 <Response [200]>
2021-07-16 23:43:58 <Response [200]>
2021-07-16 23:43:58 <Response [200]>
2021-07-16 23:43:58 <Response [200]>
2021-07-16 23:43:58 <Response [200]>
2021-07-16 23:43:58 <Response [200]>
2021-07-16 23:43:58 <Response [200]>
2021-07-16 23:43:58 <Response [200]>
2021-07-16 23:43:58 <Response [200]>
2021-07-16 23:43:58 <Response [200]>
2021-07-16 23:43:58 <Response [200]>
2021-07-16 23:43:58 <Response [200]>
2021-07-16 23:43:58 <Response [200]>
2021-07-16 23:43:58 <Response [200]>
2021-07-16 23:43:58 <Response [200]>
2021-07-16 23:43:58 <Response [200]>
2021-07-16 23:43:58 <Response [200]>
2021-07-16 23:43:58 <Response [200]>
2021-07-16 23:43:58 <Response [200]>
2021-07-16 23:43:58 <Response [200]>
2021-07-16 23:43:58 <Response [200]>
2021-07-16 23:43:58 <Response [200]>
2021-07-16 23:43:58 <Response [200]>
2021-07-16 23:43:58 <Response [200]>
2021-07-16 23:43:58 <Response [200]>
2021-07-16 23:43:58 <Response [200]>
2021-07-16 23:43:58 <Response [200]>
2021-07-16 23:43:58 <Response [200]>
2021-07-16 23:43:58 <Response [200]>
2021-07-16 23:43:58 <Response [200]>
2021-07-16 23:43:58 <Response [200]>
2021-07-16 23:43:58 <Response [200]>
2021-07-16 23:43:58 <Response [200]>
2021-07-16 23:43:58 <Response [200]>
2021-07-16 23:43:58 <Response [200]>
2021-07-16 23:43:58 <Response [200]>
2021-07-16 23:43:58 <Response [200]>
2021-07-16 23:43:58 <Response [200]>
2021-07-16 23:43:58 <Response [200]>
2021-07-16 23:43:58 <Response [200]>
2021-07-16 23:43:58 <Response [200]>
2021-07-16 23:43:58 <Response [200]>
2021-07-16 23:43:58 <Response [200]>
2021-07-16 23:43:58 <Response [200]>
2021-07-16 23:43:58 <Response [200]>
2021-07-16 23:43:58 <Response [200]>
2021-07-16 23:43:58 <Response [200]>
2021-07-16 23:43:58 <Response [200]>
2021-07-16 23:43:58 <Response [200]>
2021-07-16 23:43:58 <Response [200]>
2021-07-16 23:43:58 <Response [200]>
2021-07-16 23:43:58 <Response [200]>
2021-07-16 23:43:58 <Response [200]>
2021-07-16 23:43:58 <Response [200]>
2021-07-16 23:43:58 <Response [200]>
2021-07-16 23:43:58 <Response [200]>
2021-07-16 23:43:58 <Response [200]>
2021-07-16 23:43:58 <Response [200]>
2021-07-16 23:43:58 <Response [200]>
2021-07-16 23:43:58 <Response [200]>
2021-07-16 23:43:58 <Response [200]>
2021-07-16 23:43:58 <Response [200]>
2021-07-16 23:43:58 <Response [200]>
2021-07-16 23:43:58 <Response [200]>
2021-07-16 23:43:58 <Response [200]>
2021-07-16 23:43:58 <Response [200]>
2021-07-16 23:43:58 <Response [200]>
2021-07-16 23:43:58 <Response [200]>
2021-07-16 23:43:58 <Response [200]>
2021-07-16 23:43:58 <Response [200]>
2021-07-16 23:43:59 <Response [200]>
2021-07-16 23:43:59 <Response [200]>
2021-07-16 23:43:59 <Response [200]>
2021-07-16 23:43:59 <Response [200]>
2021-07-16 23:43:59 <Response [200]>
2021-07-16 23:43:59 <Response [200]>
2021-07-16 23:43:59 <Response [200]>
2021-07-16 23:43:59 <Response [200]>
2021-07-16 23:43:59 <Response [200]>
2021-07-16 23:43:59 <Response [200]>
2021-07-16 23:43:59 <Response [200]>
2021-07-16 23:43:59 <Response [200]>
2021-07-16 23:43:59 <Response [200]>
2021-07-16 23:43:59 <Response [200]>
2021-07-16 23:43:59 <Response [200]>
2021-07-16 23:43:59 <Response [200]>
2021-07-16 23:43:59 <Response [200]>
2021-07-16 23:43:59 <Response [200]>
2021-07-16 23:43:59 <Response [200]>
2021-07-16 23:43:59 <Response [200]>
2021-07-16 23:43:59 <Response [200]>
2021-07-16 23:43:59 <Response [200]>
2021-07-16 23:43:59 <Response [200]>
2021-07-16 23:43:59 <Response [200]>
2021-07-16 23:43:59 <Response [200]>
2021-07-16 23:43:59 <Response [200]>
2021-07-16 23:43:59 <Response [200]>
2021-07-16 23:43:59 <Response [200]>
2021-07-16 23:43:59 <Response [200]>
2021-07-16 23:43:59 <Response [200]>
2021-07-16 23:43:59 <Response [200]>
2021-07-16 23:43:59 <Response [200]>
2021-07-16 23:43:59 <Response [200]>
2021-07-16 23:43:59 <Response [200]>
2021-07-16 23:43:59 <Response [200]>
2021-07-16 23:43:59 <Response [200]>
2021-07-16 23:43:59 <Response [200]>
2021-07-16 23:43:59 <Response [200]>
2021-07-16 23:43:59 <Response [200]>
2021-07-16 23:43:59 <Response [200]>
2021-07-16 23:43:59 <Response [200]>
2021-07-16 23:43:59 <Response [200]>
2021-07-16 23:43:59 <Response [200]>
2021-07-16 23:43:59 <Response [200]>
2021-07-16 23:43:59 <Response [200]>
2021-07-16 23:43:59 <Response [200]>
2021-07-16 23:43:59 <Response [200]>
2021-07-16 23:43:59 <Response [200]>
2021-07-16 23:43:59 <Response [200]>
2021-07-16 23:43:59 <Response [200]>
2021-07-16 23:43:59 <Response [200]>
2021-07-16 23:43:59 <Response [200]>
2021-07-16 23:43:59 <Response [200]>
2021-07-16 23:43:59 <Response [200]>
2021-07-16 23:43:59 <Response [200]>
2021-07-16 23:43:59 <Response [200]>
2021-07-16 23:44:00 <Response [200]>
2021-07-16 23:44:00 <Response [200]>
2021-07-16 23:44:00 <Response [200]>
2021-07-16 23:44:00 <Response [200]>
2021-07-16 23:44:00 <Response [200]>
2021-07-16 23:44:00 <Response [200]>
2021-07-16 23:44:00 <Response [200]>
2021-07-16 23:44:00 <Response [200]>
2021-07-16 23:44:00 <Response [200]>
2021-07-16 23:44:00 <Response [200]>
2021-07-16 23:44:00 <Response [200]>
2021-07-16 23:44:00 <Response [200]>
2021-07-16 23:44:00 <Response [200]>
2021-07-16 23:44:00 <Response [200]>
2021-07-16 23:44:00 <Response [200]>
2021-07-16 23:44:00 <Response [200]>
2021-07-16 23:44:00 <Response [200]>
2021-07-16 23:44:00 <Response [200]>
2021-07-16 23:44:00 <Response [200]>
2021-07-16 23:44:00 <Response [200]>
2021-07-16 23:44:00 <Response [200]>
2021-07-16 23:44:00 <Response [200]>
2021-07-16 23:44:00 <Response [200]>
2021-07-16 23:44:00 <Response [200]>
2021-07-16 23:44:00 <Response [200]>
2021-07-16 23:44:00 <Response [200]>
2021-07-16 23:44:00 <Response [200]>
2021-07-16 23:44:00 <Response [200]>
2021-07-16 23:44:00 <Response [200]>
2021-07-16 23:44:00 <Response [200]>
2021-07-16 23:44:00 <Response [200]>
2021-07-16 23:44:00 <Response [200]>
2021-07-16 23:44:00 <Response [200]>
2021-07-16 23:44:00 <Response [200]>
2021-07-16 23:44:00 <Response [200]>
2021-07-16 23:44:00 <Response [200]>
2021-07-16 23:44:00 <Response [200]>
2021-07-16 23:44:00 <Response [200]>
2021-07-16 23:44:00 <Response [200]>
2021-07-16 23:44:00 <Response [200]>
2021-07-16 23:44:00 <Response [200]>
2021-07-16 23:44:00 <Response [200]>
2021-07-16 23:44:00 <Response [200]>
2021-07-16 23:44:00 <Response [200]>
2021-07-16 23:44:00 <Response [200]>
2021-07-16 23:44:00 <Response [200]>
2021-07-16 23:44:00 <Response [200]>
2021-07-16 23:44:01 <Response [200]>
2021-07-16 23:44:01 <Response [200]>
2021-07-16 23:44:01 <Response [200]>
2021-07-16 23:44:01 <Response [200]>
2021-07-16 23:44:01 <Response [200]>
2021-07-16 23:44:01 <Response [200]>
2021-07-16 23:44:01 <Response [200]>
2021-07-16 23:44:01 <Response [200]>
2021-07-16 23:44:01 <Response [200]>
2021-07-16 23:44:01 <Response [200]>
2021-07-16 23:44:01 <Response [200]>
2021-07-16 23:44:01 <Response [200]>
2021-07-16 23:44:01 <Response [200]>
2021-07-16 23:44:01 <Response [200]>
2021-07-16 23:44:01 <Response [200]>
2021-07-16 23:44:01 <Response [200]>
2021-07-16 23:44:01 <Response [200]>
2021-07-16 23:44:01 <Response [200]>
2021-07-16 23:44:01 <Response [200]>
2021-07-16 23:44:01 <Response [200]>
2021-07-16 23:44:01 <Response [200]>
2021-07-16 23:44:01 <Response [200]>
2021-07-16 23:44:01 <Response [200]>
2021-07-16 23:44:01 <Response [200]>
2021-07-16 23:44:01 <Response [200]>
2021-07-16 23:44:01 <Response [200]>
2021-07-16 23:44:01 <Response [200]>
2021-07-16 23:44:01 <Response [200]>
2021-07-16 23:44:01 <Response [200]>
2021-07-16 23:44:01 <Response [200]>
2021-07-16 23:44:01 <Response [200]>
2021-07-16 23:44:01 <Response [200]>
2021-07-16 23:44:01 <Response [200]>
2021-07-16 23:44:01 <Response [200]>
2021-07-16 23:44:01 <Response [200]>
2021-07-16 23:44:01 <Response [200]>
2021-07-16 23:44:01 <Response [200]>
2021-07-16 23:44:01 <Response [200]>
2021-07-16 23:44:01 <Response [200]>
2021-07-16 23:44:01 <Response [200]>
2021-07-16 23:44:01 <Response [200]>
2021-07-16 23:44:01 <Response [200]>
2021-07-16 23:44:01 <Response [200]>
2021-07-16 23:44:01 <Response [200]>
2021-07-16 23:44:01 <Response [200]>
2021-07-16 23:44:01 <Response [200]>
2021-07-16 23:44:01 <Response [200]>
2021-07-16 23:44:01 <Response [200]>
2021-07-16 23:44:01 <Response [200]>
2021-07-16 23:44:01 <Response [200]>
2021-07-16 23:44:01 <Response [200]>
2021-07-16 23:44:01 <Response [200]>
2021-07-16 23:44:01 <Response [200]>
2021-07-16 23:44:01 <Response [200]>
2021-07-16 23:44:01 <Response [200]>
2021-07-16 23:44:01 <Response [200]>
2021-07-16 23:44:01 <Response [200]>
2021-07-16 23:44:01 <Response [200]>
2021-07-16 23:44:02 <Response [200]>
2021-07-16 23:44:02 <Response [200]>
2021-07-16 23:44:02 <Response [200]>
2021-07-16 23:44:02 <Response [200]>
2021-07-16 23:44:02 <Response [200]>
2021-07-16 23:44:02 <Response [200]>
2021-07-16 23:44:02 <Response [200]>
2021-07-16 23:44:02 <Response [200]>
2021-07-16 23:44:02 <Response [200]>
2021-07-16 23:44:02 <Response [200]>
2021-07-16 23:44:02 <Response [200]>
2021-07-16 23:44:02 <Response [200]>
2021-07-16 23:44:02 <Response [200]>
2021-07-16 23:44:02 <Response [200]>
2021-07-16 23:44:02 <Response [200]>
2021-07-16 23:44:02 <Response [200]>
2021-07-16 23:44:02 <Response [200]>
2021-07-16 23:44:02 <Response [200]>
2021-07-16 23:44:02 <Response [200]>
2021-07-16 23:44:02 <Response [200]>
2021-07-16 23:44:02 <Response [200]>
2021-07-16 23:44:02 <Response [200]>
2021-07-16 23:44:02 <Response [200]>
2021-07-16 23:44:02 <Response [200]>
2021-07-16 23:44:02 <Response [200]>
2021-07-16 23:44:02 <Response [200]>
2021-07-16 23:44:02 <Response [200]>
2021-07-16 23:44:02 <Response [200]>
2021-07-16 23:44:02 <Response [200]>
2021-07-16 23:44:02 <Response [200]>
2021-07-16 23:44:02 <Response [200]>
2021-07-16 23:44:02 <Response [200]>
2021-07-16 23:44:02 <Response [200]>
2021-07-16 23:44:02 <Response [200]>
2021-07-16 23:44:02 <Response [200]>
2021-07-16 23:44:02 <Response [200]>
2021-07-16 23:44:02 <Response [200]>
2021-07-16 23:44:02 <Response [200]>
2021-07-16 23:44:02 <Response [200]>
2021-07-16 23:44:02 <Response [200]>
2021-07-16 23:44:02 <Response [200]>
2021-07-16 23:44:02 <Response [200]>
2021-07-16 23:44:02 <Response [200]>
2021-07-16 23:44:02 <Response [200]>
2021-07-16 23:44:02 <Response [200]>
2021-07-16 23:44:02 <Response [200]>
2021-07-16 23:44:02 <Response [200]>
2021-07-16 23:44:02 <Response [200]>
2021-07-16 23:44:02 <Response [200]>
2021-07-16 23:44:02 <Response [200]>
2021-07-16 23:44:02 <Response [200]>
2021-07-16 23:44:02 <Response [200]>
2021-07-16 23:44:02 <Response [200]>
2021-07-16 23:44:02 <Response [200]>
2021-07-16 23:44:02 <Response [200]>
2021-07-16 23:44:02 <Response [200]>
2021-07-16 23:44:02 <Response [200]>
2021-07-16 23:44:02 <Response [200]>
2021-07-16 23:44:02 <Response [200]>
2021-07-16 23:44:02 <Response [200]>
2021-07-16 23:44:02 <Response [200]>
2021-07-16 23:44:02 <Response [200]>
2021-07-16 23:44:02 <Response [200]>
2021-07-16 23:44:02 <Response [200]>
2021-07-16 23:44:02 <Response [200]>
2021-07-16 23:44:02 <Response [200]>
2021-07-16 23:44:02 <Response [200]>
2021-07-16 23:44:03 <Response [200]>
2021-07-16 23:44:03 <Response [200]>
2021-07-16 23:44:03 <Response [200]>
2021-07-16 23:44:03 <Response [200]>
2021-07-16 23:44:03 <Response [200]>
2021-07-16 23:44:03 <Response [200]>
2021-07-16 23:44:03 <Response [200]>
2021-07-16 23:44:03 <Response [200]>
2021-07-16 23:44:03 <Response [200]>
2021-07-16 23:44:03 <Response [200]>
2021-07-16 23:44:03 <Response [200]>
2021-07-16 23:44:03 <Response [200]>
2021-07-16 23:44:03 <Response [200]>
2021-07-16 23:44:03 <Response [200]>
2021-07-16 23:44:03 <Response [200]>
2021-07-16 23:44:03 <Response [200]>
2021-07-16 23:44:03 <Response [200]>
2021-07-16 23:44:03 <Response [200]>
2021-07-16 23:44:03 <Response [200]>
2021-07-16 23:44:03 <Response [200]>
2021-07-16 23:44:03 <Response [200]>
2021-07-16 23:44:03 <Response [200]>
2021-07-16 23:44:03 <Response [200]>
2021-07-16 23:44:03 <Response [200]>
2021-07-16 23:44:03 <Response [200]>
2021-07-16 23:44:03 <Response [200]>
2021-07-16 23:44:03 <Response [200]>
2021-07-16 23:44:03 <Response [200]>
2021-07-16 23:44:03 <Response [200]>
2021-07-16 23:44:03 <Response [200]>
2021-07-16 23:44:03 <Response [200]>
2021-07-16 23:44:03 <Response [200]>
2021-07-16 23:44:03 <Response [200]>
2021-07-16 23:44:03 <Response [200]>
2021-07-16 23:44:03 <Response [200]>
2021-07-16 23:44:03 <Response [200]>
2021-07-16 23:44:03 <Response [200]>
2021-07-16 23:44:03 <Response [200]>
2021-07-16 23:44:03 <Response [200]>
2021-07-16 23:44:03 <Response [200]>
2021-07-16 23:44:03 <Response [200]>
2021-07-16 23:44:03 <Response [200]>
2021-07-16 23:44:03 <Response [200]>
2021-07-16 23:44:03 <Response [200]>
2021-07-16 23:44:03 <Response [200]>
2021-07-16 23:44:03 <Response [200]>
2021-07-16 23:44:03 <Response [200]>
2021-07-16 23:44:03 <Response [200]>
2021-07-16 23:44:03 <Response [200]>
2021-07-16 23:44:03 <Response [200]>
2021-07-16 23:44:03 <Response [200]>
2021-07-16 23:44:03 <Response [200]>
2021-07-16 23:44:03 <Response [200]>
2021-07-16 23:44:03 <Response [200]>
2021-07-16 23:44:03 <Response [200]>
2021-07-16 23:44:04 <Response [200]>
2021-07-16 23:44:04 <Response [200]>
2021-07-16 23:44:04 <Response [200]>
2021-07-16 23:44:04 <Response [200]>
2021-07-16 23:44:04 <Response [200]>
2021-07-16 23:44:04 <Response [200]>
2021-07-16 23:44:04 <Response [200]>
2021-07-16 23:44:04 <Response [200]>
2021-07-16 23:44:04 <Response [200]>
2021-07-16 23:44:04 <Response [200]>
2021-07-16 23:44:04 <Response [200]>
2021-07-16 23:44:04 <Response [200]>
2021-07-16 23:44:04 <Response [200]>
2021-07-16 23:44:04 <Response [200]>
2021-07-16 23:44:04 <Response [200]>
2021-07-16 23:44:04 <Response [200]>
2021-07-16 23:44:04 <Response [200]>
2021-07-16 23:44:04 <Response [200]>
2021-07-16 23:44:04 <Response [200]>
2021-07-16 23:44:04 <Response [200]>
2021-07-16 23:44:04 <Response [200]>
2021-07-16 23:44:04 <Response [200]>
2021-07-16 23:44:04 <Response [200]>
2021-07-16 23:44:04 <Response [200]>
2021-07-16 23:44:04 <Response [200]>
2021-07-16 23:44:04 <Response [200]>
2021-07-16 23:44:04 <Response [200]>
2021-07-16 23:44:04 <Response [200]>
2021-07-16 23:44:04 <Response [200]>
2021-07-16 23:44:04 <Response [200]>
2021-07-16 23:44:04 <Response [200]>
2021-07-16 23:44:04 <Response [200]>
2021-07-16 23:44:04 <Response [200]>
2021-07-16 23:44:04 <Response [200]>
2021-07-16 23:44:04 <Response [200]>
2021-07-16 23:44:04 <Response [200]>
2021-07-16 23:44:04 <Response [200]>
2021-07-16 23:44:04 <Response [200]>
2021-07-16 23:44:04 <Response [200]>
2021-07-16 23:44:04 <Response [200]>
2021-07-16 23:44:04 <Response [200]>
2021-07-16 23:44:04 <Response [200]>
2021-07-16 23:44:04 <Response [200]>
2021-07-16 23:44:04 <Response [200]>
2021-07-16 23:44:04 <Response [200]>
2021-07-16 23:44:04 <Response [200]>
2021-07-16 23:44:04 <Response [200]>
2021-07-16 23:44:04 <Response [200]>
2021-07-16 23:44:04 <Response [200]>
2021-07-16 23:44:04 <Response [200]>
2021-07-16 23:44:04 <Response [200]>
2021-07-16 23:44:04 <Response [200]>
2021-07-16 23:44:04 <Response [200]>
2021-07-16 23:44:04 <Response [200]>
2021-07-16 23:44:05 <Response [200]>
2021-07-16 23:44:05 <Response [200]>
2021-07-16 23:44:05 <Response [200]>
2021-07-16 23:44:05 <Response [200]>
2021-07-16 23:44:05 <Response [200]>
2021-07-16 23:44:05 <Response [200]>
2021-07-16 23:44:05 <Response [200]>
2021-07-16 23:44:05 <Response [200]>
2021-07-16 23:44:05 <Response [200]>
2021-07-16 23:44:05 <Response [200]>
2021-07-16 23:44:05 <Response [200]>
2021-07-16 23:44:05 <Response [200]>
2021-07-16 23:44:05 <Response [200]>
2021-07-16 23:44:05 <Response [200]>
2021-07-16 23:44:05 <Response [200]>
2021-07-16 23:44:05 <Response [200]>
2021-07-16 23:44:05 <Response [200]>
2021-07-16 23:44:05 <Response [200]>
2021-07-16 23:44:05 <Response [200]>
2021-07-16 23:44:05 <Response [200]>
2021-07-16 23:44:05 <Response [200]>
2021-07-16 23:44:05 <Response [200]>
2021-07-16 23:44:05 <Response [200]>
2021-07-16 23:44:05 <Response [200]>
2021-07-16 23:44:05 <Response [200]>
2021-07-16 23:44:05 <Response [200]>
2021-07-16 23:44:05 <Response [200]>
2021-07-16 23:44:05 <Response [200]>
2021-07-16 23:44:05 <Response [200]>
2021-07-16 23:44:05 <Response [200]>
2021-07-16 23:44:05 <Response [200]>
2021-07-16 23:44:05 <Response [200]>
2021-07-16 23:44:05 <Response [200]>
2021-07-16 23:44:05 <Response [200]>
2021-07-16 23:44:05 <Response [200]>
2021-07-16 23:44:05 <Response [200]>
2021-07-16 23:44:05 <Response [200]>
2021-07-16 23:44:05 <Response [200]>
2021-07-16 23:44:05 <Response [200]>
2021-07-16 23:44:05 <Response [200]>
2021-07-16 23:44:05 <Response [200]>
2021-07-16 23:44:05 <Response [200]>
2021-07-16 23:44:05 <Response [200]>
2021-07-16 23:44:05 <Response [200]>
2021-07-16 23:44:05 <Response [200]>
2021-07-16 23:44:05 <Response [200]>
2021-07-16 23:44:05 <Response [200]>
2021-07-16 23:44:05 <Response [200]>
2021-07-16 23:44:05 <Response [200]>
2021-07-16 23:44:05 <Response [200]>
2021-07-16 23:44:05 <Response [200]>
2021-07-16 23:44:06 <Response [200]>
2021-07-16 23:44:06 <Response [200]>
2021-07-16 23:44:06 <Response [200]>
2021-07-16 23:44:06 <Response [200]>
2021-07-16 23:44:06 <Response [200]>
2021-07-16 23:44:06 <Response [200]>
2021-07-16 23:44:06 <Response [200]>
2021-07-16 23:44:06 <Response [200]>
2021-07-16 23:44:06 <Response [200]>
2021-07-16 23:44:06 <Response [200]>
2021-07-16 23:44:06 <Response [200]>
2021-07-16 23:44:06 <Response [200]>
2021-07-16 23:44:06 <Response [200]>
2021-07-16 23:44:06 <Response [200]>
2021-07-16 23:44:06 <Response [200]>
2021-07-16 23:44:06 <Response [200]>
2021-07-16 23:44:06 <Response [200]>
2021-07-16 23:44:06 <Response [200]>
2021-07-16 23:44:06 <Response [200]>
2021-07-16 23:44:06 <Response [200]>
2021-07-16 23:44:06 <Response [200]>
2021-07-16 23:44:06 <Response [200]>
2021-07-16 23:44:06 <Response [200]>
2021-07-16 23:44:06 <Response [200]>
2021-07-16 23:44:06 <Response [200]>
2021-07-16 23:44:06 <Response [200]>
2021-07-16 23:44:06 <Response [200]>
2021-07-16 23:44:06 <Response [200]>
2021-07-16 23:44:06 <Response [200]>
2021-07-16 23:44:06 <Response [200]>
2021-07-16 23:44:06 <Response [200]>
2021-07-16 23:44:06 <Response [200]>
2021-07-16 23:44:06 <Response [200]>
2021-07-16 23:44:06 <Response [200]>
2021-07-16 23:44:06 <Response [200]>
2021-07-16 23:44:06 <Response [200]>
2021-07-16 23:44:06 <Response [200]>
2021-07-16 23:44:06 <Response [200]>
2021-07-16 23:44:06 <Response [200]>
2021-07-16 23:44:06 <Response [200]>
2021-07-16 23:44:06 <Response [200]>
2021-07-16 23:44:06 <Response [200]>
2021-07-16 23:44:06 <Response [200]>
2021-07-16 23:44:06 <Response [200]>
2021-07-16 23:44:06 <Response [200]>
2021-07-16 23:44:06 <Response [200]>
2021-07-16 23:44:06 <Response [200]>
2021-07-16 23:44:06 <Response [200]>
2021-07-16 23:44:06 <Response [200]>
2021-07-16 23:44:06 <Response [200]>
2021-07-16 23:44:06 <Response [200]>
2021-07-16 23:44:06 <Response [200]>
2021-07-16 23:44:06 <Response [200]>
2021-07-16 23:44:06 <Response [200]>
2021-07-16 23:44:06 <Response [200]>
2021-07-16 23:44:06 <Response [200]>
2021-07-16 23:44:06 <Response [200]>
2021-07-16 23:44:06 <Response [200]>
2021-07-16 23:44:06 <Response [200]>
2021-07-16 23:44:06 <Response [200]>
2021-07-16 23:44:06 <Response [200]>
2021-07-16 23:44:06 <Response [200]>
2021-07-16 23:44:06 <Response [200]>
2021-07-16 23:44:07 <Response [200]>
2021-07-16 23:44:07 <Response [200]>
2021-07-16 23:44:07 <Response [200]>
2021-07-16 23:44:07 <Response [200]>
2021-07-16 23:44:07 <Response [200]>
2021-07-16 23:44:07 <Response [200]>
2021-07-16 23:44:07 <Response [200]>
2021-07-16 23:44:07 <Response [200]>
2021-07-16 23:44:07 <Response [200]>
2021-07-16 23:44:07 <Response [200]>
2021-07-16 23:44:07 <Response [200]>
2021-07-16 23:44:07 <Response [200]>
2021-07-16 23:44:07 <Response [200]>
2021-07-16 23:44:07 <Response [200]>
2021-07-16 23:44:07 <Response [200]>
2021-07-16 23:44:07 <Response [200]>
2021-07-16 23:44:07 <Response [200]>
2021-07-16 23:44:07 <Response [200]>
2021-07-16 23:44:07 <Response [200]>
2021-07-16 23:44:07 <Response [200]>
2021-07-16 23:44:07 <Response [200]>
2021-07-16 23:44:07 <Response [200]>
2021-07-16 23:44:07 <Response [200]>
2021-07-16 23:44:07 <Response [200]>
2021-07-16 23:44:07 <Response [200]>
2021-07-16 23:44:07 <Response [200]>
2021-07-16 23:44:07 <Response [200]>
2021-07-16 23:44:07 <Response [200]>
2021-07-16 23:44:07 <Response [200]>
2021-07-16 23:44:07 <Response [200]>
2021-07-16 23:44:07 <Response [200]>
2021-07-16 23:44:07 <Response [200]>
2021-07-16 23:44:07 <Response [200]>
2021-07-16 23:44:07 <Response [200]>
2021-07-16 23:44:07 <Response [200]>
2021-07-16 23:44:07 <Response [200]>
2021-07-16 23:44:07 <Response [200]>
2021-07-16 23:44:07 <Response [200]>
2021-07-16 23:44:07 <Response [200]>
2021-07-16 23:44:07 <Response [200]>
2021-07-16 23:44:07 <Response [200]>
2021-07-16 23:44:07 <Response [200]>
2021-07-16 23:44:07 <Response [200]>
2021-07-16 23:44:07 <Response [200]>
2021-07-16 23:44:07 <Response [200]>
2021-07-16 23:44:07 <Response [200]>
2021-07-16 23:44:07 <Response [200]>
2021-07-16 23:44:07 <Response [200]>
2021-07-16 23:44:07 <Response [200]>
2021-07-16 23:44:07 <Response [200]>
2021-07-16 23:44:07 <Response [200]>
2021-07-16 23:44:07 <Response [200]>
2021-07-16 23:44:07 <Response [200]>
2021-07-16 23:44:07 <Response [200]>
2021-07-16 23:44:07 <Response [200]>
2021-07-16 23:44:07 <Response [200]>
2021-07-16 23:44:08 <Response [200]>
2021-07-16 23:44:08 <Response [200]>
2021-07-16 23:44:08 <Response [200]>
2021-07-16 23:44:08 <Response [200]>
2021-07-16 23:44:08 <Response [200]>
2021-07-16 23:44:08 <Response [200]>
2021-07-16 23:44:08 <Response [200]>
2021-07-16 23:44:08 <Response [200]>
2021-07-16 23:44:08 <Response [200]>
2021-07-16 23:44:08 <Response [200]>
2021-07-16 23:44:08 <Response [200]>
2021-07-16 23:44:08 <Response [200]>
2021-07-16 23:44:08 <Response [200]>
2021-07-16 23:44:08 <Response [200]>
2021-07-16 23:44:08 <Response [200]>
2021-07-16 23:44:08 <Response [200]>
2021-07-16 23:44:08 <Response [200]>
2021-07-16 23:44:08 <Response [200]>
2021-07-16 23:44:08 <Response [200]>
2021-07-16 23:44:08 <Response [200]>
2021-07-16 23:44:08 <Response [200]>
2021-07-16 23:44:08 <Response [200]>
2021-07-16 23:44:08 <Response [200]>
2021-07-16 23:44:08 <Response [200]>
2021-07-16 23:44:08 <Response [200]>
2021-07-16 23:44:08 <Response [200]>
2021-07-16 23:44:08 <Response [200]>
2021-07-16 23:44:08 <Response [200]>
2021-07-16 23:44:08 <Response [200]>
2021-07-16 23:44:08 <Response [200]>
2021-07-16 23:44:08 <Response [200]>
2021-07-16 23:44:08 <Response [200]>
2021-07-16 23:44:08 <Response [200]>
2021-07-16 23:44:08 <Response [200]>
2021-07-16 23:44:08 <Response [200]>
2021-07-16 23:44:08 <Response [200]>
2021-07-16 23:44:08 <Response [200]>
2021-07-16 23:44:08 <Response [200]>
2021-07-16 23:44:08 <Response [200]>
2021-07-16 23:44:08 <Response [200]>
2021-07-16 23:44:08 <Response [200]>
2021-07-16 23:44:08 <Response [200]>
2021-07-16 23:44:08 <Response [200]>
2021-07-16 23:44:08 <Response [200]>
2021-07-16 23:44:08 <Response [200]>
2021-07-16 23:44:08 <Response [200]>
2021-07-16 23:44:08 <Response [200]>
2021-07-16 23:44:08 <Response [200]>
2021-07-16 23:44:08 <Response [200]>
2021-07-16 23:44:08 <Response [200]>
2021-07-16 23:44:08 <Response [200]>
2021-07-16 23:44:08 <Response [200]>
2021-07-16 23:44:08 <Response [200]>
2021-07-16 23:44:08 <Response [200]>
2021-07-16 23:44:08 <Response [200]>
2021-07-16 23:44:08 <Response [200]>
2021-07-16 23:44:08 <Response [200]>
2021-07-16 23:44:08 <Response [200]>
2021-07-16 23:44:08 <Response [200]>
2021-07-16 23:44:08 <Response [200]>
2021-07-16 23:44:09 <Response [200]>
2021-07-16 23:44:09 <Response [200]>
2021-07-16 23:44:09 <Response [200]>
2021-07-16 23:44:09 <Response [200]>
2021-07-16 23:44:09 <Response [200]>
2021-07-16 23:44:09 <Response [200]>
2021-07-16 23:44:09 <Response [200]>
2021-07-16 23:44:09 <Response [200]>
2021-07-16 23:44:09 <Response [200]>
2021-07-16 23:44:09 <Response [200]>
2021-07-16 23:44:09 <Response [200]>
2021-07-16 23:44:09 <Response [200]>
2021-07-16 23:44:09 <Response [200]>
2021-07-16 23:44:09 <Response [200]>
2021-07-16 23:44:09 <Response [200]>
2021-07-16 23:44:09 <Response [200]>
2021-07-16 23:44:09 <Response [200]>
2021-07-16 23:44:09 <Response [200]>
2021-07-16 23:44:09 <Response [200]>
2021-07-16 23:44:09 <Response [200]>
2021-07-16 23:44:09 <Response [200]>
2021-07-16 23:44:09 <Response [200]>
2021-07-16 23:44:09 <Response [200]>
2021-07-16 23:44:09 <Response [200]>
2021-07-16 23:44:09 <Response [200]>
2021-07-16 23:44:09 <Response [200]>
2021-07-16 23:44:09 <Response [200]>
2021-07-16 23:44:09 <Response [200]>
2021-07-16 23:44:09 <Response [200]>
2021-07-16 23:44:09 <Response [200]>
2021-07-16 23:44:09 <Response [200]>
2021-07-16 23:44:09 <Response [200]>
2021-07-16 23:44:09 <Response [200]>
2021-07-16 23:44:09 <Response [200]>
2021-07-16 23:44:09 <Response [200]>
2021-07-16 23:44:09 <Response [200]>
2021-07-16 23:44:09 <Response [200]>
2021-07-16 23:44:09 <Response [200]>
2021-07-16 23:44:09 <Response [200]>
2021-07-16 23:44:09 <Response [200]>
2021-07-16 23:44:09 <Response [200]>
2021-07-16 23:44:09 <Response [200]>
2021-07-16 23:44:09 <Response [200]>
2021-07-16 23:44:09 <Response [200]>
2021-07-16 23:44:09 <Response [200]>
2021-07-16 23:44:09 <Response [200]>
2021-07-16 23:44:09 <Response [200]>
2021-07-16 23:44:09 <Response [200]>
2021-07-16 23:44:09 <Response [200]>
2021-07-16 23:44:09 <Response [200]>
2021-07-16 23:44:09 <Response [200]>
2021-07-16 23:44:10 <Response [200]>
2021-07-16 23:44:10 <Response [200]>
2021-07-16 23:44:10 <Response [200]>
2021-07-16 23:44:10 <Response [200]>
2021-07-16 23:44:10 <Response [200]>
2021-07-16 23:44:10 <Response [200]>
2021-07-16 23:44:10 <Response [200]>
2021-07-16 23:44:10 <Response [200]>
2021-07-16 23:44:10 <Response [200]>
2021-07-16 23:44:10 <Response [200]>
2021-07-16 23:44:10 <Response [200]>
2021-07-16 23:44:10 <Response [200]>
2021-07-16 23:44:10 <Response [200]>
2021-07-16 23:44:10 <Response [200]>
2021-07-16 23:44:10 <Response [200]>
2021-07-16 23:44:10 <Response [200]>
2021-07-16 23:44:10 <Response [200]>
2021-07-16 23:44:10 <Response [200]>
2021-07-16 23:44:10 <Response [200]>
2021-07-16 23:44:10 <Response [200]>
2021-07-16 23:44:10 <Response [200]>
2021-07-16 23:44:10 <Response [200]>
2021-07-16 23:44:10 <Response [200]>
2021-07-16 23:44:10 <Response [200]>
2021-07-16 23:44:10 <Response [200]>
2021-07-16 23:44:10 <Response [200]>
2021-07-16 23:44:10 <Response [200]>
2021-07-16 23:44:10 <Response [200]>
2021-07-16 23:44:10 <Response [200]>
2021-07-16 23:44:10 <Response [200]>
2021-07-16 23:44:10 <Response [200]>
2021-07-16 23:44:10 <Response [200]>
2021-07-16 23:44:10 <Response [200]>
2021-07-16 23:44:10 <Response [200]>
2021-07-16 23:44:10 <Response [200]>
2021-07-16 23:44:10 <Response [200]>
2021-07-16 23:44:10 <Response [200]>
2021-07-16 23:44:10 <Response [200]>
2021-07-16 23:44:10 <Response [200]>
2021-07-16 23:44:10 <Response [200]>
2021-07-16 23:44:10 <Response [200]>
2021-07-16 23:44:10 <Response [200]>
2021-07-16 23:44:10 Time: 16.86219882965088
2021-07-18 14:33:26 <Response [200]>
2021-07-18 14:33:26 <Response [200]>
2021-07-18 14:33:26 <Response [200]>
2021-07-18 14:33:26 <Response [200]>
2021-07-18 14:33:26 <Response [200]>
2021-07-18 14:33:26 <Response [200]>
2021-07-18 14:33:26 <Response [200]>
2021-07-18 14:33:26 <Response [200]>
2021-07-18 14:33:26 <Response [200]>
2021-07-18 14:33:26 <Response [200]>
2021-07-18 14:33:26 <Response [200]>
2021-07-18 14:33:26 <Response [200]>
2021-07-18 14:33:26 <Response [200]>
2021-07-18 14:33:26 <Response [200]>
2021-07-18 14:33:26 <Response [200]>
2021-07-18 14:33:26 <Response [200]>
2021-07-18 14:33:26 <Response [200]>
2021-07-18 14:33:26 <Response [200]>
2021-07-18 14:33:26 <Response [200]>
2021-07-18 14:33:26 <Response [200]>
2021-07-18 14:33:26 <Response [200]>
2021-07-18 14:33:26 <Response [200]>
2021-07-18 14:33:26 <Response [200]>
2021-07-18 14:33:26 <Response [200]>
2021-07-18 14:33:26 <Response [200]>
2021-07-18 14:33:26 <Response [200]>
2021-07-18 14:33:26 <Response [200]>
2021-07-18 14:33:26 <Response [200]>
2021-07-18 14:33:26 <Response [200]>
2021-07-18 14:33:26 <Response [200]>
2021-07-18 14:33:26 <Response [200]>
2021-07-18 14:33:26 <Response [200]>
2021-07-18 14:33:26 <Response [200]>
2021-07-18 14:33:26 <Response [200]>
2021-07-18 14:33:26 <Response [200]>
2021-07-18 14:33:26 <Response [200]>
2021-07-18 14:33:26 <Response [200]>
2021-07-18 14:33:26 <Response [200]>
2021-07-18 14:33:26 <Response [200]>
2021-07-18 14:33:26 <Response [200]>
2021-07-18 14:33:26 <Response [200]>
2021-07-18 14:33:26 <Response [200]>
2021-07-18 14:33:26 <Response [200]>
2021-07-18 14:33:26 <Response [200]>
2021-07-18 14:33:26 <Response [200]>
2021-07-18 14:33:26 <Response [200]>
2021-07-18 14:33:26 <Response [200]>
2021-07-18 14:33:26 <Response [200]>
2021-07-18 14:33:26 <Response [200]>
2021-07-18 14:33:26 <Response [200]>
2021-07-18 14:33:26 <Response [200]>
2021-07-18 14:33:26 <Response [200]>
2021-07-18 14:33:26 <Response [200]>
2021-07-18 14:33:26 <Response [200]>
2021-07-18 14:33:26 <Response [200]>
2021-07-18 14:33:26 <Response [200]>
2021-07-18 14:33:26 <Response [200]>
2021-07-18 14:33:26 <Response [200]>
2021-07-18 14:33:26 <Response [200]>
2021-07-18 14:33:26 <Response [200]>
2021-07-18 14:33:26 <Response [200]>
2021-07-18 14:33:26 <Response [200]>
2021-07-18 14:33:26 <Response [200]>
2021-07-18 14:33:26 <Response [200]>
2021-07-18 14:33:26 <Response [200]>
2021-07-18 14:33:26 <Response [200]>
2021-07-18 14:33:26 <Response [200]>
2021-07-18 14:33:26 <Response [200]>
2021-07-18 14:33:26 <Response [200]>
2021-07-18 14:33:26 <Response [200]>
2021-07-18 14:33:26 <Response [200]>
2021-07-18 14:33:26 <Response [200]>
2021-07-18 14:33:26 <Response [200]>
2021-07-18 14:33:26 <Response [200]>
2021-07-18 14:33:26 <Response [200]>
2021-07-18 14:33:26 <Response [200]>
2021-07-18 14:33:26 <Response [200]>
2021-07-18 14:33:26 <Response [200]>
2021-07-18 14:33:26 <Response [200]>
2021-07-18 14:33:26 <Response [200]>
2021-07-18 14:33:26 <Response [200]>
2021-07-18 14:33:26 <Response [200]>
2021-07-18 14:33:26 <Response [200]>
2021-07-18 14:33:26 <Response [200]>
2021-07-18 14:33:26 <Response [200]>
2021-07-18 14:33:26 <Response [200]>
2021-07-18 14:33:26 <Response [200]>
2021-07-18 14:33:26 <Response [200]>
2021-07-18 14:33:26 <Response [200]>
2021-07-18 14:33:26 <Response [200]>
2021-07-18 14:33:26 <Response [200]>
2021-07-18 14:33:26 <Response [200]>
2021-07-18 14:33:26 <Response [200]>
2021-07-18 14:33:26 <Response [200]>
2021-07-18 14:33:26 <Response [200]>
2021-07-18 14:33:26 <Response [200]>
2021-07-18 14:33:26 <Response [200]>
2021-07-18 14:33:26 <Response [200]>
2021-07-18 14:33:26 <Response [200]>
2021-07-18 14:33:26 <Response [200]>
2021-07-18 14:33:26 Time: 1.1999835968017578
2021-07-18 14:34:06 <Response [200]>
2021-07-18 14:34:07 <Response [200]>
2021-07-18 14:34:07 <Response [200]>
2021-07-18 14:34:07 <Response [200]>
2021-07-18 14:34:07 <Response [200]>
2021-07-18 14:34:07 <Response [200]>
2021-07-18 14:34:07 <Response [200]>
2021-07-18 14:34:08 <Response [200]>
2021-07-18 14:34:08 <Response [200]>
2021-07-18 14:34:09 <Response [200]>
2021-07-18 14:34:09 <Response [200]>
2021-07-18 14:34:09 <Response [200]>
2021-07-18 14:34:09 <Response [200]>
2021-07-18 14:34:09 <Response [200]>
2021-07-18 14:34:10 <Response [200]>
2021-07-18 14:34:10 <Response [200]>
2021-07-18 14:34:10 <Response [200]>
2021-07-18 14:34:10 <Response [200]>
2021-07-18 14:34:11 <Response [200]>
2021-07-18 14:34:11 <Response [200]>
2021-07-18 14:34:11 <Response [200]>
2021-07-18 14:34:11 <Response [200]>
2021-07-18 14:34:11 <Response [200]>
2021-07-18 14:34:12 <Response [200]>
2021-07-18 14:34:12 <Response [200]>
2021-07-18 14:34:12 <Response [200]>
2021-07-18 14:34:12 <Response [200]>
2021-07-18 14:34:12 <Response [200]>
2021-07-18 14:34:13 <Response [200]>
2021-07-18 14:34:13 <Response [200]>
2021-07-18 14:34:13 <Response [200]>
2021-07-18 14:34:13 <Response [200]>
2021-07-18 14:34:13 <Response [200]>
2021-07-18 14:34:13 <Response [200]>
2021-07-18 14:34:14 <Response [200]>
2021-07-18 14:34:14 <Response [200]>
2021-07-18 14:34:14 <Response [200]>
2021-07-18 14:34:14 <Response [200]>
2021-07-18 14:34:14 <Response [200]>
2021-07-18 14:34:15 <Response [200]>
2021-07-18 14:34:15 <Response [200]>
2021-07-18 14:34:15 <Response [200]>
2021-07-18 14:34:15 <Response [200]>
2021-07-18 14:34:15 <Response [200]>
2021-07-18 14:34:16 <Response [200]>
2021-07-18 14:34:16 <Response [200]>
2021-07-18 14:34:16 <Response [200]>
2021-07-18 14:34:16 <Response [200]>
2021-07-18 14:34:16 <Response [200]>
2021-07-18 14:34:17 <Response [200]>
2021-07-18 14:34:17 <Response [200]>
2021-07-18 14:34:17 <Response [200]>
2021-07-18 14:34:18 <Response [200]>
2021-07-18 14:34:18 <Response [200]>
2021-07-18 14:34:19 <Response [200]>
2021-07-18 14:34:19 <Response [200]>
2021-07-18 14:34:19 <Response [200]>
2021-07-18 14:34:19 <Response [200]>
2021-07-18 14:34:19 <Response [200]>
2021-07-18 14:34:20 <Response [200]>
2021-07-18 14:34:20 <Response [200]>
2021-07-18 14:34:20 <Response [200]>
2021-07-18 14:34:20 <Response [200]>
2021-07-18 14:34:20 <Response [200]>
2021-07-18 14:34:21 <Response [200]>
2021-07-18 14:34:21 <Response [200]>
2021-07-18 14:34:21 <Response [200]>
2021-07-18 14:34:21 <Response [200]>
2021-07-18 14:34:21 <Response [200]>
2021-07-18 14:34:21 <Response [200]>
2021-07-18 14:34:22 <Response [200]>
2021-07-18 14:34:22 <Response [200]>
2021-07-18 14:34:22 <Response [200]>
2021-07-18 14:34:22 <Response [200]>
2021-07-18 14:34:22 <Response [200]>
2021-07-18 14:34:23 <Response [200]>
2021-07-18 14:34:23 <Response [200]>
2021-07-18 14:34:23 <Response [200]>
2021-07-18 14:34:23 <Response [200]>
2021-07-18 14:34:24 <Response [200]>
2021-07-18 14:34:24 <Response [200]>
2021-07-18 14:34:24 <Response [200]>
2021-07-18 14:34:24 <Response [200]>
2021-07-18 14:34:25 <Response [200]>
2021-07-18 14:34:25 <Response [200]>
2021-07-18 14:34:25 <Response [200]>
2021-07-18 14:34:25 <Response [200]>
2021-07-18 14:34:26 <Response [200]>
2021-07-18 14:34:26 <Response [200]>
2021-07-18 14:34:26 <Response [200]>
2021-07-18 14:34:26 <Response [200]>
2021-07-18 14:34:26 <Response [200]>
2021-07-18 14:34:27 <Response [200]>
2021-07-18 14:34:27 <Response [200]>
2021-07-18 14:34:27 <Response [200]>
2021-07-18 14:34:27 <Response [200]>
2021-07-18 14:34:27 <Response [200]>
2021-07-18 14:34:28 <Response [200]>
2021-07-18 14:34:28 <Response [200]>
2021-07-18 14:34:28 <Response [200]>
2021-07-18 14:34:28 Time: 22.023993730545044
2021-07-18 14:35:20 <Response [200]>
2021-07-18 14:35:20 <Response [200]>
2021-07-18 14:35:21 <Response [200]>
2021-07-18 14:35:21 <Response [200]>
2021-07-18 14:35:21 <Response [200]>
2021-07-18 14:35:21 <Response [200]>
2021-07-18 14:35:21 <Response [200]>
2021-07-18 14:35:22 <Response [200]>
2021-07-18 14:35:22 <Response [200]>
2021-07-18 14:35:22 <Response [200]>
2021-07-18 14:35:22 <Response [200]>
2021-07-18 14:35:23 <Response [200]>
2021-07-18 14:35:23 <Response [200]>
2021-07-18 14:35:23 <Response [200]>
2021-07-18 14:35:23 <Response [200]>
2021-07-18 14:35:23 <Response [200]>
2021-07-18 14:35:24 <Response [200]>
2021-07-18 14:35:24 <Response [200]>
2021-07-18 14:35:25 <Response [200]>
2021-07-18 14:35:25 <Response [200]>
2021-07-18 14:35:25 <Response [200]>
2021-07-18 14:35:25 <Response [200]>
2021-07-18 14:35:25 <Response [200]>
2021-07-18 14:35:26 <Response [200]>
2021-07-18 14:35:26 <Response [200]>
2021-07-18 14:35:26 <Response [200]>
2021-07-18 14:35:26 <Response [200]>
2021-07-18 14:35:26 <Response [200]>
2021-07-18 14:35:27 <Response [200]>
2021-07-18 14:35:27 <Response [200]>
2021-07-18 14:35:27 <Response [200]>
2021-07-18 14:35:27 <Response [200]>
2021-07-18 14:35:28 <Response [200]>
2021-07-18 14:35:28 <Response [200]>
2021-07-18 14:35:28 <Response [200]>
2021-07-18 14:35:28 <Response [200]>
2021-07-18 14:35:28 <Response [200]>
2021-07-18 14:35:29 <Response [200]>
2021-07-18 14:35:29 <Response [200]>
2021-07-18 14:35:29 <Response [200]>
2021-07-18 14:35:29 <Response [200]>
2021-07-18 14:35:30 <Response [200]>
2021-07-18 14:35:30 <Response [200]>
2021-07-18 14:35:30 <Response [200]>
2021-07-18 14:35:30 <Response [200]>
2021-07-18 14:35:31 <Response [200]>
2021-07-18 14:35:31 <Response [200]>
2021-07-18 14:35:31 <Response [200]>
2021-07-18 14:35:31 <Response [200]>
2021-07-18 14:35:32 <Response [200]>
2021-07-18 14:35:32 <Response [200]>
2021-07-18 14:35:32 <Response [200]>
2021-07-18 14:35:33 <Response [200]>
2021-07-18 14:35:33 <Response [200]>
2021-07-18 14:35:33 <Response [200]>
2021-07-18 14:35:33 <Response [200]>
2021-07-18 14:35:33 <Response [200]>
2021-07-18 14:35:34 <Response [200]>
2021-07-18 14:35:34 <Response [200]>
2021-07-18 14:35:34 <Response [200]>
2021-07-18 14:35:34 <Response [200]>
2021-07-18 14:35:34 <Response [200]>
2021-07-18 14:35:35 <Response [200]>
2021-07-18 14:35:35 <Response [200]>
2021-07-18 14:35:35 <Response [200]>
2021-07-18 14:35:36 <Response [200]>
2021-07-18 14:35:36 <Response [200]>
2021-07-18 14:35:36 <Response [200]>
2021-07-18 14:35:36 <Response [200]>
2021-07-18 14:35:37 <Response [200]>
2021-07-18 14:35:37 <Response [200]>
2021-07-18 14:35:37 <Response [200]>
2021-07-18 14:35:37 <Response [200]>
2021-07-18 14:35:37 <Response [200]>
2021-07-18 14:35:38 <Response [200]>
2021-07-18 14:35:38 <Response [200]>
2021-07-18 14:35:38 <Response [200]>
2021-07-18 14:35:38 <Response [200]>
2021-07-18 14:35:39 <Response [200]>
2021-07-18 14:35:39 <Response [200]>
2021-07-18 14:35:39 <Response [200]>
2021-07-18 14:35:40 <Response [200]>
2021-07-18 14:35:40 <Response [200]>
2021-07-18 14:35:40 <Response [200]>
2021-07-18 14:35:40 <Response [200]>
2021-07-18 14:35:40 <Response [200]>
2021-07-18 14:35:41 <Response [200]>
2021-07-18 14:35:41 <Response [200]>
2021-07-18 14:35:41 <Response [200]>
2021-07-18 14:35:41 <Response [200]>
2021-07-18 14:35:41 <Response [200]>
2021-07-18 14:35:42 <Response [200]>
2021-07-18 14:35:42 <Response [200]>
2021-07-18 14:35:42 <Response [200]>
2021-07-18 14:35:42 <Response [200]>
2021-07-18 14:35:42 <Response [200]>
2021-07-18 14:35:42 <Response [200]>
2021-07-18 14:35:43 <Response [200]>
2021-07-18 14:35:43 <Response [200]>
2021-07-18 14:35:43 <Response [200]>
2021-07-18 14:35:43 <Response [200]>
2021-07-18 14:35:43 <Response [200]>
2021-07-18 14:35:44 <Response [200]>
2021-07-18 14:35:44 <Response [200]>
2021-07-18 14:35:44 <Response [200]>
2021-07-18 14:35:44 <Response [200]>
2021-07-18 14:35:45 <Response [200]>
2021-07-18 14:35:46 <Response [200]>
2021-07-18 14:35:46 <Response [200]>
2021-07-18 14:35:46 <Response [200]>
2021-07-18 14:35:46 <Response [200]>
2021-07-18 14:35:47 <Response [200]>
2021-07-18 14:35:47 <Response [200]>
2021-07-18 14:35:47 <Response [200]>
2021-07-18 14:35:47 <Response [200]>
2021-07-18 14:35:47 <Response [200]>
2021-07-18 14:35:48 <Response [200]>
2021-07-18 14:35:48 <Response [200]>
2021-07-18 14:35:48 <Response [200]>
2021-07-18 14:35:48 <Response [200]>
2021-07-18 14:35:49 <Response [200]>
2021-07-18 14:35:49 <Response [200]>
2021-07-18 14:35:49 <Response [200]>
2021-07-18 14:35:49 <Response [200]>
2021-07-18 14:35:49 <Response [200]>
2021-07-18 14:35:49 <Response [200]>
2021-07-18 14:35:50 <Response [200]>
2021-07-18 14:35:50 <Response [200]>
2021-07-18 14:35:50 <Response [200]>
2021-07-18 14:35:50 <Response [200]>
2021-07-18 14:35:50 <Response [200]>
2021-07-18 14:35:51 <Response [200]>
2021-07-18 14:35:51 <Response [200]>
2021-07-18 14:35:51 <Response [200]>
2021-07-18 14:35:51 <Response [200]>
2021-07-18 14:35:52 <Response [200]>
2021-07-18 14:35:52 <Response [200]>
2021-07-18 14:35:52 <Response [200]>
2021-07-18 14:35:52 <Response [200]>
2021-07-18 14:35:53 <Response [200]>
2021-07-18 14:35:53 <Response [200]>
2021-07-18 14:35:53 <Response [200]>
2021-07-18 14:35:53 <Response [200]>
2021-07-18 14:35:53 <Response [200]>
2021-07-18 14:35:54 <Response [200]>
2021-07-18 14:35:54 <Response [200]>
2021-07-18 14:35:54 <Response [200]>
2021-07-18 14:35:55 <Response [200]>
2021-07-18 14:35:55 <Response [200]>
2021-07-18 14:35:55 <Response [200]>
2021-07-18 14:35:55 <Response [200]>
2021-07-18 14:35:55 <Response [200]>
2021-07-18 14:35:56 <Response [200]>
2021-07-18 14:35:56 <Response [200]>
2021-07-18 14:35:56 <Response [200]>
2021-07-18 14:35:56 <Response [200]>
2021-07-18 14:35:56 <Response [200]>
2021-07-18 14:35:57 <Response [200]>
2021-07-18 14:35:57 <Response [200]>
2021-07-18 14:35:57 <Response [200]>
2021-07-18 14:35:58 <Response [200]>
2021-07-18 14:35:58 <Response [200]>
2021-07-18 14:35:58 <Response [200]>
2021-07-18 14:35:58 <Response [200]>
2021-07-18 14:35:58 <Response [200]>
2021-07-18 14:35:59 <Response [200]>
2021-07-18 14:35:59 <Response [200]>
2021-07-18 14:35:59 <Response [200]>
2021-07-18 14:35:59 <Response [200]>
2021-07-18 14:35:59 <Response [200]>
2021-07-18 14:36:00 <Response [200]>
2021-07-18 14:36:00 <Response [200]>
2021-07-18 14:36:00 <Response [200]>
2021-07-18 14:36:00 <Response [200]>
2021-07-18 14:36:00 <Response [200]>
2021-07-18 14:36:01 <Response [200]>
2021-07-18 14:36:01 <Response [200]>
2021-07-18 14:36:01 <Response [200]>
2021-07-18 14:36:01 <Response [200]>
2021-07-18 14:36:01 <Response [200]>
2021-07-18 14:36:02 <Response [200]>
2021-07-18 14:36:02 <Response [200]>
2021-07-18 14:36:02 <Response [200]>
2021-07-18 14:36:02 <Response [200]>
2021-07-18 14:36:02 <Response [200]>
2021-07-18 14:36:03 <Response [200]>
2021-07-18 14:36:03 <Response [200]>
2021-07-18 14:36:03 <Response [200]>
2021-07-18 14:36:03 <Response [200]>
2021-07-18 14:36:04 <Response [200]>
2021-07-18 14:36:05 <Response [200]>
2021-07-18 14:36:05 <Response [200]>
2021-07-18 14:36:05 <Response [200]>
2021-07-18 14:36:05 <Response [200]>
2021-07-18 14:36:05 <Response [200]>
2021-07-18 14:36:06 <Response [200]>
2021-07-18 14:36:06 <Response [200]>
2021-07-18 14:36:06 <Response [200]>
2021-07-18 14:36:06 <Response [200]>
2021-07-18 14:36:07 <Response [200]>
2021-07-18 14:36:07 <Response [200]>
2021-07-18 14:36:07 <Response [200]>
2021-07-18 14:36:07 <Response [200]>
2021-07-18 14:36:07 <Response [200]>
2021-07-18 14:36:08 <Response [200]>
2021-07-18 14:36:08 <Response [200]>
2021-07-18 14:36:08 <Response [200]>
2021-07-18 14:36:08 <Response [200]>
2021-07-18 14:36:08 <Response [200]>
2021-07-18 14:36:09 <Response [200]>
2021-07-18 14:36:09 <Response [200]>
2021-07-18 14:36:10 <Response [200]>
2021-07-18 14:36:10 <Response [200]>
2021-07-18 14:36:10 <Response [200]>
2021-07-18 14:36:10 <Response [200]>
2021-07-18 14:36:10 <Response [200]>
2021-07-18 14:36:11 <Response [200]>
2021-07-18 14:36:11 <Response [200]>
2021-07-18 14:36:11 <Response [200]>
2021-07-18 14:36:11 <Response [200]>
2021-07-18 14:36:11 <Response [200]>
2021-07-18 14:36:12 <Response [200]>
2021-07-18 14:36:12 <Response [200]>
2021-07-18 14:36:12 <Response [200]>
2021-07-18 14:36:12 <Response [200]>
2021-07-18 14:36:13 <Response [200]>
2021-07-18 14:36:13 <Response [200]>
2021-07-18 14:36:13 <Response [200]>
2021-07-18 14:36:13 <Response [200]>
2021-07-18 14:36:14 <Response [200]>
2021-07-18 14:36:14 <Response [200]>
2021-07-18 14:36:14 <Response [200]>
2021-07-18 14:36:14 <Response [200]>
2021-07-18 14:36:14 <Response [200]>
2021-07-18 14:36:15 <Response [200]>
2021-07-18 14:36:15 <Response [200]>
2021-07-18 14:36:15 <Response [200]>
2021-07-18 14:36:15 <Response [200]>
2021-07-18 14:36:16 <Response [200]>
2021-07-18 14:36:16 <Response [200]>
2021-07-18 14:36:16 <Response [200]>
2021-07-18 14:36:16 <Response [200]>
2021-07-18 14:36:16 <Response [200]>
2021-07-18 14:36:17 <Response [200]>
2021-07-18 14:36:17 <Response [200]>
2021-07-18 14:36:17 <Response [200]>
2021-07-18 14:36:17 <Response [200]>
2021-07-18 14:36:17 <Response [200]>
2021-07-18 14:36:18 <Response [200]>
2021-07-18 14:36:18 <Response [200]>
2021-07-18 14:36:18 <Response [200]>
2021-07-18 14:36:18 <Response [200]>
2021-07-18 14:36:18 <Response [200]>
2021-07-18 14:36:19 <Response [200]>
2021-07-18 14:36:19 <Response [200]>
2021-07-18 14:36:19 <Response [200]>
2021-07-18 14:36:19 <Response [200]>
2021-07-18 14:36:19 <Response [200]>
2021-07-18 14:36:20 <Response [200]>
2021-07-18 14:36:20 <Response [200]>
2021-07-18 14:36:20 <Response [200]>
2021-07-18 14:36:20 <Response [200]>
2021-07-18 14:36:21 <Response [200]>
2021-07-18 14:36:21 <Response [200]>
2021-07-18 14:36:21 <Response [200]>
2021-07-18 14:36:22 <Response [200]>
2021-07-18 14:36:22 <Response [200]>
2021-07-18 14:36:22 <Response [200]>
2021-07-18 14:36:22 <Response [200]>
2021-07-18 14:36:23 <Response [200]>
2021-07-18 14:36:23 <Response [200]>
2021-07-18 14:36:23 <Response [200]>
2021-07-18 14:36:23 <Response [200]>
2021-07-18 14:36:24 <Response [200]>
2021-07-18 14:36:24 <Response [200]>
2021-07-18 14:36:25 <Response [200]>
2021-07-18 14:36:26 <Response [200]>
2021-07-18 14:36:26 <Response [200]>
2021-07-18 14:36:26 <Response [200]>
2021-07-18 14:36:26 <Response [200]>
2021-07-18 14:36:27 <Response [200]>
2021-07-18 14:36:27 <Response [200]>
2021-07-18 14:36:27 <Response [200]>
2021-07-18 14:36:27 <Response [200]>
2021-07-18 14:36:28 <Response [200]>
2021-07-18 14:36:28 <Response [200]>
2021-07-18 14:36:28 <Response [200]>
2021-07-18 14:36:28 <Response [200]>
2021-07-18 14:36:29 <Response [200]>
2021-07-18 14:36:29 <Response [200]>
2021-07-18 14:36:29 <Response [200]>
2021-07-18 14:36:29 <Response [200]>
2021-07-18 14:36:29 <Response [200]>
2021-07-18 14:36:30 <Response [200]>
2021-07-18 14:36:30 <Response [200]>
2021-07-18 14:36:30 <Response [200]>
2021-07-18 14:36:30 <Response [200]>
2021-07-18 14:36:31 <Response [200]>
2021-07-18 14:36:31 <Response [200]>
2021-07-18 14:36:31 <Response [200]>
2021-07-18 14:36:32 <Response [200]>
2021-07-18 14:36:32 <Response [200]>
2021-07-18 14:36:32 <Response [200]>
2021-07-18 14:36:32 <Response [200]>
2021-07-18 14:36:32 <Response [200]>
2021-07-18 14:36:33 <Response [200]>
2021-07-18 14:36:33 <Response [200]>
2021-07-18 14:36:33 <Response [200]>
2021-07-18 14:36:33 <Response [200]>
2021-07-18 14:36:34 <Response [200]>
2021-07-18 14:36:34 <Response [200]>
2021-07-18 14:36:34 <Response [200]>
2021-07-18 14:36:34 <Response [200]>
2021-07-18 14:36:35 <Response [200]>
2021-07-18 14:36:35 <Response [200]>
2021-07-18 14:36:35 <Response [200]>
2021-07-18 14:36:35 <Response [200]>
2021-07-18 14:36:35 <Response [200]>
2021-07-18 14:36:36 <Response [200]>
2021-07-18 14:36:36 <Response [200]>
2021-07-18 14:36:36 <Response [200]>
2021-07-18 14:36:36 <Response [200]>
2021-07-18 14:36:37 <Response [200]>
2021-07-18 14:36:37 <Response [200]>
2021-07-18 14:36:37 <Response [200]>
2021-07-18 14:36:37 <Response [200]>
2021-07-18 14:36:38 <Response [200]>
2021-07-18 14:36:38 <Response [200]>
2021-07-18 14:36:38 <Response [200]>
2021-07-18 14:36:38 <Response [200]>
2021-07-18 14:36:39 <Response [200]>
2021-07-18 14:36:39 <Response [200]>
2021-07-18 14:36:39 <Response [200]>
2021-07-18 14:36:40 <Response [200]>
2021-07-18 14:36:40 <Response [200]>
2021-07-18 14:36:40 <Response [200]>
2021-07-18 14:36:41 <Response [200]>
2021-07-18 14:36:41 <Response [200]>
2021-07-18 14:36:42 <Response [200]>
2021-07-18 14:36:42 <Response [200]>
2021-07-18 14:36:42 <Response [200]>
2021-07-18 14:36:42 <Response [200]>
2021-07-18 14:36:43 <Response [200]>
2021-07-18 14:36:43 <Response [200]>
2021-07-18 14:36:43 <Response [200]>
2021-07-18 14:36:43 <Response [200]>
2021-07-18 14:36:43 <Response [200]>
2021-07-18 14:36:44 <Response [200]>
2021-07-18 14:36:44 <Response [200]>
2021-07-18 14:36:44 <Response [200]>
2021-07-18 14:36:44 <Response [200]>
2021-07-18 14:36:44 <Response [200]>
2021-07-18 14:36:45 <Response [200]>
2021-07-18 14:36:45 <Response [200]>
2021-07-18 14:36:45 <Response [200]>
2021-07-18 14:36:46 <Response [200]>
2021-07-18 14:36:46 <Response [200]>
2021-07-18 14:36:46 <Response [200]>
2021-07-18 14:36:46 <Response [200]>
2021-07-18 14:36:46 <Response [200]>
2021-07-18 14:36:46 <Response [200]>
2021-07-18 14:36:47 <Response [200]>
2021-07-18 14:36:47 <Response [200]>
2021-07-18 14:36:47 <Response [200]>
2021-07-18 14:36:47 <Response [200]>
2021-07-18 14:36:47 <Response [200]>
2021-07-18 14:36:48 <Response [200]>
2021-07-18 14:36:48 <Response [200]>
2021-07-18 14:36:48 <Response [200]>
2021-07-18 14:36:48 <Response [200]>
2021-07-18 14:36:49 <Response [200]>
2021-07-18 14:36:49 <Response [200]>
2021-07-18 14:36:49 <Response [200]>
2021-07-18 14:36:49 <Response [200]>
2021-07-18 14:36:49 <Response [200]>
2021-07-18 14:36:50 <Response [200]>
2021-07-18 14:36:50 <Response [200]>
2021-07-18 14:36:50 <Response [200]>
2021-07-18 14:36:50 <Response [200]>
2021-07-18 14:36:50 <Response [200]>
2021-07-18 14:36:51 <Response [200]>
2021-07-18 14:36:51 <Response [200]>
2021-07-18 14:36:51 <Response [200]>
2021-07-18 14:36:51 <Response [200]>
2021-07-18 14:36:51 <Response [200]>
2021-07-18 14:36:51 <Response [200]>
2021-07-18 14:36:52 <Response [200]>
2021-07-18 14:36:52 <Response [200]>
2021-07-18 14:36:52 <Response [200]>
2021-07-18 14:36:52 <Response [200]>
2021-07-18 14:36:52 <Response [200]>
2021-07-18 14:36:53 <Response [200]>
2021-07-18 14:36:53 <Response [200]>
2021-07-18 14:36:53 <Response [200]>
2021-07-18 14:36:53 <Response [200]>
2021-07-18 14:36:53 <Response [200]>
2021-07-18 14:36:54 <Response [200]>
2021-07-18 14:36:54 <Response [200]>
2021-07-18 14:36:54 <Response [200]>
2021-07-18 14:36:55 <Response [200]>
2021-07-18 14:36:55 <Response [200]>
2021-07-18 14:36:55 <Response [200]>
2021-07-18 14:36:55 <Response [200]>
2021-07-18 14:36:55 <Response [200]>
2021-07-18 14:36:56 <Response [200]>
2021-07-18 14:36:56 <Response [200]>
2021-07-18 14:36:56 <Response [200]>
2021-07-18 14:36:56 <Response [200]>
2021-07-18 14:36:56 <Response [200]>
2021-07-18 14:36:57 <Response [200]>
2021-07-18 14:36:57 <Response [200]>
2021-07-18 14:36:57 <Response [200]>
2021-07-18 14:36:57 <Response [200]>
2021-07-18 14:36:58 <Response [200]>
2021-07-18 14:36:58 <Response [200]>
2021-07-18 14:36:58 <Response [200]>
2021-07-18 14:36:58 <Response [200]>
2021-07-18 14:36:59 <Response [200]>
2021-07-18 14:36:59 <Response [200]>
2021-07-18 14:36:59 <Response [200]>
2021-07-18 14:36:59 <Response [200]>
2021-07-18 14:36:59 <Response [200]>
2021-07-18 14:37:00 <Response [200]>
2021-07-18 14:37:00 <Response [200]>
2021-07-18 14:37:00 <Response [200]>
2021-07-18 14:37:00 <Response [200]>
2021-07-18 14:37:01 <Response [200]>
2021-07-18 14:37:01 <Response [200]>
2021-07-18 14:37:01 <Response [200]>
2021-07-18 14:37:01 <Response [200]>
2021-07-18 14:37:02 <Response [200]>
2021-07-18 14:37:02 <Response [200]>
2021-07-18 14:37:02 <Response [200]>
2021-07-18 14:37:02 <Response [200]>
2021-07-18 14:37:02 <Response [200]>
2021-07-18 14:37:03 <Response [200]>
2021-07-18 14:37:03 <Response [200]>
2021-07-18 14:37:03 <Response [200]>
2021-07-18 14:37:03 <Response [200]>
2021-07-18 14:37:04 <Response [200]>
2021-07-18 14:37:04 <Response [200]>
2021-07-18 14:37:04 <Response [200]>
2021-07-18 14:37:04 <Response [200]>
2021-07-18 14:37:05 <Response [200]>
2021-07-18 14:37:05 <Response [200]>
2021-07-18 14:37:05 <Response [200]>
2021-07-18 14:37:05 <Response [200]>
2021-07-18 14:37:05 <Response [200]>
2021-07-18 14:37:06 <Response [200]>
2021-07-18 14:37:06 <Response [200]>
2021-07-18 14:37:06 <Response [200]>
2021-07-18 14:37:06 <Response [200]>
2021-07-18 14:37:06 <Response [200]>
2021-07-18 14:37:07 <Response [200]>
2021-07-18 14:37:07 <Response [200]>
2021-07-18 14:37:07 <Response [200]>
2021-07-18 14:37:08 <Response [200]>
2021-07-18 14:37:08 <Response [200]>
2021-07-18 14:37:08 <Response [200]>
2021-07-18 14:37:08 <Response [200]>
2021-07-18 14:37:08 <Response [200]>
2021-07-18 14:37:08 <Response [200]>
2021-07-18 14:37:09 <Response [200]>
2021-07-18 14:37:09 <Response [200]>
2021-07-18 14:37:09 <Response [200]>
2021-07-18 14:37:10 <Response [200]>
2021-07-18 14:37:10 <Response [200]>
2021-07-18 14:37:10 <Response [200]>
2021-07-18 14:37:10 <Response [200]>
2021-07-18 14:37:10 <Response [200]>
2021-07-18 14:37:11 <Response [200]>
2021-07-18 14:37:11 <Response [200]>
2021-07-18 14:37:11 <Response [200]>
2021-07-18 14:37:11 <Response [200]>
2021-07-18 14:37:11 <Response [200]>
2021-07-18 14:37:12 <Response [200]>
2021-07-18 14:37:12 <Response [200]>
2021-07-18 14:37:12 <Response [200]>
2021-07-18 14:37:12 <Response [200]>
2021-07-18 14:37:12 <Response [200]>
2021-07-18 14:37:13 <Response [200]>
2021-07-18 14:37:13 <Response [200]>
2021-07-18 14:37:13 <Response [200]>
2021-07-18 14:37:13 <Response [200]>
2021-07-18 14:37:13 <Response [200]>
2021-07-18 14:37:14 <Response [200]>
2021-07-18 14:37:14 <Response [200]>
2021-07-18 14:37:14 <Response [200]>
2021-07-18 14:37:14 <Response [200]>
2021-07-18 14:37:14 <Response [200]>
2021-07-18 14:37:15 <Response [200]>
2021-07-18 14:37:15 <Response [200]>
2021-07-18 14:37:15 <Response [200]>
2021-07-18 14:37:15 <Response [200]>
2021-07-18 14:37:15 <Response [200]>
2021-07-18 14:37:16 <Response [200]>
2021-07-18 14:37:16 <Response [200]>
2021-07-18 14:37:16 <Response [200]>
2021-07-18 14:37:16 <Response [200]>
2021-07-18 14:37:16 <Response [200]>
2021-07-18 14:37:17 <Response [200]>
2021-07-18 14:37:17 <Response [200]>
2021-07-18 14:37:17 <Response [200]>
2021-07-18 14:37:17 <Response [200]>
2021-07-18 14:37:17 <Response [200]>
2021-07-18 14:37:17 <Response [200]>
2021-07-18 14:37:18 <Response [200]>
2021-07-18 14:37:18 <Response [200]>
2021-07-18 14:37:18 <Response [200]>
2021-07-18 14:37:18 <Response [200]>
2021-07-18 14:37:18 <Response [200]>
2021-07-18 14:37:19 <Response [200]>
2021-07-18 14:37:19 <Response [200]>
2021-07-18 14:37:19 <Response [200]>
2021-07-18 14:37:19 <Response [200]>
2021-07-18 14:37:19 <Response [200]>
2021-07-18 14:37:20 <Response [200]>
2021-07-18 14:37:20 <Response [200]>
2021-07-18 14:37:20 <Response [200]>
2021-07-18 14:37:20 <Response [200]>
2021-07-18 14:37:20 <Response [200]>
2021-07-18 14:37:21 <Response [200]>
2021-07-18 14:37:21 <Response [200]>
2021-07-18 14:37:21 <Response [200]>
2021-07-18 14:37:21 <Response [200]>
2021-07-18 14:37:21 <Response [200]>
2021-07-18 14:37:22 <Response [200]>
2021-07-18 14:37:22 <Response [200]>
2021-07-18 14:37:22 <Response [200]>
2021-07-18 14:37:22 <Response [200]>
2021-07-18 14:37:22 <Response [200]>
2021-07-18 14:37:23 <Response [200]>
2021-07-18 14:37:23 <Response [200]>
2021-07-18 14:37:23 <Response [200]>
2021-07-18 14:37:23 <Response [200]>
2021-07-18 14:37:24 <Response [200]>
2021-07-18 14:37:24 <Response [200]>
2021-07-18 14:37:24 <Response [200]>
2021-07-18 14:37:25 <Response [200]>
2021-07-18 14:37:25 <Response [200]>
2021-07-18 14:37:25 <Response [200]>
2021-07-18 14:37:25 <Response [200]>
2021-07-18 14:37:25 <Response [200]>
2021-07-18 14:37:26 <Response [200]>
2021-07-18 14:37:26 <Response [200]>
2021-07-18 14:37:26 <Response [200]>
2021-07-18 14:37:26 <Response [200]>
2021-07-18 14:37:26 <Response [200]>
2021-07-18 14:37:27 <Response [200]>
2021-07-18 14:37:27 <Response [200]>
2021-07-18 14:37:27 <Response [200]>
2021-07-18 14:37:27 <Response [200]>
2021-07-18 14:37:27 <Response [200]>
2021-07-18 14:37:28 <Response [200]>
2021-07-18 14:37:28 <Response [200]>
2021-07-18 14:37:28 <Response [200]>
2021-07-18 14:37:28 <Response [200]>
2021-07-18 14:37:28 <Response [200]>
2021-07-18 14:37:29 <Response [200]>
2021-07-18 14:37:29 <Response [200]>
2021-07-18 14:37:29 <Response [200]>
2021-07-18 14:37:29 <Response [200]>
2021-07-18 14:37:29 <Response [200]>
2021-07-18 14:37:30 <Response [200]>
2021-07-18 14:37:30 <Response [200]>
2021-07-18 14:37:30 <Response [200]>
2021-07-18 14:37:30 <Response [200]>
2021-07-18 14:37:30 <Response [200]>
2021-07-18 14:37:30 <Response [200]>
2021-07-18 14:37:31 <Response [200]>
2021-07-18 14:37:31 <Response [200]>
2021-07-18 14:37:31 <Response [200]>
2021-07-18 14:37:31 <Response [200]>
2021-07-18 14:37:31 <Response [200]>
2021-07-18 14:37:32 <Response [200]>
2021-07-18 14:37:32 <Response [200]>
2021-07-18 14:37:32 <Response [200]>
2021-07-18 14:37:32 <Response [200]>
2021-07-18 14:37:33 <Response [200]>
2021-07-18 14:37:33 <Response [200]>
2021-07-18 14:37:33 <Response [200]>
2021-07-18 14:37:33 <Response [200]>
2021-07-18 14:37:34 <Response [200]>
2021-07-18 14:37:34 <Response [200]>
2021-07-18 14:37:34 <Response [200]>
2021-07-18 14:37:34 <Response [200]>
2021-07-18 14:37:34 <Response [200]>
2021-07-18 14:37:35 <Response [200]>
2021-07-18 14:37:35 <Response [200]>
2021-07-18 14:37:35 <Response [200]>
2021-07-18 14:37:35 <Response [200]>
2021-07-18 14:37:35 <Response [200]>
2021-07-18 14:37:35 <Response [200]>
2021-07-18 14:37:36 <Response [200]>
2021-07-18 14:37:36 <Response [200]>
2021-07-18 14:37:36 <Response [200]>
2021-07-18 14:37:36 <Response [200]>
2021-07-18 14:37:37 <Response [200]>
2021-07-18 14:37:37 <Response [200]>
2021-07-18 14:37:37 <Response [200]>
2021-07-18 14:37:37 <Response [200]>
2021-07-18 14:37:37 <Response [200]>
2021-07-18 14:37:37 <Response [200]>
2021-07-18 14:37:38 <Response [200]>
2021-07-18 14:37:38 <Response [200]>
2021-07-18 14:37:38 <Response [200]>
2021-07-18 14:37:38 <Response [200]>
2021-07-18 14:37:38 <Response [200]>
2021-07-18 14:37:39 <Response [200]>
2021-07-18 14:37:39 <Response [200]>
2021-07-18 14:37:39 <Response [200]>
2021-07-18 14:37:40 <Response [200]>
2021-07-18 14:37:40 <Response [200]>
2021-07-18 14:37:40 <Response [200]>
2021-07-18 14:37:40 <Response [200]>
2021-07-18 14:37:40 <Response [200]>
2021-07-18 14:37:41 <Response [200]>
2021-07-18 14:37:41 <Response [200]>
2021-07-18 14:37:41 <Response [200]>
2021-07-18 14:37:41 <Response [200]>
2021-07-18 14:37:41 <Response [200]>
2021-07-18 14:37:42 <Response [200]>
2021-07-18 14:37:42 <Response [200]>
2021-07-18 14:37:42 <Response [200]>
2021-07-18 14:37:42 <Response [200]>
2021-07-18 14:37:42 <Response [200]>
2021-07-18 14:37:43 <Response [200]>
2021-07-18 14:37:43 <Response [200]>
2021-07-18 14:37:43 <Response [200]>
2021-07-18 14:37:43 <Response [200]>
2021-07-18 14:37:43 <Response [200]>
2021-07-18 14:37:43 <Response [200]>
2021-07-18 14:37:44 <Response [200]>
2021-07-18 14:37:44 <Response [200]>
2021-07-18 14:37:44 <Response [200]>
2021-07-18 14:37:44 <Response [200]>
2021-07-18 14:37:44 <Response [200]>
2021-07-18 14:37:45 <Response [200]>
2021-07-18 14:37:45 <Response [200]>
2021-07-18 14:37:45 <Response [200]>
2021-07-18 14:37:45 <Response [200]>
2021-07-18 14:37:45 <Response [200]>
2021-07-18 14:37:46 <Response [200]>
2021-07-18 14:37:46 <Response [200]>
2021-07-18 14:37:46 <Response [200]>
2021-07-18 14:37:46 <Response [200]>
2021-07-18 14:37:46 <Response [200]>
2021-07-18 14:37:47 <Response [200]>
2021-07-18 14:37:47 <Response [200]>
2021-07-18 14:37:47 <Response [200]>
2021-07-18 14:37:47 <Response [200]>
2021-07-18 14:37:47 <Response [200]>
2021-07-18 14:37:48 <Response [200]>
2021-07-18 14:37:48 <Response [200]>
2021-07-18 14:37:48 <Response [200]>
2021-07-18 14:37:48 <Response [200]>
2021-07-18 14:37:48 <Response [200]>
2021-07-18 14:37:49 <Response [200]>
2021-07-18 14:37:49 <Response [200]>
2021-07-18 14:37:49 <Response [200]>
2021-07-18 14:37:49 <Response [200]>
2021-07-18 14:37:49 <Response [200]>
2021-07-18 14:37:49 <Response [200]>
2021-07-18 14:37:50 <Response [200]>
2021-07-18 14:37:50 <Response [200]>
2021-07-18 14:37:50 <Response [200]>
2021-07-18 14:37:50 <Response [200]>
2021-07-18 14:37:50 <Response [200]>
2021-07-18 14:37:51 <Response [200]>
2021-07-18 14:37:51 <Response [200]>
2021-07-18 14:37:51 <Response [200]>
2021-07-18 14:37:51 <Response [200]>
2021-07-18 14:37:51 <Response [200]>
2021-07-18 14:37:51 <Response [200]>
2021-07-18 14:37:52 <Response [200]>
2021-07-18 14:37:52 <Response [200]>
2021-07-18 14:37:52 <Response [200]>
2021-07-18 14:37:52 <Response [200]>
2021-07-18 14:37:52 <Response [200]>
2021-07-18 14:37:53 <Response [200]>
2021-07-18 14:37:53 <Response [200]>
2021-07-18 14:37:53 <Response [200]>
2021-07-18 14:37:53 <Response [200]>
2021-07-18 14:37:53 <Response [200]>
2021-07-18 14:37:54 <Response [200]>
2021-07-18 14:37:54 <Response [200]>
2021-07-18 14:37:54 <Response [200]>
2021-07-18 14:37:55 <Response [200]>
2021-07-18 14:37:55 <Response [200]>
2021-07-18 14:37:55 <Response [200]>
2021-07-18 14:37:55 <Response [200]>
2021-07-18 14:37:55 <Response [200]>
2021-07-18 14:37:56 <Response [200]>
2021-07-18 14:37:56 <Response [200]>
2021-07-18 14:37:56 <Response [200]>
2021-07-18 14:37:56 <Response [200]>
2021-07-18 14:37:56 <Response [200]>
2021-07-18 14:37:56 <Response [200]>
2021-07-18 14:37:57 <Response [200]>
2021-07-18 14:37:57 <Response [200]>
2021-07-18 14:37:57 <Response [200]>
2021-07-18 14:37:57 <Response [200]>
2021-07-18 14:37:57 <Response [200]>
2021-07-18 14:37:58 <Response [200]>
2021-07-18 14:37:58 <Response [200]>
2021-07-18 14:37:58 <Response [200]>
2021-07-18 14:37:58 <Response [200]>
2021-07-18 14:37:59 <Response [200]>
2021-07-18 14:37:59 <Response [200]>
2021-07-18 14:37:59 <Response [200]>
2021-07-18 14:37:59 <Response [200]>
2021-07-18 14:37:59 <Response [200]>
2021-07-18 14:38:00 <Response [200]>
2021-07-18 14:38:00 <Response [200]>
2021-07-18 14:38:00 <Response [200]>
2021-07-18 14:38:00 <Response [200]>
2021-07-18 14:38:00 <Response [200]>
2021-07-18 14:38:00 <Response [200]>
2021-07-18 14:38:01 <Response [200]>
2021-07-18 14:38:01 <Response [200]>
2021-07-18 14:38:01 <Response [200]>
2021-07-18 14:38:01 <Response [200]>
2021-07-18 14:38:02 <Response [200]>
2021-07-18 14:38:02 <Response [200]>
2021-07-18 14:38:02 <Response [200]>
2021-07-18 14:38:02 <Response [200]>
2021-07-18 14:38:03 <Response [200]>
2021-07-18 14:38:03 <Response [200]>
2021-07-18 14:38:03 <Response [200]>
2021-07-18 14:38:04 <Response [200]>
2021-07-18 14:38:04 <Response [200]>
2021-07-18 14:38:04 <Response [200]>
2021-07-18 14:38:04 <Response [200]>
2021-07-18 14:38:05 <Response [200]>
2021-07-18 14:38:05 <Response [200]>
2021-07-18 14:38:05 <Response [200]>
2021-07-18 14:38:05 <Response [200]>
2021-07-18 14:38:05 <Response [200]>
2021-07-18 14:38:06 <Response [200]>
2021-07-18 14:38:06 <Response [200]>
2021-07-18 14:38:06 <Response [200]>
2021-07-18 14:38:06 <Response [200]>
2021-07-18 14:38:06 <Response [200]>
2021-07-18 14:38:07 <Response [200]>
2021-07-18 14:38:07 <Response [200]>
2021-07-18 14:38:07 <Response [200]>
2021-07-18 14:38:08 <Response [200]>
2021-07-18 14:38:08 <Response [200]>
2021-07-18 14:38:08 <Response [200]>
2021-07-18 14:38:10 <Response [200]>
2021-07-18 14:38:10 <Response [200]>
2021-07-18 14:38:10 <Response [200]>
2021-07-18 14:38:10 <Response [200]>
2021-07-18 14:38:10 <Response [200]>
2021-07-18 14:38:10 <Response [200]>
2021-07-18 14:38:11 <Response [200]>
2021-07-18 14:38:11 <Response [200]>
2021-07-18 14:38:11 <Response [200]>
2021-07-18 14:38:11 <Response [200]>
2021-07-18 14:38:11 <Response [200]>
2021-07-18 14:38:12 <Response [200]>
2021-07-18 14:38:12 <Response [200]>
2021-07-18 14:38:13 <Response [200]>
2021-07-18 14:38:13 <Response [200]>
2021-07-18 14:38:13 <Response [200]>
2021-07-18 14:38:13 <Response [200]>
2021-07-18 14:38:14 <Response [200]>
2021-07-18 14:38:14 <Response [200]>
2021-07-18 14:38:14 <Response [200]>
2021-07-18 14:38:14 <Response [200]>
2021-07-18 14:38:14 <Response [200]>
2021-07-18 14:38:15 <Response [200]>
2021-07-18 14:38:15 <Response [200]>
2021-07-18 14:38:15 <Response [200]>
2021-07-18 14:38:15 <Response [200]>
2021-07-18 14:38:15 <Response [200]>
2021-07-18 14:38:15 <Response [200]>
2021-07-18 14:38:16 <Response [200]>
2021-07-18 14:38:16 <Response [200]>
2021-07-18 14:38:16 <Response [200]>
2021-07-18 14:38:16 <Response [200]>
2021-07-18 14:38:17 <Response [200]>
2021-07-18 14:38:17 <Response [200]>
2021-07-18 14:38:17 <Response [200]>
2021-07-18 14:38:17 <Response [200]>
2021-07-18 14:38:17 <Response [200]>
2021-07-18 14:38:18 <Response [200]>
2021-07-18 14:38:18 <Response [200]>
2021-07-18 14:38:18 <Response [200]>
2021-07-18 14:38:18 <Response [200]>
2021-07-18 14:38:18 <Response [200]>
2021-07-18 14:38:19 <Response [200]>
2021-07-18 14:38:19 <Response [200]>
2021-07-18 14:38:19 <Response [200]>
2021-07-18 14:38:19 <Response [200]>
2021-07-18 14:38:19 <Response [200]>
2021-07-18 14:38:20 <Response [200]>
2021-07-18 14:38:20 <Response [200]>
2021-07-18 14:38:20 <Response [200]>
2021-07-18 14:38:20 <Response [200]>
2021-07-18 14:38:20 <Response [200]>
2021-07-18 14:38:21 <Response [200]>
2021-07-18 14:38:21 <Response [200]>
2021-07-18 14:38:21 <Response [200]>
2021-07-18 14:38:21 <Response [200]>
2021-07-18 14:38:21 <Response [200]>
2021-07-18 14:38:22 <Response [200]>
2021-07-18 14:38:22 <Response [200]>
2021-07-18 14:38:22 <Response [200]>
2021-07-18 14:38:22 <Response [200]>
2021-07-18 14:38:22 <Response [200]>
2021-07-18 14:38:23 <Response [200]>
2021-07-18 14:38:23 <Response [200]>
2021-07-18 14:38:23 <Response [200]>
2021-07-18 14:38:23 <Response [200]>
2021-07-18 14:38:23 <Response [200]>
2021-07-18 14:38:24 <Response [200]>
2021-07-18 14:38:24 <Response [200]>
2021-07-18 14:38:24 <Response [200]>
2021-07-18 14:38:24 <Response [200]>
2021-07-18 14:38:24 <Response [200]>
2021-07-18 14:38:24 <Response [200]>
2021-07-18 14:38:25 <Response [200]>
2021-07-18 14:38:25 <Response [200]>
2021-07-18 14:38:25 <Response [200]>
2021-07-18 14:38:25 <Response [200]>
2021-07-18 14:38:26 <Response [200]>
2021-07-18 14:38:26 <Response [200]>
2021-07-18 14:38:26 <Response [200]>
2021-07-18 14:38:26 <Response [200]>
2021-07-18 14:38:26 <Response [200]>
2021-07-18 14:38:26 <Response [200]>
2021-07-18 14:38:27 <Response [200]>
2021-07-18 14:38:27 <Response [200]>
2021-07-18 14:38:27 <Response [200]>
2021-07-18 14:38:27 <Response [200]>
2021-07-18 14:38:27 <Response [200]>
2021-07-18 14:38:28 <Response [200]>
2021-07-18 14:38:28 <Response [200]>
2021-07-18 14:38:28 <Response [200]>
2021-07-18 14:38:28 <Response [200]>
2021-07-18 14:38:28 <Response [200]>
2021-07-18 14:38:29 <Response [200]>
2021-07-18 14:38:29 <Response [200]>
2021-07-18 14:38:29 <Response [200]>
2021-07-18 14:38:29 <Response [200]>
2021-07-18 14:38:30 <Response [200]>
2021-07-18 14:38:30 <Response [200]>
2021-07-18 14:38:30 <Response [200]>
2021-07-18 14:38:30 <Response [200]>
2021-07-18 14:38:30 <Response [200]>
2021-07-18 14:38:30 <Response [200]>
2021-07-18 14:38:31 <Response [200]>
2021-07-18 14:38:31 <Response [200]>
2021-07-18 14:38:31 <Response [200]>
2021-07-18 14:38:31 <Response [200]>
2021-07-18 14:38:32 <Response [200]>
2021-07-18 14:38:32 <Response [200]>
2021-07-18 14:38:32 <Response [200]>
2021-07-18 14:38:32 <Response [200]>
2021-07-18 14:38:32 <Response [200]>
2021-07-18 14:38:33 <Response [200]>
2021-07-18 14:38:33 <Response [200]>
2021-07-18 14:38:33 <Response [200]>
2021-07-18 14:38:33 <Response [200]>
2021-07-18 14:38:33 <Response [200]>
2021-07-18 14:38:34 <Response [200]>
2021-07-18 14:38:34 <Response [200]>
2021-07-18 14:38:34 <Response [200]>
2021-07-18 14:38:34 <Response [200]>
2021-07-18 14:38:34 <Response [200]>
2021-07-18 14:38:35 <Response [200]>
2021-07-18 14:38:35 <Response [200]>
2021-07-18 14:38:35 <Response [200]>
2021-07-18 14:38:35 <Response [200]>
2021-07-18 14:38:35 <Response [200]>
2021-07-18 14:38:36 <Response [200]>
2021-07-18 14:38:36 <Response [200]>
2021-07-18 14:38:36 <Response [200]>
2021-07-18 14:38:36 <Response [200]>
2021-07-18 14:38:36 <Response [200]>
2021-07-18 14:38:37 <Response [200]>
2021-07-18 14:38:37 <Response [200]>
2021-07-18 14:38:37 <Response [200]>
2021-07-18 14:38:37 <Response [200]>
2021-07-18 14:38:37 <Response [200]>
2021-07-18 14:38:38 <Response [200]>
2021-07-18 14:38:38 <Response [200]>
2021-07-18 14:38:38 <Response [200]>
2021-07-18 14:38:38 <Response [200]>
2021-07-18 14:38:38 <Response [200]>
2021-07-18 14:38:39 <Response [200]>
2021-07-18 14:38:39 <Response [200]>
2021-07-18 14:38:40 <Response [200]>
2021-07-18 14:38:40 <Response [200]>
2021-07-18 14:38:40 <Response [200]>
2021-07-18 14:38:40 <Response [200]>
2021-07-18 14:38:40 <Response [200]>
2021-07-18 14:38:41 <Response [200]>
2021-07-18 14:38:41 <Response [200]>
2021-07-18 14:38:41 <Response [200]>
2021-07-18 14:38:41 <Response [200]>
2021-07-18 14:38:41 <Response [200]>
2021-07-18 14:38:42 <Response [200]>
2021-07-18 14:38:42 <Response [200]>
2021-07-18 14:38:42 <Response [200]>
2021-07-18 14:38:42 <Response [200]>
2021-07-18 14:38:42 <Response [200]>
2021-07-18 14:38:43 <Response [200]>
2021-07-18 14:38:43 <Response [200]>
2021-07-18 14:38:43 <Response [200]>
2021-07-18 14:38:43 <Response [200]>
2021-07-18 14:38:44 <Response [200]>
2021-07-18 14:38:44 <Response [200]>
2021-07-18 14:38:44 <Response [200]>
2021-07-18 14:38:44 <Response [200]>
2021-07-18 14:38:44 <Response [200]>
2021-07-18 14:38:45 <Response [200]>
2021-07-18 14:38:45 <Response [200]>
2021-07-18 14:38:45 <Response [200]>
2021-07-18 14:38:45 <Response [200]>
2021-07-18 14:38:45 <Response [200]>
2021-07-18 14:38:46 <Response [200]>
2021-07-18 14:38:46 <Response [200]>
2021-07-18 14:38:46 <Response [200]>
2021-07-18 14:38:46 <Response [200]>
2021-07-18 14:38:46 <Response [200]>
2021-07-18 14:38:47 <Response [200]>
2021-07-18 14:38:47 <Response [200]>
2021-07-18 14:38:47 <Response [200]>
2021-07-18 14:38:47 <Response [200]>
2021-07-18 14:38:48 <Response [200]>
2021-07-18 14:38:48 <Response [200]>
2021-07-18 14:38:48 <Response [200]>
2021-07-18 14:38:48 <Response [200]>
2021-07-18 14:38:48 <Response [200]>
2021-07-18 14:38:49 <Response [200]>
2021-07-18 14:38:49 <Response [200]>
2021-07-18 14:38:49 <Response [200]>
2021-07-18 14:38:49 <Response [200]>
2021-07-18 14:38:49 <Response [200]>
2021-07-18 14:38:50 <Response [200]>
2021-07-18 14:38:50 <Response [200]>
2021-07-18 14:38:50 <Response [200]>
2021-07-18 14:38:50 <Response [200]>
2021-07-18 14:38:50 <Response [200]>
2021-07-18 14:38:51 <Response [200]>
2021-07-18 14:38:51 <Response [200]>
2021-07-18 14:38:51 <Response [200]>
2021-07-18 14:38:51 <Response [200]>
2021-07-18 14:38:52 <Response [200]>
2021-07-18 14:38:52 <Response [200]>
2021-07-18 14:38:52 <Response [200]>
2021-07-18 14:38:53 <Response [200]>
2021-07-18 14:38:53 <Response [200]>
2021-07-18 14:38:53 <Response [200]>
2021-07-18 14:38:53 <Response [200]>
2021-07-18 14:38:53 <Response [200]>
2021-07-18 14:38:54 <Response [200]>
2021-07-18 14:38:54 <Response [200]>
2021-07-18 14:38:54 <Response [200]>
2021-07-18 14:38:55 <Response [200]>
2021-07-18 14:38:55 <Response [200]>
2021-07-18 14:38:55 <Response [200]>
2021-07-18 14:38:55 <Response [200]>
2021-07-18 14:38:55 <Response [200]>
2021-07-18 14:38:56 <Response [200]>
2021-07-18 14:38:56 <Response [200]>
2021-07-18 14:38:56 <Response [200]>
2021-07-18 14:38:56 <Response [200]>
2021-07-18 14:38:57 <Response [200]>
2021-07-18 14:38:57 <Response [200]>
2021-07-18 14:38:57 <Response [200]>
2021-07-18 14:38:57 <Response [200]>
2021-07-18 14:38:58 <Response [200]>
2021-07-18 14:38:58 <Response [200]>
2021-07-18 14:38:58 <Response [200]>
2021-07-18 14:38:59 <Response [200]>
2021-07-18 14:38:59 <Response [200]>
2021-07-18 14:38:59 <Response [200]>
2021-07-18 14:38:59 <Response [200]>
2021-07-18 14:38:59 <Response [200]>
2021-07-18 14:39:00 <Response [200]>
2021-07-18 14:39:00 <Response [200]>
2021-07-18 14:39:00 <Response [200]>
2021-07-18 14:39:00 <Response [200]>
2021-07-18 14:39:01 <Response [200]>
2021-07-18 14:39:01 <Response [200]>
2021-07-18 14:39:01 <Response [200]>
2021-07-18 14:39:01 <Response [200]>
2021-07-18 14:39:02 <Response [200]>
2021-07-18 14:39:02 <Response [200]>
2021-07-18 14:39:03 <Response [200]>
2021-07-18 14:39:03 <Response [200]>
2021-07-18 14:39:03 <Response [200]>
2021-07-18 14:39:04 <Response [200]>
2021-07-18 14:39:04 <Response [200]>
2021-07-18 14:39:04 <Response [200]>
2021-07-18 14:39:04 <Response [200]>
2021-07-18 14:39:04 <Response [200]>
2021-07-18 14:39:04 Time: 224.33292269706726
2021-07-18 14:40:07 <Response [200]>
2021-07-18 14:40:07 <Response [200]>
2021-07-18 14:40:07 <Response [200]>
2021-07-18 14:40:07 <Response [200]>
2021-07-18 14:40:07 <Response [200]>
2021-07-18 14:40:07 <Response [200]>
2021-07-18 14:40:07 <Response [200]>
2021-07-18 14:40:07 <Response [200]>
2021-07-18 14:40:07 <Response [200]>
2021-07-18 14:40:07 <Response [200]>
2021-07-18 14:40:07 <Response [200]>
2021-07-18 14:40:07 <Response [200]>
2021-07-18 14:40:07 <Response [200]>
2021-07-18 14:40:07 <Response [200]>
2021-07-18 14:40:07 <Response [200]>
2021-07-18 14:40:07 <Response [200]>
2021-07-18 14:40:07 <Response [200]>
2021-07-18 14:40:07 <Response [200]>
2021-07-18 14:40:07 <Response [200]>
2021-07-18 14:40:07 <Response [200]>
2021-07-18 14:40:07 <Response [200]>
2021-07-18 14:40:07 <Response [200]>
2021-07-18 14:40:07 <Response [200]>
2021-07-18 14:40:07 <Response [200]>
2021-07-18 14:40:07 <Response [200]>
2021-07-18 14:40:07 <Response [200]>
2021-07-18 14:40:07 <Response [200]>
2021-07-18 14:40:07 <Response [200]>
2021-07-18 14:40:07 <Response [200]>
2021-07-18 14:40:07 <Response [200]>
2021-07-18 14:40:07 <Response [200]>
2021-07-18 14:40:07 <Response [200]>
2021-07-18 14:40:07 <Response [200]>
2021-07-18 14:40:07 <Response [200]>
2021-07-18 14:40:07 <Response [200]>
2021-07-18 14:40:07 <Response [200]>
2021-07-18 14:40:07 <Response [200]>
2021-07-18 14:40:07 <Response [200]>
2021-07-18 14:40:07 <Response [200]>
2021-07-18 14:40:07 <Response [200]>
2021-07-18 14:40:07 <Response [200]>
2021-07-18 14:40:07 <Response [200]>
2021-07-18 14:40:07 <Response [200]>
2021-07-18 14:40:07 <Response [200]>
2021-07-18 14:40:07 <Response [200]>
2021-07-18 14:40:07 <Response [200]>
2021-07-18 14:40:07 <Response [200]>
2021-07-18 14:40:07 <Response [200]>
2021-07-18 14:40:07 <Response [200]>
2021-07-18 14:40:07 <Response [200]>
2021-07-18 14:40:07 <Response [200]>
2021-07-18 14:40:07 <Response [200]>
2021-07-18 14:40:07 <Response [200]>
2021-07-18 14:40:07 <Response [200]>
2021-07-18 14:40:07 <Response [200]>
2021-07-18 14:40:07 <Response [200]>
2021-07-18 14:40:07 <Response [200]>
2021-07-18 14:40:07 <Response [200]>
2021-07-18 14:40:07 <Response [200]>
2021-07-18 14:40:07 <Response [200]>
2021-07-18 14:40:07 <Response [200]>
2021-07-18 14:40:07 <Response [200]>
2021-07-18 14:40:07 <Response [200]>
2021-07-18 14:40:07 <Response [200]>
2021-07-18 14:40:07 <Response [200]>
2021-07-18 14:40:07 <Response [200]>
2021-07-18 14:40:07 <Response [200]>
2021-07-18 14:40:07 <Response [200]>
2021-07-18 14:40:07 <Response [200]>
2021-07-18 14:40:07 <Response [200]>
2021-07-18 14:40:07 <Response [200]>
2021-07-18 14:40:07 <Response [200]>
2021-07-18 14:40:07 <Response [200]>
2021-07-18 14:40:07 <Response [200]>
2021-07-18 14:40:07 <Response [200]>
2021-07-18 14:40:07 <Response [200]>
2021-07-18 14:40:07 <Response [200]>
2021-07-18 14:40:07 <Response [200]>
2021-07-18 14:40:07 <Response [200]>
2021-07-18 14:40:07 <Response [200]>
2021-07-18 14:40:07 <Response [200]>
2021-07-18 14:40:07 <Response [200]>
2021-07-18 14:40:07 <Response [200]>
2021-07-18 14:40:07 <Response [200]>
2021-07-18 14:40:07 <Response [200]>
2021-07-18 14:40:07 <Response [200]>
2021-07-18 14:40:07 <Response [200]>
2021-07-18 14:40:07 <Response [200]>
2021-07-18 14:40:07 <Response [200]>
2021-07-18 14:40:07 <Response [200]>
2021-07-18 14:40:07 <Response [200]>
2021-07-18 14:40:07 <Response [200]>
2021-07-18 14:40:07 <Response [200]>
2021-07-18 14:40:07 <Response [200]>
2021-07-18 14:40:07 <Response [200]>
2021-07-18 14:40:07 <Response [200]>
2021-07-18 14:40:07 <Response [200]>
2021-07-18 14:40:07 <Response [200]>
2021-07-18 14:40:07 <Response [200]>
2021-07-18 14:40:07 <Response [200]>
2021-07-18 14:40:16 <Response [200]>
2021-07-18 14:40:16 <Response [200]>
2021-07-18 14:40:16 <Response [200]>
2021-07-18 14:40:16 <Response [200]>
2021-07-18 14:40:16 <Response [200]>
2021-07-18 14:40:16 <Response [200]>
2021-07-18 14:40:16 <Response [200]>
2021-07-18 14:40:16 <Response [200]>
2021-07-18 14:40:16 <Response [200]>
2021-07-18 14:40:16 <Response [200]>
2021-07-18 14:40:16 <Response [200]>
2021-07-18 14:40:16 <Response [200]>
2021-07-18 14:40:16 <Response [200]>
2021-07-18 14:40:16 <Response [200]>
2021-07-18 14:40:16 <Response [200]>
2021-07-18 14:40:16 <Response [200]>
2021-07-18 14:40:16 <Response [200]>
2021-07-18 14:40:16 <Response [200]>
2021-07-18 14:40:16 <Response [200]>
2021-07-18 14:40:16 <Response [200]>
2021-07-18 14:40:16 <Response [200]>
2021-07-18 14:40:16 <Response [200]>
2021-07-18 14:40:16 <Response [200]>
2021-07-18 14:40:16 <Response [200]>
2021-07-18 14:40:16 <Response [200]>
2021-07-18 14:40:16 <Response [200]>
2021-07-18 14:40:16 <Response [200]>
2021-07-18 14:40:16 <Response [200]>
2021-07-18 14:40:16 <Response [200]>
2021-07-18 14:40:16 <Response [200]>
2021-07-18 14:40:16 <Response [200]>
2021-07-18 14:40:16 <Response [200]>
2021-07-18 14:40:16 <Response [200]>
2021-07-18 14:40:16 <Response [200]>
2021-07-18 14:40:16 <Response [200]>
2021-07-18 14:40:16 <Response [200]>
2021-07-18 14:40:16 <Response [200]>
2021-07-18 14:40:16 <Response [200]>
2021-07-18 14:40:16 <Response [200]>
2021-07-18 14:40:16 <Response [200]>
2021-07-18 14:40:16 <Response [200]>
2021-07-18 14:40:16 <Response [200]>
2021-07-18 14:40:16 <Response [200]>
2021-07-18 14:40:16 <Response [200]>
2021-07-18 14:40:16 <Response [200]>
2021-07-18 14:40:16 <Response [200]>
2021-07-18 14:40:16 <Response [200]>
2021-07-18 14:40:16 <Response [200]>
2021-07-18 14:40:16 <Response [200]>
2021-07-18 14:40:16 <Response [200]>
2021-07-18 14:40:16 <Response [200]>
2021-07-18 14:40:16 <Response [200]>
2021-07-18 14:40:16 <Response [200]>
2021-07-18 14:40:16 <Response [200]>
2021-07-18 14:40:16 <Response [200]>
2021-07-18 14:40:16 <Response [200]>
2021-07-18 14:40:16 <Response [200]>
2021-07-18 14:40:16 <Response [200]>
2021-07-18 14:40:16 <Response [200]>
2021-07-18 14:40:16 <Response [200]>
2021-07-18 14:40:16 <Response [200]>
2021-07-18 14:40:16 <Response [200]>
2021-07-18 14:40:16 <Response [200]>
2021-07-18 14:40:16 <Response [200]>
2021-07-18 14:40:16 <Response [200]>
2021-07-18 14:40:16 <Response [200]>
2021-07-18 14:40:16 <Response [200]>
2021-07-18 14:40:16 <Response [200]>
2021-07-18 14:40:16 <Response [200]>
2021-07-18 14:40:16 <Response [200]>
2021-07-18 14:40:16 <Response [200]>
2021-07-18 14:40:16 <Response [200]>
2021-07-18 14:40:16 <Response [200]>
2021-07-18 14:40:16 <Response [200]>
2021-07-18 14:40:16 <Response [200]>
2021-07-18 14:40:16 <Response [200]>
2021-07-18 14:40:16 <Response [200]>
2021-07-18 14:40:17 <Response [200]>
2021-07-18 14:40:17 <Response [200]>
2021-07-18 14:40:17 <Response [200]>
2021-07-18 14:40:17 <Response [200]>
2021-07-18 14:40:17 <Response [200]>
2021-07-18 14:40:17 <Response [200]>
2021-07-18 14:40:17 <Response [200]>
2021-07-18 14:40:17 <Response [200]>
2021-07-18 14:40:17 <Response [200]>
2021-07-18 14:40:17 <Response [200]>
2021-07-18 14:40:17 <Response [200]>
2021-07-18 14:40:17 <Response [200]>
2021-07-18 14:40:17 <Response [200]>
2021-07-18 14:40:17 <Response [200]>
2021-07-18 14:40:17 <Response [200]>
2021-07-18 14:40:17 <Response [200]>
2021-07-18 14:40:17 <Response [200]>
2021-07-18 14:40:17 <Response [200]>
2021-07-18 14:40:17 <Response [200]>
2021-07-18 14:40:17 <Response [200]>
2021-07-18 14:40:17 <Response [200]>
2021-07-18 14:40:17 <Response [200]>
2021-07-18 14:40:17 <Response [200]>
2021-07-18 14:40:17 Time: 1.0109734535217285
2021-07-18 14:40:43 <Response [200]>
2021-07-18 14:40:43 <Response [200]>
2021-07-18 14:40:43 <Response [200]>
2021-07-18 14:40:43 <Response [200]>
2021-07-18 14:40:43 <Response [200]>
2021-07-18 14:40:43 <Response [200]>
2021-07-18 14:40:43 <Response [200]>
2021-07-18 14:40:43 <Response [200]>
2021-07-18 14:40:43 <Response [200]>
2021-07-18 14:40:43 <Response [200]>
2021-07-18 14:40:43 <Response [200]>
2021-07-18 14:40:43 <Response [200]>
2021-07-18 14:40:43 <Response [200]>
2021-07-18 14:40:43 <Response [200]>
2021-07-18 14:40:43 <Response [200]>
2021-07-18 14:40:43 <Response [200]>
2021-07-18 14:40:43 <Response [200]>
2021-07-18 14:40:43 <Response [200]>
2021-07-18 14:40:43 <Response [200]>
2021-07-18 14:40:43 <Response [200]>
2021-07-18 14:40:43 <Response [200]>
2021-07-18 14:40:43 <Response [200]>
2021-07-18 14:40:43 <Response [200]>
2021-07-18 14:40:43 <Response [200]>
2021-07-18 14:40:43 <Response [200]>
2021-07-18 14:40:43 <Response [200]>
2021-07-18 14:40:43 <Response [200]>
2021-07-18 14:40:43 <Response [200]>
2021-07-18 14:40:43 <Response [200]>
2021-07-18 14:40:43 <Response [200]>
2021-07-18 14:40:43 <Response [200]>
2021-07-18 14:40:43 <Response [200]>
2021-07-18 14:40:43 <Response [200]>
2021-07-18 14:40:43 <Response [200]>
2021-07-18 14:40:43 <Response [200]>
2021-07-18 14:40:43 <Response [200]>
2021-07-18 14:40:44 <Response [200]>
2021-07-18 14:40:44 <Response [200]>
2021-07-18 14:40:44 <Response [200]>
2021-07-18 14:40:44 <Response [200]>
2021-07-18 14:40:44 <Response [200]>
2021-07-18 14:40:44 <Response [200]>
2021-07-18 14:40:44 <Response [200]>
2021-07-18 14:40:44 <Response [200]>
2021-07-18 14:40:44 <Response [200]>
2021-07-18 14:40:44 <Response [200]>
2021-07-18 14:40:44 <Response [200]>
2021-07-18 14:40:44 <Response [200]>
2021-07-18 14:40:44 <Response [200]>
2021-07-18 14:40:44 <Response [200]>
2021-07-18 14:40:44 <Response [200]>
2021-07-18 14:40:44 <Response [200]>
2021-07-18 14:40:44 <Response [200]>
2021-07-18 14:40:44 <Response [200]>
2021-07-18 14:40:44 <Response [200]>
2021-07-18 14:40:44 <Response [200]>
2021-07-18 14:40:44 <Response [200]>
2021-07-18 14:40:44 <Response [200]>
2021-07-18 14:40:44 <Response [200]>
2021-07-18 14:40:44 <Response [200]>
2021-07-18 14:40:44 <Response [200]>
2021-07-18 14:40:44 <Response [200]>
2021-07-18 14:40:44 <Response [200]>
2021-07-18 14:40:44 <Response [200]>
2021-07-18 14:40:44 <Response [200]>
2021-07-18 14:40:44 <Response [200]>
2021-07-18 14:40:44 <Response [200]>
2021-07-18 14:40:44 <Response [200]>
2021-07-18 14:40:44 <Response [200]>
2021-07-18 14:40:44 <Response [200]>
2021-07-18 14:40:44 <Response [200]>
2021-07-18 14:40:44 <Response [200]>
2021-07-18 14:40:44 <Response [200]>
2021-07-18 14:40:44 <Response [200]>
2021-07-18 14:40:44 <Response [200]>
2021-07-18 14:40:44 <Response [200]>
2021-07-18 14:40:44 <Response [200]>
2021-07-18 14:40:44 <Response [200]>
2021-07-18 14:40:44 <Response [200]>
2021-07-18 14:40:44 <Response [200]>
2021-07-18 14:40:44 <Response [200]>
2021-07-18 14:40:44 <Response [200]>
2021-07-18 14:40:44 <Response [200]>
2021-07-18 14:40:44 <Response [200]>
2021-07-18 14:40:44 <Response [200]>
2021-07-18 14:40:44 <Response [200]>
2021-07-18 14:40:44 <Response [200]>
2021-07-18 14:40:44 <Response [200]>
2021-07-18 14:40:44 <Response [200]>
2021-07-18 14:40:44 <Response [200]>
2021-07-18 14:40:44 <Response [200]>
2021-07-18 14:40:44 <Response [200]>
2021-07-18 14:40:44 <Response [200]>
2021-07-18 14:40:44 <Response [200]>
2021-07-18 14:40:44 <Response [200]>
2021-07-18 14:40:44 <Response [200]>
2021-07-18 14:40:44 <Response [200]>
2021-07-18 14:40:44 <Response [200]>
2021-07-18 14:40:44 <Response [200]>
2021-07-18 14:40:44 <Response [200]>
2021-07-18 14:40:44 <Response [200]>
2021-07-18 14:40:44 <Response [200]>
2021-07-18 14:40:44 <Response [200]>
2021-07-18 14:40:44 <Response [200]>
2021-07-18 14:40:44 <Response [200]>
2021-07-18 14:40:44 <Response [200]>
2021-07-18 14:40:44 <Response [200]>
2021-07-18 14:40:44 <Response [200]>
2021-07-18 14:40:44 <Response [200]>
2021-07-18 14:40:44 <Response [200]>
2021-07-18 14:40:44 <Response [200]>
2021-07-18 14:40:44 <Response [200]>
2021-07-18 14:40:44 <Response [200]>
2021-07-18 14:40:44 <Response [200]>
2021-07-18 14:40:44 <Response [200]>
2021-07-18 14:40:44 <Response [200]>
2021-07-18 14:40:44 <Response [200]>
2021-07-18 14:40:44 <Response [200]>
2021-07-18 14:40:44 <Response [200]>
2021-07-18 14:40:44 <Response [200]>
2021-07-18 14:40:44 <Response [200]>
2021-07-18 14:40:44 <Response [200]>
2021-07-18 14:40:44 <Response [200]>
2021-07-18 14:40:44 <Response [200]>
2021-07-18 14:40:44 <Response [200]>
2021-07-18 14:40:44 <Response [200]>
2021-07-18 14:40:44 <Response [200]>
2021-07-18 14:40:44 <Response [200]>
2021-07-18 14:40:44 <Response [200]>
2021-07-18 14:40:44 <Response [200]>
2021-07-18 14:40:44 <Response [200]>
2021-07-18 14:40:44 <Response [200]>
2021-07-18 14:40:44 <Response [200]>
2021-07-18 14:40:44 <Response [200]>
2021-07-18 14:40:45 <Response [200]>
2021-07-18 14:40:45 <Response [200]>
2021-07-18 14:40:45 <Response [200]>
2021-07-18 14:40:45 <Response [200]>
2021-07-18 14:40:45 <Response [200]>
2021-07-18 14:40:45 <Response [200]>
2021-07-18 14:40:45 <Response [200]>
2021-07-18 14:40:45 <Response [200]>
2021-07-18 14:40:45 <Response [200]>
2021-07-18 14:40:45 <Response [200]>
2021-07-18 14:40:45 <Response [200]>
2021-07-18 14:40:45 <Response [200]>
2021-07-18 14:40:45 <Response [200]>
2021-07-18 14:40:45 <Response [200]>
2021-07-18 14:40:45 <Response [200]>
2021-07-18 14:40:45 <Response [200]>
2021-07-18 14:40:45 <Response [200]>
2021-07-18 14:40:45 <Response [200]>
2021-07-18 14:40:45 <Response [200]>
2021-07-18 14:40:45 <Response [200]>
2021-07-18 14:40:45 <Response [200]>
2021-07-18 14:40:45 <Response [200]>
2021-07-18 14:40:45 <Response [200]>
2021-07-18 14:40:45 <Response [200]>
2021-07-18 14:40:45 <Response [200]>
2021-07-18 14:40:45 <Response [200]>
2021-07-18 14:40:45 <Response [200]>
2021-07-18 14:40:45 <Response [200]>
2021-07-18 14:40:45 <Response [200]>
2021-07-18 14:40:45 <Response [200]>
2021-07-18 14:40:45 <Response [200]>
2021-07-18 14:40:45 <Response [200]>
2021-07-18 14:40:45 <Response [200]>
2021-07-18 14:40:45 <Response [200]>
2021-07-18 14:40:45 <Response [200]>
2021-07-18 14:40:45 <Response [200]>
2021-07-18 14:40:45 <Response [200]>
2021-07-18 14:40:45 <Response [200]>
2021-07-18 14:40:45 <Response [200]>
2021-07-18 14:40:45 <Response [200]>
2021-07-18 14:40:45 <Response [200]>
2021-07-18 14:40:45 <Response [200]>
2021-07-18 14:40:45 <Response [200]>
2021-07-18 14:40:45 <Response [200]>
2021-07-18 14:40:45 <Response [200]>
2021-07-18 14:40:45 <Response [200]>
2021-07-18 14:40:45 <Response [200]>
2021-07-18 14:40:45 <Response [200]>
2021-07-18 14:40:45 <Response [200]>
2021-07-18 14:40:45 <Response [200]>
2021-07-18 14:40:45 <Response [200]>
2021-07-18 14:40:45 <Response [200]>
2021-07-18 14:40:45 <Response [200]>
2021-07-18 14:40:45 <Response [200]>
2021-07-18 14:40:45 <Response [200]>
2021-07-18 14:40:45 <Response [200]>
2021-07-18 14:40:45 <Response [200]>
2021-07-18 14:40:45 <Response [200]>
2021-07-18 14:40:45 <Response [200]>
2021-07-18 14:40:45 <Response [200]>
2021-07-18 14:40:45 <Response [200]>
2021-07-18 14:40:45 <Response [200]>
2021-07-18 14:40:45 <Response [200]>
2021-07-18 14:40:45 <Response [200]>
2021-07-18 14:40:45 <Response [200]>
2021-07-18 14:40:45 <Response [200]>
2021-07-18 14:40:45 <Response [200]>
2021-07-18 14:40:45 <Response [200]>
2021-07-18 14:40:45 <Response [200]>
2021-07-18 14:40:45 <Response [200]>
2021-07-18 14:40:45 <Response [200]>
2021-07-18 14:40:45 <Response [200]>
2021-07-18 14:40:45 <Response [200]>
2021-07-18 14:40:45 <Response [200]>
2021-07-18 14:40:45 <Response [200]>
2021-07-18 14:40:45 <Response [200]>
2021-07-18 14:40:45 <Response [200]>
2021-07-18 14:40:45 <Response [200]>
2021-07-18 14:40:45 <Response [200]>
2021-07-18 14:40:45 <Response [200]>
2021-07-18 14:40:45 <Response [200]>
2021-07-18 14:40:45 <Response [200]>
2021-07-18 14:40:45 <Response [200]>
2021-07-18 14:40:45 <Response [200]>
2021-07-18 14:40:45 <Response [200]>
2021-07-18 14:40:45 <Response [200]>
2021-07-18 14:40:45 <Response [200]>
2021-07-18 14:40:45 <Response [200]>
2021-07-18 14:40:45 <Response [200]>
2021-07-18 14:40:45 <Response [200]>
2021-07-18 14:40:46 <Response [200]>
2021-07-18 14:40:45 <Response [200]>
2021-07-18 14:40:45 <Response [200]>
2021-07-18 14:40:45 <Response [200]>
2021-07-18 14:40:46 <Response [200]>
2021-07-18 14:40:46 <Response [200]>
2021-07-18 14:40:46 <Response [200]>
2021-07-18 14:40:46 <Response [200]>
2021-07-18 14:40:46 <Response [200]>
2021-07-18 14:40:46 <Response [200]>
2021-07-18 14:40:46 <Response [200]>
2021-07-18 14:40:46 <Response [200]>
2021-07-18 14:40:46 <Response [200]>
2021-07-18 14:40:46 <Response [200]>
2021-07-18 14:40:46 <Response [200]>
2021-07-18 14:40:46 <Response [200]>
2021-07-18 14:40:46 <Response [200]>
2021-07-18 14:40:46 <Response [200]>
2021-07-18 14:40:46 <Response [200]>
2021-07-18 14:40:46 <Response [200]>
2021-07-18 14:40:46 <Response [200]>
2021-07-18 14:40:46 <Response [200]>
2021-07-18 14:40:46 <Response [200]>
2021-07-18 14:40:46 <Response [200]>
2021-07-18 14:40:46 <Response [200]>
2021-07-18 14:40:46 <Response [200]>
2021-07-18 14:40:46 <Response [200]>
2021-07-18 14:40:46 <Response [200]>
2021-07-18 14:40:46 <Response [200]>
2021-07-18 14:40:46 <Response [200]>
2021-07-18 14:40:46 <Response [200]>
2021-07-18 14:40:46 <Response [200]>
2021-07-18 14:40:46 <Response [200]>
2021-07-18 14:40:46 <Response [200]>
2021-07-18 14:40:46 <Response [200]>
2021-07-18 14:40:46 <Response [200]>
2021-07-18 14:40:46 <Response [200]>
2021-07-18 14:40:46 <Response [200]>
2021-07-18 14:40:46 <Response [200]>
2021-07-18 14:40:46 <Response [200]>
2021-07-18 14:40:46 <Response [200]>
2021-07-18 14:40:46 <Response [200]>
2021-07-18 14:40:46 <Response [200]>
2021-07-18 14:40:46 <Response [200]>
2021-07-18 14:40:46 <Response [200]>
2021-07-18 14:40:46 <Response [200]>
2021-07-18 14:40:46 <Response [200]>
2021-07-18 14:40:46 <Response [200]>
2021-07-18 14:40:46 <Response [200]>
2021-07-18 14:40:46 <Response [200]>
2021-07-18 14:40:46 <Response [200]>
2021-07-18 14:40:46 <Response [200]>
2021-07-18 14:40:46 <Response [200]>
2021-07-18 14:40:46 <Response [200]>
2021-07-18 14:40:46 <Response [200]>
2021-07-18 14:40:46 <Response [200]>
2021-07-18 14:40:46 <Response [200]>
2021-07-18 14:40:46 <Response [200]>
2021-07-18 14:40:46 <Response [200]>
2021-07-18 14:40:46 <Response [200]>
2021-07-18 14:40:46 <Response [200]>
2021-07-18 14:40:46 <Response [200]>
2021-07-18 14:40:46 <Response [200]>
2021-07-18 14:40:46 <Response [200]>
2021-07-18 14:40:46 <Response [200]>
2021-07-18 14:40:46 <Response [200]>
2021-07-18 14:40:46 <Response [200]>
2021-07-18 14:40:46 <Response [200]>
2021-07-18 14:40:46 <Response [200]>
2021-07-18 14:40:46 <Response [200]>
2021-07-18 14:40:46 <Response [200]>
2021-07-18 14:40:46 <Response [200]>
2021-07-18 14:40:46 <Response [200]>
2021-07-18 14:40:46 <Response [200]>
2021-07-18 14:40:46 <Response [200]>
2021-07-18 14:40:46 <Response [200]>
2021-07-18 14:40:46 <Response [200]>
2021-07-18 14:40:46 <Response [200]>
2021-07-18 14:40:46 <Response [200]>
2021-07-18 14:40:46 <Response [200]>
2021-07-18 14:40:46 <Response [200]>
2021-07-18 14:40:46 <Response [200]>
2021-07-18 14:40:46 <Response [200]>
2021-07-18 14:40:46 <Response [200]>
2021-07-18 14:40:46 <Response [200]>
2021-07-18 14:40:46 <Response [200]>
2021-07-18 14:40:46 <Response [200]>
2021-07-18 14:40:46 <Response [200]>
2021-07-18 14:40:47 <Response [200]>
2021-07-18 14:40:47 <Response [200]>
2021-07-18 14:40:47 <Response [200]>
2021-07-18 14:40:47 <Response [200]>
2021-07-18 14:40:47 <Response [200]>
2021-07-18 14:40:47 <Response [200]>
2021-07-18 14:40:47 <Response [200]>
2021-07-18 14:40:47 <Response [200]>
2021-07-18 14:40:47 <Response [200]>
2021-07-18 14:40:47 <Response [200]>
2021-07-18 14:40:47 <Response [200]>
2021-07-18 14:40:47 <Response [200]>
2021-07-18 14:40:47 <Response [200]>
2021-07-18 14:40:47 <Response [200]>
2021-07-18 14:40:47 <Response [200]>
2021-07-18 14:40:47 <Response [200]>
2021-07-18 14:40:47 <Response [200]>
2021-07-18 14:40:47 <Response [200]>
2021-07-18 14:40:47 <Response [200]>
2021-07-18 14:40:47 <Response [200]>
2021-07-18 14:40:47 <Response [200]>
2021-07-18 14:40:47 <Response [200]>
2021-07-18 14:40:47 <Response [200]>
2021-07-18 14:40:47 <Response [200]>
2021-07-18 14:40:47 <Response [200]>
2021-07-18 14:40:47 <Response [200]>
2021-07-18 14:40:47 <Response [200]>
2021-07-18 14:40:47 <Response [200]>
2021-07-18 14:40:47 <Response [200]>
2021-07-18 14:40:47 <Response [200]>
2021-07-18 14:40:47 <Response [200]>
2021-07-18 14:40:47 <Response [200]>
2021-07-18 14:40:47 <Response [200]>
2021-07-18 14:40:47 <Response [200]>
2021-07-18 14:40:47 <Response [200]>
2021-07-18 14:40:47 <Response [200]>
2021-07-18 14:40:47 <Response [200]>
2021-07-18 14:40:47 <Response [200]>
2021-07-18 14:40:47 <Response [200]>
2021-07-18 14:40:47 <Response [200]>
2021-07-18 14:40:47 <Response [200]>
2021-07-18 14:40:47 <Response [200]>
2021-07-18 14:40:47 <Response [200]>
2021-07-18 14:40:47 <Response [200]>
2021-07-18 14:40:47 <Response [200]>
2021-07-18 14:40:47 <Response [200]>
2021-07-18 14:40:47 <Response [200]>
2021-07-18 14:40:47 <Response [200]>
2021-07-18 14:40:47 <Response [200]>
2021-07-18 14:40:47 <Response [200]>
2021-07-18 14:40:47 <Response [200]>
2021-07-18 14:40:47 <Response [200]>
2021-07-18 14:40:47 <Response [200]>
2021-07-18 14:40:47 <Response [200]>
2021-07-18 14:40:47 <Response [200]>
2021-07-18 14:40:47 <Response [200]>
2021-07-18 14:40:47 <Response [200]>
2021-07-18 14:40:47 <Response [200]>
2021-07-18 14:40:47 <Response [200]>
2021-07-18 14:40:47 <Response [200]>
2021-07-18 14:40:47 <Response [200]>
2021-07-18 14:40:47 <Response [200]>
2021-07-18 14:40:47 <Response [200]>
2021-07-18 14:40:47 <Response [200]>
2021-07-18 14:40:47 <Response [200]>
2021-07-18 14:40:47 <Response [200]>
2021-07-18 14:40:47 <Response [200]>
2021-07-18 14:40:47 <Response [200]>
2021-07-18 14:40:47 <Response [200]>
2021-07-18 14:40:47 <Response [200]>
2021-07-18 14:40:47 <Response [200]>
2021-07-18 14:40:47 <Response [200]>
2021-07-18 14:40:47 <Response [200]>
2021-07-18 14:40:47 <Response [200]>
2021-07-18 14:40:47 <Response [200]>
2021-07-18 14:40:47 <Response [200]>
2021-07-18 14:40:47 <Response [200]>
2021-07-18 14:40:47 <Response [200]>
2021-07-18 14:40:47 <Response [200]>
2021-07-18 14:40:47 <Response [200]>
2021-07-18 14:40:47 <Response [200]>
2021-07-18 14:40:47 <Response [200]>
2021-07-18 14:40:47 <Response [200]>
2021-07-18 14:40:47 <Response [200]>
2021-07-18 14:40:47 <Response [200]>
2021-07-18 14:40:47 <Response [200]>
2021-07-18 14:40:47 <Response [200]>
2021-07-18 14:40:47 <Response [200]>
2021-07-18 14:40:48 <Response [200]>
2021-07-18 14:40:48 <Response [200]>
2021-07-18 14:40:48 <Response [200]>
2021-07-18 14:40:48 <Response [200]>
2021-07-18 14:40:48 <Response [200]>
2021-07-18 14:40:48 <Response [200]>
2021-07-18 14:40:48 <Response [200]>
2021-07-18 14:40:48 <Response [200]>
2021-07-18 14:40:48 <Response [200]>
2021-07-18 14:40:48 <Response [200]>
2021-07-18 14:40:48 <Response [200]>
2021-07-18 14:40:48 <Response [200]>
2021-07-18 14:40:48 <Response [200]>
2021-07-18 14:40:48 <Response [200]>
2021-07-18 14:40:48 <Response [200]>
2021-07-18 14:40:48 <Response [200]>
2021-07-18 14:40:48 <Response [200]>
2021-07-18 14:40:48 <Response [200]>
2021-07-18 14:40:48 <Response [200]>
2021-07-18 14:40:48 <Response [200]>
2021-07-18 14:40:48 <Response [200]>
2021-07-18 14:40:48 <Response [200]>
2021-07-18 14:40:48 <Response [200]>
2021-07-18 14:40:48 <Response [200]>
2021-07-18 14:40:48 <Response [200]>
2021-07-18 14:40:48 <Response [200]>
2021-07-18 14:40:48 <Response [200]>
2021-07-18 14:40:48 <Response [200]>
2021-07-18 14:40:48 <Response [200]>
2021-07-18 14:40:48 <Response [200]>
2021-07-18 14:40:48 <Response [200]>
2021-07-18 14:40:48 <Response [200]>
2021-07-18 14:40:48 <Response [200]>
2021-07-18 14:40:48 <Response [200]>
2021-07-18 14:40:48 <Response [200]>
2021-07-18 14:40:48 <Response [200]>
2021-07-18 14:40:48 <Response [200]>
2021-07-18 14:40:48 <Response [200]>
2021-07-18 14:40:48 <Response [200]>
2021-07-18 14:40:48 <Response [200]>
2021-07-18 14:40:48 <Response [200]>
2021-07-18 14:40:48 <Response [200]>
2021-07-18 14:40:48 <Response [200]>
2021-07-18 14:40:48 <Response [200]>
2021-07-18 14:40:48 <Response [200]>
2021-07-18 14:40:48 <Response [200]>
2021-07-18 14:40:48 <Response [200]>
2021-07-18 14:40:48 <Response [200]>
2021-07-18 14:40:48 <Response [200]>
2021-07-18 14:40:48 <Response [200]>
2021-07-18 14:40:48 <Response [200]>
2021-07-18 14:40:48 <Response [200]>
2021-07-18 14:40:48 <Response [200]>
2021-07-18 14:40:48 <Response [200]>
2021-07-18 14:40:48 <Response [200]>
2021-07-18 14:40:48 <Response [200]>
2021-07-18 14:40:48 <Response [200]>
2021-07-18 14:40:48 <Response [200]>
2021-07-18 14:40:48 <Response [200]>
2021-07-18 14:40:48 <Response [200]>
2021-07-18 14:40:48 <Response [200]>
2021-07-18 14:40:48 <Response [200]>
2021-07-18 14:40:48 <Response [200]>
2021-07-18 14:40:48 <Response [200]>
2021-07-18 14:40:48 <Response [200]>
2021-07-18 14:40:48 <Response [200]>
2021-07-18 14:40:48 <Response [200]>
2021-07-18 14:40:48 <Response [200]>
2021-07-18 14:40:48 <Response [200]>
2021-07-18 14:40:48 <Response [200]>
2021-07-18 14:40:48 <Response [200]>
2021-07-18 14:40:48 <Response [200]>
2021-07-18 14:40:48 <Response [200]>
2021-07-18 14:40:48 <Response [200]>
2021-07-18 14:40:48 <Response [200]>
2021-07-18 14:40:48 <Response [200]>
2021-07-18 14:40:48 <Response [200]>
2021-07-18 14:40:48 <Response [200]>
2021-07-18 14:40:48 <Response [200]>
2021-07-18 14:40:48 <Response [200]>
2021-07-18 14:40:48 <Response [200]>
2021-07-18 14:40:48 <Response [200]>
2021-07-18 14:40:48 <Response [200]>
2021-07-18 14:40:48 <Response [200]>
2021-07-18 14:40:48 <Response [200]>
2021-07-18 14:40:48 <Response [200]>
2021-07-18 14:40:48 <Response [200]>
2021-07-18 14:40:48 <Response [200]>
2021-07-18 14:40:48 <Response [200]>
2021-07-18 14:40:48 <Response [200]>
2021-07-18 14:40:48 <Response [200]>
2021-07-18 14:40:48 <Response [200]>
2021-07-18 14:40:48 <Response [200]>
2021-07-18 14:40:48 <Response [200]>
2021-07-18 14:40:48 <Response [200]>
2021-07-18 14:40:48 <Response [200]>
2021-07-18 14:40:48 <Response [200]>
2021-07-18 14:40:48 <Response [200]>
2021-07-18 14:40:49 <Response [200]>
2021-07-18 14:40:49 <Response [200]>
2021-07-18 14:40:49 <Response [200]>
2021-07-18 14:40:49 <Response [200]>
2021-07-18 14:40:49 <Response [200]>
2021-07-18 14:40:49 <Response [200]>
2021-07-18 14:40:49 <Response [200]>
2021-07-18 14:40:49 <Response [200]>
2021-07-18 14:40:49 <Response [200]>
2021-07-18 14:40:49 <Response [200]>
2021-07-18 14:40:49 <Response [200]>
2021-07-18 14:40:49 <Response [200]>
2021-07-18 14:40:49 <Response [200]>
2021-07-18 14:40:49 <Response [200]>
2021-07-18 14:40:49 <Response [200]>
2021-07-18 14:40:49 <Response [200]>
2021-07-18 14:40:49 <Response [200]>
2021-07-18 14:40:49 <Response [200]>
2021-07-18 14:40:49 <Response [200]>
2021-07-18 14:40:49 <Response [200]>
2021-07-18 14:40:49 <Response [200]>
2021-07-18 14:40:49 <Response [200]>
2021-07-18 14:40:49 <Response [200]>
2021-07-18 14:40:49 <Response [200]>
2021-07-18 14:40:49 <Response [200]>
2021-07-18 14:40:49 <Response [200]>
2021-07-18 14:40:49 <Response [200]>
2021-07-18 14:40:49 <Response [200]>
2021-07-18 14:40:49 <Response [200]>
2021-07-18 14:40:49 <Response [200]>
2021-07-18 14:40:49 <Response [200]>
2021-07-18 14:40:49 <Response [200]>
2021-07-18 14:40:49 <Response [200]>
2021-07-18 14:40:49 <Response [200]>
2021-07-18 14:40:49 <Response [200]>
2021-07-18 14:40:49 <Response [200]>
2021-07-18 14:40:49 <Response [200]>
2021-07-18 14:40:49 <Response [200]>
2021-07-18 14:40:49 <Response [200]>
2021-07-18 14:40:49 <Response [200]>
2021-07-18 14:40:49 <Response [200]>
2021-07-18 14:40:49 <Response [200]>
2021-07-18 14:40:49 <Response [200]>
2021-07-18 14:40:49 <Response [200]>
2021-07-18 14:40:49 <Response [200]>
2021-07-18 14:40:49 <Response [200]>
2021-07-18 14:40:49 <Response [200]>
2021-07-18 14:40:49 <Response [200]>
2021-07-18 14:40:49 <Response [200]>
2021-07-18 14:40:49 <Response [200]>
2021-07-18 14:40:49 <Response [200]>
2021-07-18 14:40:49 <Response [200]>
2021-07-18 14:40:49 <Response [200]>
2021-07-18 14:40:49 <Response [200]>
2021-07-18 14:40:49 <Response [200]>
2021-07-18 14:40:49 <Response [200]>
2021-07-18 14:40:49 <Response [200]>
2021-07-18 14:40:49 <Response [200]>
2021-07-18 14:40:49 <Response [200]>
2021-07-18 14:40:49 <Response [200]>
2021-07-18 14:40:49 <Response [200]>
2021-07-18 14:40:49 <Response [200]>
2021-07-18 14:40:49 <Response [200]>
2021-07-18 14:40:49 <Response [200]>
2021-07-18 14:40:49 <Response [200]>
2021-07-18 14:40:49 <Response [200]>
2021-07-18 14:40:49 <Response [200]>
2021-07-18 14:40:49 <Response [200]>
2021-07-18 14:40:49 <Response [200]>
2021-07-18 14:40:49 <Response [200]>
2021-07-18 14:40:49 <Response [200]>
2021-07-18 14:40:49 <Response [200]>
2021-07-18 14:40:49 <Response [200]>
2021-07-18 14:40:49 <Response [200]>
2021-07-18 14:40:49 <Response [200]>
2021-07-18 14:40:49 <Response [200]>
2021-07-18 14:40:49 <Response [200]>
2021-07-18 14:40:49 <Response [200]>
2021-07-18 14:40:49 <Response [200]>
2021-07-18 14:40:49 <Response [200]>
2021-07-18 14:40:49 <Response [200]>
2021-07-18 14:40:49 <Response [200]>
2021-07-18 14:40:49 <Response [200]>
2021-07-18 14:40:49 <Response [200]>
2021-07-18 14:40:49 <Response [200]>
2021-07-18 14:40:49 <Response [200]>
2021-07-18 14:40:49 <Response [200]>
2021-07-18 14:40:49 <Response [200]>
2021-07-18 14:40:49 <Response [200]>
2021-07-18 14:40:49 <Response [200]>
2021-07-18 14:40:49 <Response [200]>
2021-07-18 14:40:50 <Response [200]>
2021-07-18 14:40:50 <Response [200]>
2021-07-18 14:40:50 <Response [200]>
2021-07-18 14:40:50 <Response [200]>
2021-07-18 14:40:50 <Response [200]>
2021-07-18 14:40:50 <Response [200]>
2021-07-18 14:40:50 <Response [200]>
2021-07-18 14:40:50 <Response [200]>
2021-07-18 14:40:50 <Response [200]>
2021-07-18 14:40:50 <Response [200]>
2021-07-18 14:40:50 <Response [200]>
2021-07-18 14:40:50 <Response [200]>
2021-07-18 14:40:50 <Response [200]>
2021-07-18 14:40:50 <Response [200]>
2021-07-18 14:40:50 <Response [200]>
2021-07-18 14:40:50 <Response [200]>
2021-07-18 14:40:50 <Response [200]>
2021-07-18 14:40:50 <Response [200]>
2021-07-18 14:40:50 <Response [200]>
2021-07-18 14:40:50 <Response [200]>
2021-07-18 14:40:50 <Response [200]>
2021-07-18 14:40:50 <Response [200]>
2021-07-18 14:40:50 <Response [200]>
2021-07-18 14:40:50 <Response [200]>
2021-07-18 14:40:50 <Response [200]>
2021-07-18 14:40:50 <Response [200]>
2021-07-18 14:40:50 <Response [200]>
2021-07-18 14:40:50 <Response [200]>
2021-07-18 14:40:50 <Response [200]>
2021-07-18 14:40:50 <Response [200]>
2021-07-18 14:40:50 <Response [200]>
2021-07-18 14:40:50 <Response [200]>
2021-07-18 14:40:50 <Response [200]>
2021-07-18 14:40:50 <Response [200]>
2021-07-18 14:40:50 <Response [200]>
2021-07-18 14:40:50 <Response [200]>
2021-07-18 14:40:50 <Response [200]>
2021-07-18 14:40:50 <Response [200]>
2021-07-18 14:40:50 <Response [200]>
2021-07-18 14:40:50 <Response [200]>
2021-07-18 14:40:50 <Response [200]>
2021-07-18 14:40:50 <Response [200]>
2021-07-18 14:40:50 <Response [200]>
2021-07-18 14:40:50 <Response [200]>
2021-07-18 14:40:50 <Response [200]>
2021-07-18 14:40:50 <Response [200]>
2021-07-18 14:40:50 <Response [200]>
2021-07-18 14:40:50 <Response [200]>
2021-07-18 14:40:50 <Response [200]>
2021-07-18 14:40:50 <Response [200]>
2021-07-18 14:40:50 <Response [200]>
2021-07-18 14:40:50 <Response [200]>
2021-07-18 14:40:50 <Response [200]>
2021-07-18 14:40:50 <Response [200]>
2021-07-18 14:40:50 <Response [200]>
2021-07-18 14:40:50 <Response [200]>
2021-07-18 14:40:50 <Response [200]>
2021-07-18 14:40:50 <Response [200]>
2021-07-18 14:40:50 <Response [200]>
2021-07-18 14:40:50 <Response [200]>
2021-07-18 14:40:50 <Response [200]>
2021-07-18 14:40:50 <Response [200]>
2021-07-18 14:40:50 <Response [200]>
2021-07-18 14:40:50 <Response [200]>
2021-07-18 14:40:50 <Response [200]>
2021-07-18 14:40:50 <Response [200]>
2021-07-18 14:40:50 <Response [200]>
2021-07-18 14:40:50 <Response [200]>
2021-07-18 14:40:50 <Response [200]>
2021-07-18 14:40:50 <Response [200]>
2021-07-18 14:40:50 <Response [200]>
2021-07-18 14:40:50 <Response [200]>
2021-07-18 14:40:50 <Response [200]>
2021-07-18 14:40:50 <Response [200]>
2021-07-18 14:40:50 <Response [200]>
2021-07-18 14:40:50 <Response [200]>
2021-07-18 14:40:50 <Response [200]>
2021-07-18 14:40:50 <Response [200]>
2021-07-18 14:40:50 <Response [200]>
2021-07-18 14:40:50 <Response [200]>
2021-07-18 14:40:50 <Response [200]>
2021-07-18 14:40:50 <Response [200]>
2021-07-18 14:40:50 <Response [200]>
2021-07-18 14:40:50 <Response [200]>
2021-07-18 14:40:50 <Response [200]>
2021-07-18 14:40:50 <Response [200]>
2021-07-18 14:40:50 <Response [200]>
2021-07-18 14:40:50 <Response [200]>
2021-07-18 14:40:50 <Response [200]>
2021-07-18 14:40:50 <Response [200]>
2021-07-18 14:40:50 <Response [200]>
2021-07-18 14:40:50 <Response [200]>
2021-07-18 14:40:50 <Response [200]>
2021-07-18 14:40:50 <Response [200]>
2021-07-18 14:40:50 <Response [200]>
2021-07-18 14:40:50 <Response [200]>
2021-07-18 14:40:50 <Response [200]>
2021-07-18 14:40:51 <Response [200]>
2021-07-18 14:40:51 <Response [200]>
2021-07-18 14:40:51 <Response [200]>
2021-07-18 14:40:51 <Response [200]>
2021-07-18 14:40:51 <Response [200]>
2021-07-18 14:40:51 <Response [200]>
2021-07-18 14:40:51 <Response [200]>
2021-07-18 14:40:51 <Response [200]>
2021-07-18 14:40:51 <Response [200]>
2021-07-18 14:40:51 <Response [200]>
2021-07-18 14:40:51 <Response [200]>
2021-07-18 14:40:51 <Response [200]>
2021-07-18 14:40:51 <Response [200]>
2021-07-18 14:40:51 <Response [200]>
2021-07-18 14:40:51 <Response [200]>
2021-07-18 14:40:51 <Response [200]>
2021-07-18 14:40:51 <Response [200]>
2021-07-18 14:40:51 <Response [200]>
2021-07-18 14:40:51 <Response [200]>
2021-07-18 14:40:51 <Response [200]>
2021-07-18 14:40:51 <Response [200]>
2021-07-18 14:40:51 <Response [200]>
2021-07-18 14:40:51 <Response [200]>
2021-07-18 14:40:51 <Response [200]>
2021-07-18 14:40:51 <Response [200]>
2021-07-18 14:40:51 <Response [200]>
2021-07-18 14:40:51 <Response [200]>
2021-07-18 14:40:51 <Response [200]>
2021-07-18 14:40:51 <Response [200]>
2021-07-18 14:40:51 <Response [200]>
2021-07-18 14:40:51 <Response [200]>
2021-07-18 14:40:51 <Response [200]>
2021-07-18 14:40:51 <Response [200]>
2021-07-18 14:40:51 <Response [200]>
2021-07-18 14:40:51 <Response [200]>
2021-07-18 14:40:51 <Response [200]>
2021-07-18 14:40:51 <Response [200]>
2021-07-18 14:40:51 <Response [200]>
2021-07-18 14:40:51 <Response [200]>
2021-07-18 14:40:51 <Response [200]>
2021-07-18 14:40:51 <Response [200]>
2021-07-18 14:40:51 <Response [200]>
2021-07-18 14:40:51 <Response [200]>
2021-07-18 14:40:51 <Response [200]>
2021-07-18 14:40:51 <Response [200]>
2021-07-18 14:40:51 <Response [200]>
2021-07-18 14:40:51 <Response [200]>
2021-07-18 14:40:51 <Response [200]>
2021-07-18 14:40:51 <Response [200]>
2021-07-18 14:40:51 <Response [200]>
2021-07-18 14:40:51 <Response [200]>
2021-07-18 14:40:51 <Response [200]>
2021-07-18 14:40:51 <Response [200]>
2021-07-18 14:40:51 <Response [200]>
2021-07-18 14:40:51 <Response [200]>
2021-07-18 14:40:51 <Response [200]>
2021-07-18 14:40:51 <Response [200]>
2021-07-18 14:40:51 <Response [200]>
2021-07-18 14:40:51 <Response [200]>
2021-07-18 14:40:51 <Response [200]>
2021-07-18 14:40:51 <Response [200]>
2021-07-18 14:40:51 <Response [200]>
2021-07-18 14:40:51 <Response [200]>
2021-07-18 14:40:51 <Response [200]>
2021-07-18 14:40:51 <Response [200]>
2021-07-18 14:40:51 <Response [200]>
2021-07-18 14:40:51 <Response [200]>
2021-07-18 14:40:51 <Response [200]>
2021-07-18 14:40:51 <Response [200]>
2021-07-18 14:40:51 <Response [200]>
2021-07-18 14:40:51 <Response [200]>
2021-07-18 14:40:51 <Response [200]>
2021-07-18 14:40:51 <Response [200]>
2021-07-18 14:40:51 <Response [200]>
2021-07-18 14:40:51 <Response [200]>
2021-07-18 14:40:51 <Response [200]>
2021-07-18 14:40:51 <Response [200]>
2021-07-18 14:40:51 <Response [200]>
2021-07-18 14:40:51 <Response [200]>
2021-07-18 14:40:51 <Response [200]>
2021-07-18 14:40:51 <Response [200]>
2021-07-18 14:40:51 <Response [200]>
2021-07-18 14:40:51 <Response [200]>
2021-07-18 14:40:51 <Response [200]>
2021-07-18 14:40:51 <Response [200]>
2021-07-18 14:40:51 <Response [200]>
2021-07-18 14:40:51 <Response [200]>
2021-07-18 14:40:52 <Response [200]>
2021-07-18 14:40:51 <Response [200]>
2021-07-18 14:40:51 <Response [200]>
2021-07-18 14:40:52 <Response [200]>
2021-07-18 14:40:52 <Response [200]>
2021-07-18 14:40:52 <Response [200]>
2021-07-18 14:40:52 <Response [200]>
2021-07-18 14:40:52 <Response [200]>
2021-07-18 14:40:52 <Response [200]>
2021-07-18 14:40:52 <Response [200]>
2021-07-18 14:40:52 <Response [200]>
2021-07-18 14:40:52 <Response [200]>
2021-07-18 14:40:52 <Response [200]>
2021-07-18 14:40:52 <Response [200]>
2021-07-18 14:40:52 <Response [200]>
2021-07-18 14:40:52 <Response [200]>
2021-07-18 14:40:52 <Response [200]>
2021-07-18 14:40:52 <Response [200]>
2021-07-18 14:40:52 <Response [200]>
2021-07-18 14:40:52 <Response [200]>
2021-07-18 14:40:52 <Response [200]>
2021-07-18 14:40:52 <Response [200]>
2021-07-18 14:40:52 <Response [200]>
2021-07-18 14:40:52 <Response [200]>
2021-07-18 14:40:52 <Response [200]>
2021-07-18 14:40:52 <Response [200]>
2021-07-18 14:40:52 <Response [200]>
2021-07-18 14:40:52 <Response [200]>
2021-07-18 14:40:52 <Response [200]>
2021-07-18 14:40:52 <Response [200]>
2021-07-18 14:40:52 <Response [200]>
2021-07-18 14:40:52 <Response [200]>
2021-07-18 14:40:52 <Response [200]>
2021-07-18 14:40:52 <Response [200]>
2021-07-18 14:40:52 <Response [200]>
2021-07-18 14:40:52 <Response [200]>
2021-07-18 14:40:52 <Response [200]>
2021-07-18 14:40:52 <Response [200]>
2021-07-18 14:40:52 <Response [200]>
2021-07-18 14:40:52 <Response [200]>
2021-07-18 14:40:52 <Response [200]>
2021-07-18 14:40:52 <Response [200]>
2021-07-18 14:40:52 <Response [200]>
2021-07-18 14:40:52 <Response [200]>
2021-07-18 14:40:52 <Response [200]>
2021-07-18 14:40:52 <Response [200]>
2021-07-18 14:40:52 <Response [200]>
2021-07-18 14:40:52 <Response [200]>
2021-07-18 14:40:52 <Response [200]>
2021-07-18 14:40:52 <Response [200]>
2021-07-18 14:40:52 <Response [200]>
2021-07-18 14:40:52 <Response [200]>
2021-07-18 14:40:52 <Response [200]>
2021-07-18 14:40:52 <Response [200]>
2021-07-18 14:40:52 <Response [200]>
2021-07-18 14:40:52 <Response [200]>
2021-07-18 14:40:52 <Response [200]>
2021-07-18 14:40:52 <Response [200]>
2021-07-18 14:40:52 <Response [200]>
2021-07-18 14:40:52 <Response [200]>
2021-07-18 14:40:52 <Response [200]>
2021-07-18 14:40:52 <Response [200]>
2021-07-18 14:40:52 <Response [200]>
2021-07-18 14:40:52 <Response [200]>
2021-07-18 14:40:52 <Response [200]>
2021-07-18 14:40:52 <Response [200]>
2021-07-18 14:40:52 <Response [200]>
2021-07-18 14:40:52 <Response [200]>
2021-07-18 14:40:52 <Response [200]>
2021-07-18 14:40:52 <Response [200]>
2021-07-18 14:40:52 <Response [200]>
2021-07-18 14:40:52 <Response [200]>
2021-07-18 14:40:52 <Response [200]>
2021-07-18 14:40:52 <Response [200]>
2021-07-18 14:40:52 <Response [200]>
2021-07-18 14:40:52 <Response [200]>
2021-07-18 14:40:52 <Response [200]>
2021-07-18 14:40:52 <Response [200]>
2021-07-18 14:40:52 <Response [200]>
2021-07-18 14:40:52 <Response [200]>
2021-07-18 14:40:52 <Response [200]>
2021-07-18 14:40:52 <Response [200]>
2021-07-18 14:40:52 <Response [200]>
2021-07-18 14:40:52 <Response [200]>
2021-07-18 14:40:52 <Response [200]>
2021-07-18 14:40:52 <Response [200]>
2021-07-18 14:40:52 <Response [200]>
2021-07-18 14:40:52 <Response [200]>
2021-07-18 14:40:52 <Response [200]>
2021-07-18 14:40:52 <Response [200]>
2021-07-18 14:40:52 <Response [200]>
2021-07-18 14:40:52 <Response [200]>
2021-07-18 14:40:52 <Response [200]>
2021-07-18 14:40:53 <Response [200]>
2021-07-18 14:40:53 <Response [200]>
2021-07-18 14:40:53 <Response [200]>
2021-07-18 14:40:53 <Response [200]>
2021-07-18 14:40:53 <Response [200]>
2021-07-18 14:40:53 <Response [200]>
2021-07-18 14:40:53 <Response [200]>
2021-07-18 14:40:53 <Response [200]>
2021-07-18 14:40:53 <Response [200]>
2021-07-18 14:40:53 <Response [200]>
2021-07-18 14:40:53 <Response [200]>
2021-07-18 14:40:53 <Response [200]>
2021-07-18 14:40:53 <Response [200]>
2021-07-18 14:40:53 <Response [200]>
2021-07-18 14:40:53 <Response [200]>
2021-07-18 14:40:53 <Response [200]>
2021-07-18 14:40:53 <Response [200]>
2021-07-18 14:40:53 <Response [200]>
2021-07-18 14:40:53 <Response [200]>
2021-07-18 14:40:53 <Response [200]>
2021-07-18 14:40:53 <Response [200]>
2021-07-18 14:40:53 <Response [200]>
2021-07-18 14:40:53 <Response [200]>
2021-07-18 14:40:53 <Response [200]>
2021-07-18 14:40:53 <Response [200]>
2021-07-18 14:40:53 <Response [200]>
2021-07-18 14:40:53 <Response [200]>
2021-07-18 14:40:53 <Response [200]>
2021-07-18 14:40:53 <Response [200]>
2021-07-18 14:40:53 <Response [200]>
2021-07-18 14:40:53 <Response [200]>
2021-07-18 14:40:53 <Response [200]>
2021-07-18 14:40:53 <Response [200]>
2021-07-18 14:40:53 <Response [200]>
2021-07-18 14:40:53 <Response [200]>
2021-07-18 14:40:53 <Response [200]>
2021-07-18 14:40:53 <Response [200]>
2021-07-18 14:40:53 <Response [200]>
2021-07-18 14:40:53 <Response [200]>
2021-07-18 14:40:53 <Response [200]>
2021-07-18 14:40:53 <Response [200]>
2021-07-18 14:40:53 <Response [200]>
2021-07-18 14:40:53 <Response [200]>
2021-07-18 14:40:53 <Response [200]>
2021-07-18 14:40:53 <Response [200]>
2021-07-18 14:40:53 <Response [200]>
2021-07-18 14:40:53 <Response [200]>
2021-07-18 14:40:53 <Response [200]>
2021-07-18 14:40:53 <Response [200]>
2021-07-18 14:40:53 <Response [200]>
2021-07-18 14:40:53 <Response [200]>
2021-07-18 14:40:53 <Response [200]>
2021-07-18 14:40:53 <Response [200]>
2021-07-18 14:40:53 <Response [200]>
2021-07-18 14:40:53 <Response [200]>
2021-07-18 14:40:53 <Response [200]>
2021-07-18 14:40:53 <Response [200]>
2021-07-18 14:40:53 <Response [200]>
2021-07-18 14:40:53 <Response [200]>
2021-07-18 14:40:53 <Response [200]>
2021-07-18 14:40:53 <Response [200]>
2021-07-18 14:40:53 <Response [200]>
2021-07-18 14:40:53 <Response [200]>
2021-07-18 14:40:53 <Response [200]>
2021-07-18 14:40:53 <Response [200]>
2021-07-18 14:40:53 <Response [200]>
2021-07-18 14:40:53 <Response [200]>
2021-07-18 14:40:53 <Response [200]>
2021-07-18 14:40:53 <Response [200]>
2021-07-18 14:40:53 <Response [200]>
2021-07-18 14:40:53 <Response [200]>
2021-07-18 14:40:53 <Response [200]>
2021-07-18 14:40:53 <Response [200]>
2021-07-18 14:40:53 <Response [200]>
2021-07-18 14:40:53 <Response [200]>
2021-07-18 14:40:53 <Response [200]>
2021-07-18 14:40:53 <Response [200]>
2021-07-18 14:40:53 <Response [200]>
2021-07-18 14:40:53 <Response [200]>
2021-07-18 14:40:53 <Response [200]>
2021-07-18 14:40:53 <Response [200]>
2021-07-18 14:40:53 <Response [200]>
2021-07-18 14:40:53 <Response [200]>
2021-07-18 14:40:53 <Response [200]>
2021-07-18 14:40:53 <Response [200]>
2021-07-18 14:40:53 <Response [200]>
2021-07-18 14:40:53 <Response [200]>
2021-07-18 14:40:53 <Response [200]>
2021-07-18 14:40:53 <Response [200]>
2021-07-18 14:40:53 <Response [200]>
2021-07-18 14:40:53 <Response [200]>
2021-07-18 14:40:53 <Response [200]>
2021-07-18 14:40:53 <Response [200]>
2021-07-18 14:40:54 <Response [200]>
2021-07-18 14:40:54 <Response [200]>
2021-07-18 14:40:54 <Response [200]>
2021-07-18 14:40:54 <Response [200]>
2021-07-18 14:40:54 <Response [200]>
2021-07-18 14:40:54 <Response [200]>
2021-07-18 14:40:54 <Response [200]>
2021-07-18 14:40:54 <Response [200]>
2021-07-18 14:40:54 <Response [200]>
2021-07-18 14:40:54 <Response [200]>
2021-07-18 14:40:54 <Response [200]>
2021-07-18 14:40:54 <Response [200]>
2021-07-18 14:40:54 <Response [200]>
2021-07-18 14:40:54 <Response [200]>
2021-07-18 14:40:54 <Response [200]>
2021-07-18 14:40:54 <Response [200]>
2021-07-18 14:40:54 <Response [200]>
2021-07-18 14:40:54 <Response [200]>
2021-07-18 14:40:54 <Response [200]>
2021-07-18 14:40:54 <Response [200]>
2021-07-18 14:40:54 <Response [200]>
2021-07-18 14:40:54 <Response [200]>
2021-07-18 14:40:54 <Response [200]>
2021-07-18 14:40:54 <Response [200]>
2021-07-18 14:40:54 <Response [200]>
2021-07-18 14:40:54 <Response [200]>
2021-07-18 14:40:54 <Response [200]>
2021-07-18 14:40:54 <Response [200]>
2021-07-18 14:40:54 <Response [200]>
2021-07-18 14:40:54 <Response [200]>
2021-07-18 14:40:54 <Response [200]>
2021-07-18 14:40:54 <Response [200]>
2021-07-18 14:40:54 <Response [200]>
2021-07-18 14:40:54 <Response [200]>
2021-07-18 14:40:54 <Response [200]>
2021-07-18 14:40:54 <Response [200]>
2021-07-18 14:40:54 <Response [200]>
2021-07-18 14:40:54 <Response [200]>
2021-07-18 14:40:54 <Response [200]>
2021-07-18 14:40:54 <Response [200]>
2021-07-18 14:40:54 <Response [200]>
2021-07-18 14:40:54 Time: 10.812131881713867
